[2.018s] Invoking command in '/home/agrobot/ros2_ws/src/agrobot_nav': AMENT_PREFIX_PATH=/home/agrobot/ros2_ws/install/tutorial_interfaces:${AMENT_PREFIX_PATH} CMAKE_PREFIX_PATH=/home/agrobot/ros2_ws/install/tutorial_interfaces:${CMAKE_PREFIX_PATH} LD_LIBRARY_PATH=/home/agrobot/ros2_ws/install/tutorial_interfaces/lib:${LD_LIBRARY_PATH} PYTHONPATH=/home/agrobot/ros2_ws/build/agrobot_nav/prefix_override:/usr/lib/python3/dist-packages/colcon_core/task/python/colcon_distutils_commands:/home/agrobot/ros2_ws/install/agrobot_nav/lib/python3.12/site-packages:/home/agrobot/ros2_ws/install/tutorial_interfaces/lib/python3.12/site-packages:${PYTHONPATH} /usr/bin/python3 -W ignore:setup.py install is deprecated -W ignore:easy_install command is deprecated setup.py egg_info --egg-base ../../build/agrobot_nav build --build-base /home/agrobot/ros2_ws/build/agrobot_nav/build install --record /home/agrobot/ros2_ws/build/agrobot_nav/install.log --single-version-externally-managed install_data
[2.435s] running egg_info
[2.459s] writing ../../build/agrobot_nav/agrobot_nav.egg-info/PKG-INFO
[2.459s] writing dependency_links to ../../build/agrobot_nav/agrobot_nav.egg-info/dependency_links.txt
[2.461s] writing entry points to ../../build/agrobot_nav/agrobot_nav.egg-info/entry_points.txt
[2.461s] writing requirements to ../../build/agrobot_nav/agrobot_nav.egg-info/requires.txt
[2.462s] writing top-level names to ../../build/agrobot_nav/agrobot_nav.egg-info/top_level.txt
[2.506s] reading manifest file '../../build/agrobot_nav/agrobot_nav.egg-info/SOURCES.txt'
[2.507s] adding license file 'LICENSE'
[2.508s] writing manifest file '../../build/agrobot_nav/agrobot_nav.egg-info/SOURCES.txt'
[2.509s] running build
[2.509s] running build_py
[2.509s] copying agrobot_nav/nav_state_machine.py -> /home/agrobot/ros2_ws/build/agrobot_nav/build/lib/agrobot_nav
[2.511s] running install
[2.521s] running install_lib
[2.550s] copying /home/agrobot/ros2_ws/build/agrobot_nav/build/lib/agrobot_nav/nav_state_machine.py -> /home/agrobot/ros2_ws/install/agrobot_nav/lib/python3.12/site-packages/agrobot_nav
[2.554s] byte-compiling /home/agrobot/ros2_ws/install/agrobot_nav/lib/python3.12/site-packages/agrobot_nav/nav_state_machine.py to nav_state_machine.cpython-312.pyc
[2.555s] running install_data
[2.556s] running install_egg_info
[2.582s] removing '/home/agrobot/ros2_ws/install/agrobot_nav/lib/python3.12/site-packages/agrobot_nav-0.0.0-py3.12.egg-info' (and everything under it)
[2.584s] Copying ../../build/agrobot_nav/agrobot_nav.egg-info to /home/agrobot/ros2_ws/install/agrobot_nav/lib/python3.12/site-packages/agrobot_nav-0.0.0-py3.12.egg-info
[2.586s] running install_scripts
[2.746s] Installing camera script to /home/agrobot/ros2_ws/install/agrobot_nav/lib/agrobot_nav
[2.746s] Installing drive_control script to /home/agrobot/ros2_ws/install/agrobot_nav/lib/agrobot_nav
[2.748s] Installing input script to /home/agrobot/ros2_ws/install/agrobot_nav/lib/agrobot_nav
[2.749s] Installing nav script to /home/agrobot/ros2_ws/install/agrobot_nav/lib/agrobot_nav
[2.750s] Installing tof_sensor script to /home/agrobot/ros2_ws/install/agrobot_nav/lib/agrobot_nav
[2.752s] writing list of installed files to '/home/agrobot/ros2_ws/build/agrobot_nav/install.log'
[2.876s] Invoked command in '/home/agrobot/ros2_ws/src/agrobot_nav' returned '0': AMENT_PREFIX_PATH=/home/agrobot/ros2_ws/install/tutorial_interfaces:${AMENT_PREFIX_PATH} CMAKE_PREFIX_PATH=/home/agrobot/ros2_ws/install/tutorial_interfaces:${CMAKE_PREFIX_PATH} LD_LIBRARY_PATH=/home/agrobot/ros2_ws/install/tutorial_interfaces/lib:${LD_LIBRARY_PATH} PYTHONPATH=/home/agrobot/ros2_ws/build/agrobot_nav/prefix_override:/usr/lib/python3/dist-packages/colcon_core/task/python/colcon_distutils_commands:/home/agrobot/ros2_ws/install/agrobot_nav/lib/python3.12/site-packages:/home/agrobot/ros2_ws/install/tutorial_interfaces/lib/python3.12/site-packages:${PYTHONPATH} /usr/bin/python3 -W ignore:setup.py install is deprecated -W ignore:easy_install command is deprecated setup.py egg_info --egg-base ../../build/agrobot_nav build --build-base /home/agrobot/ros2_ws/build/agrobot_nav/build install --record /home/agrobot/ros2_ws/build/agrobot_nav/install.log --single-version-externally-managed install_data
