[1.412s] Invoking command in '/home/agrobot/ros2_ws/build/agrobot_actuation': AMENT_PREFIX_PATH=/home/agrobot/ros2_ws/install/agrobot_interfaces:${AMENT_PREFIX_PATH} CMAKE_PREFIX_PATH=/home/agrobot/ros2_ws/install/agrobot_interfaces:${CMAKE_PREFIX_PATH} LD_LIBRARY_PATH=/home/agrobot/ros2_ws/install/agrobot_interfaces/lib:${LD_LIBRARY_PATH} PYTHONPATH=/home/agrobot/ros2_ws/build/agrobot_actuation/prefix_override:/usr/lib/python3/dist-packages/colcon_core/task/python/colcon_distutils_commands:/home/agrobot/ros2_ws/install/agrobot_actuation/lib/python3.12/site-packages:/home/agrobot/ros2_ws/install/agrobot_interfaces/lib/python3.12/site-packages:${PYTHONPATH} /usr/bin/python3 -W ignore:setup.py install is deprecated -W ignore:easy_install command is deprecated setup.py develop --uninstall --editable --build-directory /home/agrobot/ros2_ws/build/agrobot_actuation/build
[1.779s] running develop
[2.031s] Removing /home/agrobot/ros2_ws/install/agrobot_actuation/lib/python3.12/site-packages/agrobot-actuation.egg-link (link to .)
[2.132s] Invoked command in '/home/agrobot/ros2_ws/build/agrobot_actuation' returned '0': AMENT_PREFIX_PATH=/home/agrobot/ros2_ws/install/agrobot_interfaces:${AMENT_PREFIX_PATH} CMAKE_PREFIX_PATH=/home/agrobot/ros2_ws/install/agrobot_interfaces:${CMAKE_PREFIX_PATH} LD_LIBRARY_PATH=/home/agrobot/ros2_ws/install/agrobot_interfaces/lib:${LD_LIBRARY_PATH} PYTHONPATH=/home/agrobot/ros2_ws/build/agrobot_actuation/prefix_override:/usr/lib/python3/dist-packages/colcon_core/task/python/colcon_distutils_commands:/home/agrobot/ros2_ws/install/agrobot_actuation/lib/python3.12/site-packages:/home/agrobot/ros2_ws/install/agrobot_interfaces/lib/python3.12/site-packages:${PYTHONPATH} /usr/bin/python3 -W ignore:setup.py install is deprecated -W ignore:easy_install command is deprecated setup.py develop --uninstall --editable --build-directory /home/agrobot/ros2_ws/build/agrobot_actuation/build
[2.134s] Invoking command in '/home/agrobot/ros2_ws/src/agrobot_actuation': AMENT_PREFIX_PATH=/home/agrobot/ros2_ws/install/agrobot_interfaces:${AMENT_PREFIX_PATH} CMAKE_PREFIX_PATH=/home/agrobot/ros2_ws/install/agrobot_interfaces:${CMAKE_PREFIX_PATH} LD_LIBRARY_PATH=/home/agrobot/ros2_ws/install/agrobot_interfaces/lib:${LD_LIBRARY_PATH} PYTHONPATH=/home/agrobot/ros2_ws/build/agrobot_actuation/prefix_override:/usr/lib/python3/dist-packages/colcon_core/task/python/colcon_distutils_commands:/home/agrobot/ros2_ws/install/agrobot_actuation/lib/python3.12/site-packages:/home/agrobot/ros2_ws/install/agrobot_interfaces/lib/python3.12/site-packages:${PYTHONPATH} /usr/bin/python3 -W ignore:setup.py install is deprecated -W ignore:easy_install command is deprecated setup.py egg_info --egg-base ../../build/agrobot_actuation build --build-base /home/agrobot/ros2_ws/build/agrobot_actuation/build install --record /home/agrobot/ros2_ws/build/agrobot_actuation/install.log --single-version-externally-managed install_data --force
[2.450s] running egg_info
[2.469s] writing ../../build/agrobot_actuation/agrobot_actuation.egg-info/PKG-INFO
[2.470s] writing dependency_links to ../../build/agrobot_actuation/agrobot_actuation.egg-info/dependency_links.txt
[2.471s] writing entry points to ../../build/agrobot_actuation/agrobot_actuation.egg-info/entry_points.txt
[2.471s] writing requirements to ../../build/agrobot_actuation/agrobot_actuation.egg-info/requires.txt
[2.472s] writing top-level names to ../../build/agrobot_actuation/agrobot_actuation.egg-info/top_level.txt
[2.514s] reading manifest file '../../build/agrobot_actuation/agrobot_actuation.egg-info/SOURCES.txt'
[2.515s] adding license file 'LICENSE'
[2.516s] writing manifest file '../../build/agrobot_actuation/agrobot_actuation.egg-info/SOURCES.txt'
[2.516s] running build
[2.517s] running build_py
[2.518s] copying agrobot_actuation/beam_break_remove.py -> /home/agrobot/ros2_ws/build/agrobot_actuation/build/lib/agrobot_actuation
[2.519s] copying agrobot_actuation/seed.py -> /home/agrobot/ros2_ws/build/agrobot_actuation/build/lib/agrobot_actuation
[2.519s] running install
[2.529s] running install_lib
[2.550s] creating /home/agrobot/ros2_ws/install/agrobot_actuation/lib/python3.12/site-packages/agrobot_actuation
[2.550s] copying /home/agrobot/ros2_ws/build/agrobot_actuation/build/lib/agrobot_actuation/button_client.py -> /home/agrobot/ros2_ws/install/agrobot_actuation/lib/python3.12/site-packages/agrobot_actuation
[2.551s] copying /home/agrobot/ros2_ws/build/agrobot_actuation/build/lib/agrobot_actuation/py.typed -> /home/agrobot/ros2_ws/install/agrobot_actuation/lib/python3.12/site-packages/agrobot_actuation
[2.551s] copying /home/agrobot/ros2_ws/build/agrobot_actuation/build/lib/agrobot_actuation/remove.py -> /home/agrobot/ros2_ws/install/agrobot_actuation/lib/python3.12/site-packages/agrobot_actuation
[2.552s] copying /home/agrobot/ros2_ws/build/agrobot_actuation/build/lib/agrobot_actuation/beam_break_remove.py -> /home/agrobot/ros2_ws/install/agrobot_actuation/lib/python3.12/site-packages/agrobot_actuation
[2.552s] copying /home/agrobot/ros2_ws/build/agrobot_actuation/build/lib/agrobot_actuation/__init__.py -> /home/agrobot/ros2_ws/install/agrobot_actuation/lib/python3.12/site-packages/agrobot_actuation
[2.552s] copying /home/agrobot/ros2_ws/build/agrobot_actuation/build/lib/agrobot_actuation/seed.py -> /home/agrobot/ros2_ws/install/agrobot_actuation/lib/python3.12/site-packages/agrobot_actuation
[2.553s] byte-compiling /home/agrobot/ros2_ws/install/agrobot_actuation/lib/python3.12/site-packages/agrobot_actuation/button_client.py to button_client.cpython-312.pyc
[2.554s] byte-compiling /home/agrobot/ros2_ws/install/agrobot_actuation/lib/python3.12/site-packages/agrobot_actuation/remove.py to remove.cpython-312.pyc
[2.555s] byte-compiling /home/agrobot/ros2_ws/install/agrobot_actuation/lib/python3.12/site-packages/agrobot_actuation/beam_break_remove.py to beam_break_remove.cpython-312.pyc
[2.556s] byte-compiling /home/agrobot/ros2_ws/install/agrobot_actuation/lib/python3.12/site-packages/agrobot_actuation/__init__.py to __init__.cpython-312.pyc
[2.556s] byte-compiling /home/agrobot/ros2_ws/install/agrobot_actuation/lib/python3.12/site-packages/agrobot_actuation/seed.py to seed.cpython-312.pyc
[2.557s] running install_data
[2.558s] copying resource/agrobot_actuation -> /home/agrobot/ros2_ws/install/agrobot_actuation/share/ament_index/resource_index/packages
[2.559s] copying package.xml -> /home/agrobot/ros2_ws/install/agrobot_actuation/share/agrobot_actuation
[2.559s] running install_egg_info
[2.582s] Copying ../../build/agrobot_actuation/agrobot_actuation.egg-info to /home/agrobot/ros2_ws/install/agrobot_actuation/lib/python3.12/site-packages/agrobot_actuation-0.0.0-py3.12.egg-info
[2.584s] running install_scripts
[2.733s] Installing beam_break_remove script to /home/agrobot/ros2_ws/install/agrobot_actuation/lib/agrobot_actuation
[2.733s] Installing button_client script to /home/agrobot/ros2_ws/install/agrobot_actuation/lib/agrobot_actuation
[2.733s] Installing remove script to /home/agrobot/ros2_ws/install/agrobot_actuation/lib/agrobot_actuation
[2.735s] Installing seed script to /home/agrobot/ros2_ws/install/agrobot_actuation/lib/agrobot_actuation
[2.736s] writing list of installed files to '/home/agrobot/ros2_ws/build/agrobot_actuation/install.log'
[2.825s] Invoked command in '/home/agrobot/ros2_ws/src/agrobot_actuation' returned '0': AMENT_PREFIX_PATH=/home/agrobot/ros2_ws/install/agrobot_interfaces:${AMENT_PREFIX_PATH} CMAKE_PREFIX_PATH=/home/agrobot/ros2_ws/install/agrobot_interfaces:${CMAKE_PREFIX_PATH} LD_LIBRARY_PATH=/home/agrobot/ros2_ws/install/agrobot_interfaces/lib:${LD_LIBRARY_PATH} PYTHONPATH=/home/agrobot/ros2_ws/build/agrobot_actuation/prefix_override:/usr/lib/python3/dist-packages/colcon_core/task/python/colcon_distutils_commands:/home/agrobot/ros2_ws/install/agrobot_actuation/lib/python3.12/site-packages:/home/agrobot/ros2_ws/install/agrobot_interfaces/lib/python3.12/site-packages:${PYTHONPATH} /usr/bin/python3 -W ignore:setup.py install is deprecated -W ignore:easy_install command is deprecated setup.py egg_info --egg-base ../../build/agrobot_actuation build --build-base /home/agrobot/ros2_ws/build/agrobot_actuation/build install --record /home/agrobot/ros2_ws/build/agrobot_actuation/install.log --single-version-externally-managed install_data --force
