[1.107s] Invoking command in '/home/agrobot/ros2_ws/src/agrobot_actuation': CMAKE_PREFIX_PATH=/home/agrobot/ros2_ws/install/agrobot_interfaces:/home/agrobot/ros2_ws/install/tutorial_interfaces:/home/agrobot/ros2_ws/install/basicmicro_ros2:/opt/ros/kilted/opt/sdformat_vendor:/opt/ros/kilted/opt/gz_math_vendor:/opt/ros/kilted/opt/gz_utils_vendor:/opt/ros/kilted/opt/gz_tools_vendor:/opt/ros/kilted/opt/gz_cmake_vendor LD_LIBRARY_PATH=/home/agrobot/ros2_ws/install/agrobot_interfaces/lib:/home/agrobot/ros2_ws/install/tutorial_interfaces/lib:/home/agrobot/ros2_ws/install/basicmicro_ros2/lib:/opt/ros/kilted/opt/sdformat_vendor/lib:/opt/ros/kilted/opt/gz_math_vendor/lib:/opt/ros/kilted/opt/gz_utils_vendor/lib:/opt/ros/kilted/lib/aarch64-linux-gnu:/opt/ros/kilted/opt/gz_tools_vendor/lib:/opt/ros/kilted/opt/gz_cmake_vendor/lib:/opt/ros/kilted/lib PYTHONPATH=/home/agrobot/ros2_ws/build/agrobot_actuation/prefix_override:/usr/lib/python3/dist-packages/colcon_core/task/python/colcon_distutils_commands:/home/agrobot/ros2_ws/install/agrobot_actuation/lib/python3.12/site-packages:/home/agrobot/ros2_ws/install/agrobot_interfaces/lib/python3.12/site-packages:/home/agrobot/ros2_ws/install/agrobot_nav/lib/python3.12/site-packages:/home/agrobot/ros2_ws/install/tutorial_interfaces/lib/python3.12/site-packages:/home/agrobot/ros2_ws/install/basicmicro_ros2/lib/python3.12/site-packages:/home/agrobot/ros2_ws/install/agrobot_actuation/lib/python3.12/site-packages:/home/agrobot/ros2_ws/install/agrobot_detect/lib/python3.12/site-packages:/opt/ros/kilted/lib/python3.12/site-packages /usr/bin/python3 -W ignore:setup.py install is deprecated -W ignore:easy_install command is deprecated setup.py egg_info --egg-base ../../build/agrobot_actuation build --build-base /home/agrobot/ros2_ws/build/agrobot_actuation/build install --record /home/agrobot/ros2_ws/build/agrobot_actuation/install.log --single-version-externally-managed install_data
[1.428s] running egg_info
[1.448s] writing ../../build/agrobot_actuation/agrobot_actuation.egg-info/PKG-INFO
[1.448s] writing dependency_links to ../../build/agrobot_actuation/agrobot_actuation.egg-info/dependency_links.txt
[1.450s] writing entry points to ../../build/agrobot_actuation/agrobot_actuation.egg-info/entry_points.txt
[1.450s] writing requirements to ../../build/agrobot_actuation/agrobot_actuation.egg-info/requires.txt
[1.450s] writing top-level names to ../../build/agrobot_actuation/agrobot_actuation.egg-info/top_level.txt
[1.493s] reading manifest file '../../build/agrobot_actuation/agrobot_actuation.egg-info/SOURCES.txt'
[1.494s] adding license file 'LICENSE'
[1.495s] writing manifest file '../../build/agrobot_actuation/agrobot_actuation.egg-info/SOURCES.txt'
[1.495s] running build
[1.495s] running build_py
[1.495s] copying agrobot_actuation/seed.py -> /home/agrobot/ros2_ws/build/agrobot_actuation/build/lib/agrobot_actuation
[1.496s] running install
[1.505s] running install_lib
[1.526s] copying /home/agrobot/ros2_ws/build/agrobot_actuation/build/lib/agrobot_actuation/seed.py -> /home/agrobot/ros2_ws/install/agrobot_actuation/lib/python3.12/site-packages/agrobot_actuation
[1.527s] byte-compiling /home/agrobot/ros2_ws/install/agrobot_actuation/lib/python3.12/site-packages/agrobot_actuation/seed.py to seed.cpython-312.pyc
[1.529s] running install_data
[1.529s] running install_egg_info
[1.552s] removing '/home/agrobot/ros2_ws/install/agrobot_actuation/lib/python3.12/site-packages/agrobot_actuation-0.0.0-py3.12.egg-info' (and everything under it)
[1.552s] Copying ../../build/agrobot_actuation/agrobot_actuation.egg-info to /home/agrobot/ros2_ws/install/agrobot_actuation/lib/python3.12/site-packages/agrobot_actuation-0.0.0-py3.12.egg-info
[1.553s] running install_scripts
[1.703s] Installing beam_break_remove script to /home/agrobot/ros2_ws/install/agrobot_actuation/lib/agrobot_actuation
[1.704s] Installing button_client script to /home/agrobot/ros2_ws/install/agrobot_actuation/lib/agrobot_actuation
[1.705s] Installing remove script to /home/agrobot/ros2_ws/install/agrobot_actuation/lib/agrobot_actuation
[1.706s] Installing seed script to /home/agrobot/ros2_ws/install/agrobot_actuation/lib/agrobot_actuation
[1.707s] writing list of installed files to '/home/agrobot/ros2_ws/build/agrobot_actuation/install.log'
[1.796s] Invoked command in '/home/agrobot/ros2_ws/src/agrobot_actuation' returned '0': CMAKE_PREFIX_PATH=/home/agrobot/ros2_ws/install/agrobot_interfaces:/home/agrobot/ros2_ws/install/tutorial_interfaces:/home/agrobot/ros2_ws/install/basicmicro_ros2:/opt/ros/kilted/opt/sdformat_vendor:/opt/ros/kilted/opt/gz_math_vendor:/opt/ros/kilted/opt/gz_utils_vendor:/opt/ros/kilted/opt/gz_tools_vendor:/opt/ros/kilted/opt/gz_cmake_vendor LD_LIBRARY_PATH=/home/agrobot/ros2_ws/install/agrobot_interfaces/lib:/home/agrobot/ros2_ws/install/tutorial_interfaces/lib:/home/agrobot/ros2_ws/install/basicmicro_ros2/lib:/opt/ros/kilted/opt/sdformat_vendor/lib:/opt/ros/kilted/opt/gz_math_vendor/lib:/opt/ros/kilted/opt/gz_utils_vendor/lib:/opt/ros/kilted/lib/aarch64-linux-gnu:/opt/ros/kilted/opt/gz_tools_vendor/lib:/opt/ros/kilted/opt/gz_cmake_vendor/lib:/opt/ros/kilted/lib PYTHONPATH=/home/agrobot/ros2_ws/build/agrobot_actuation/prefix_override:/usr/lib/python3/dist-packages/colcon_core/task/python/colcon_distutils_commands:/home/agrobot/ros2_ws/install/agrobot_actuation/lib/python3.12/site-packages:/home/agrobot/ros2_ws/install/agrobot_interfaces/lib/python3.12/site-packages:/home/agrobot/ros2_ws/install/agrobot_nav/lib/python3.12/site-packages:/home/agrobot/ros2_ws/install/tutorial_interfaces/lib/python3.12/site-packages:/home/agrobot/ros2_ws/install/basicmicro_ros2/lib/python3.12/site-packages:/home/agrobot/ros2_ws/install/agrobot_actuation/lib/python3.12/site-packages:/home/agrobot/ros2_ws/install/agrobot_detect/lib/python3.12/site-packages:/opt/ros/kilted/lib/python3.12/site-packages /usr/bin/python3 -W ignore:setup.py install is deprecated -W ignore:easy_install command is deprecated setup.py egg_info --egg-base ../../build/agrobot_actuation build --build-base /home/agrobot/ros2_ws/build/agrobot_actuation/build install --record /home/agrobot/ros2_ws/build/agrobot_actuation/install.log --single-version-externally-managed install_data
