[1.491s] Invoking command in '/home/agrobot/ros2_ws/src/agrobot_actuation': CMAKE_PREFIX_PATH=/home/agrobot/ros2_ws/install/agrobot_interfaces:/home/agrobot/ros2_ws/install/tutorial_interfaces:/home/agrobot/ros2_ws/install/basicmicro_ros2:/opt/ros/kilted/opt/sdformat_vendor:/opt/ros/kilted/opt/gz_math_vendor:/opt/ros/kilted/opt/gz_utils_vendor:/opt/ros/kilted/opt/gz_tools_vendor:/opt/ros/kilted/opt/gz_cmake_vendor LD_LIBRARY_PATH=/home/agrobot/ros2_ws/install/agrobot_interfaces/lib:/home/agrobot/ros2_ws/install/tutorial_interfaces/lib:/home/agrobot/ros2_ws/install/basicmicro_ros2/lib:/opt/ros/kilted/opt/sdformat_vendor/lib:/opt/ros/kilted/opt/gz_math_vendor/lib:/opt/ros/kilted/opt/gz_utils_vendor/lib:/opt/ros/kilted/lib/aarch64-linux-gnu:/opt/ros/kilted/opt/gz_tools_vendor/lib:/opt/ros/kilted/opt/gz_cmake_vendor/lib:/opt/ros/kilted/lib PYTHONPATH=/home/agrobot/ros2_ws/build/agrobot_actuation/prefix_override:/usr/lib/python3/dist-packages/colcon_core/task/python/colcon_distutils_commands:/home/agrobot/ros2_ws/install/agrobot_actuation/lib/python3.12/site-packages:/home/agrobot/ros2_ws/install/agrobot_interfaces/lib/python3.12/site-packages:/home/agrobot/ros2_ws/install/agrobot_nav/lib/python3.12/site-packages:/home/agrobot/ros2_ws/install/tutorial_interfaces/lib/python3.12/site-packages:/home/agrobot/ros2_ws/install/basicmicro_ros2/lib/python3.12/site-packages:/home/agrobot/ros2_ws/install/agrobot_actuation/lib/python3.12/site-packages:/home/agrobot/ros2_ws/install/agrobot_detect/lib/python3.12/site-packages:/opt/ros/kilted/lib/python3.12/site-packages /usr/bin/python3 -W ignore:setup.py install is deprecated -W ignore:easy_install command is deprecated setup.py egg_info --egg-base ../../build/agrobot_actuation build --build-base /home/agrobot/ros2_ws/build/agrobot_actuation/build install --record /home/agrobot/ros2_ws/build/agrobot_actuation/install.log --single-version-externally-managed install_data
[1.812s] running egg_info
[1.832s] writing ../../build/agrobot_actuation/agrobot_actuation.egg-info/PKG-INFO
[1.833s] writing dependency_links to ../../build/agrobot_actuation/agrobot_actuation.egg-info/dependency_links.txt
[1.834s] writing entry points to ../../build/agrobot_actuation/agrobot_actuation.egg-info/entry_points.txt
[1.835s] writing requirements to ../../build/agrobot_actuation/agrobot_actuation.egg-info/requires.txt
[1.835s] writing top-level names to ../../build/agrobot_actuation/agrobot_actuation.egg-info/top_level.txt
[1.879s] reading manifest file '../../build/agrobot_actuation/agrobot_actuation.egg-info/SOURCES.txt'
[1.880s] adding license file 'LICENSE'
[1.881s] writing manifest file '../../build/agrobot_actuation/agrobot_actuation.egg-info/SOURCES.txt'
[1.881s] running build
[1.881s] running build_py
[1.883s] copying agrobot_actuation/beam_break_remove.py -> /home/agrobot/ros2_ws/build/agrobot_actuation/build/lib/agrobot_actuation
[1.883s] copying agrobot_actuation/seed.py -> /home/agrobot/ros2_ws/build/agrobot_actuation/build/lib/agrobot_actuation
[1.884s] running install
[1.894s] running install_lib
[1.916s] copying /home/agrobot/ros2_ws/build/agrobot_actuation/build/lib/agrobot_actuation/beam_break_remove.py -> /home/agrobot/ros2_ws/install/agrobot_actuation/lib/python3.12/site-packages/agrobot_actuation
[1.916s] copying /home/agrobot/ros2_ws/build/agrobot_actuation/build/lib/agrobot_actuation/seed.py -> /home/agrobot/ros2_ws/install/agrobot_actuation/lib/python3.12/site-packages/agrobot_actuation
[1.917s] byte-compiling /home/agrobot/ros2_ws/install/agrobot_actuation/lib/python3.12/site-packages/agrobot_actuation/beam_break_remove.py to beam_break_remove.cpython-312.pyc
[1.918s] byte-compiling /home/agrobot/ros2_ws/install/agrobot_actuation/lib/python3.12/site-packages/agrobot_actuation/seed.py to seed.cpython-312.pyc
[1.920s] running install_data
[1.920s] running install_egg_info
[1.943s] removing '/home/agrobot/ros2_ws/install/agrobot_actuation/lib/python3.12/site-packages/agrobot_actuation-0.0.0-py3.12.egg-info' (and everything under it)
[1.943s] Copying ../../build/agrobot_actuation/agrobot_actuation.egg-info to /home/agrobot/ros2_ws/install/agrobot_actuation/lib/python3.12/site-packages/agrobot_actuation-0.0.0-py3.12.egg-info
[1.945s] running install_scripts
[2.096s] Installing beam_break_remove script to /home/agrobot/ros2_ws/install/agrobot_actuation/lib/agrobot_actuation
[2.096s] Installing button_client script to /home/agrobot/ros2_ws/install/agrobot_actuation/lib/agrobot_actuation
[2.098s] Installing remove script to /home/agrobot/ros2_ws/install/agrobot_actuation/lib/agrobot_actuation
[2.099s] Installing seed script to /home/agrobot/ros2_ws/install/agrobot_actuation/lib/agrobot_actuation
[2.100s] writing list of installed files to '/home/agrobot/ros2_ws/build/agrobot_actuation/install.log'
[2.189s] Invoked command in '/home/agrobot/ros2_ws/src/agrobot_actuation' returned '0': CMAKE_PREFIX_PATH=/home/agrobot/ros2_ws/install/agrobot_interfaces:/home/agrobot/ros2_ws/install/tutorial_interfaces:/home/agrobot/ros2_ws/install/basicmicro_ros2:/opt/ros/kilted/opt/sdformat_vendor:/opt/ros/kilted/opt/gz_math_vendor:/opt/ros/kilted/opt/gz_utils_vendor:/opt/ros/kilted/opt/gz_tools_vendor:/opt/ros/kilted/opt/gz_cmake_vendor LD_LIBRARY_PATH=/home/agrobot/ros2_ws/install/agrobot_interfaces/lib:/home/agrobot/ros2_ws/install/tutorial_interfaces/lib:/home/agrobot/ros2_ws/install/basicmicro_ros2/lib:/opt/ros/kilted/opt/sdformat_vendor/lib:/opt/ros/kilted/opt/gz_math_vendor/lib:/opt/ros/kilted/opt/gz_utils_vendor/lib:/opt/ros/kilted/lib/aarch64-linux-gnu:/opt/ros/kilted/opt/gz_tools_vendor/lib:/opt/ros/kilted/opt/gz_cmake_vendor/lib:/opt/ros/kilted/lib PYTHONPATH=/home/agrobot/ros2_ws/build/agrobot_actuation/prefix_override:/usr/lib/python3/dist-packages/colcon_core/task/python/colcon_distutils_commands:/home/agrobot/ros2_ws/install/agrobot_actuation/lib/python3.12/site-packages:/home/agrobot/ros2_ws/install/agrobot_interfaces/lib/python3.12/site-packages:/home/agrobot/ros2_ws/install/agrobot_nav/lib/python3.12/site-packages:/home/agrobot/ros2_ws/install/tutorial_interfaces/lib/python3.12/site-packages:/home/agrobot/ros2_ws/install/basicmicro_ros2/lib/python3.12/site-packages:/home/agrobot/ros2_ws/install/agrobot_actuation/lib/python3.12/site-packages:/home/agrobot/ros2_ws/install/agrobot_detect/lib/python3.12/site-packages:/opt/ros/kilted/lib/python3.12/site-packages /usr/bin/python3 -W ignore:setup.py install is deprecated -W ignore:easy_install command is deprecated setup.py egg_info --egg-base ../../build/agrobot_actuation build --build-base /home/agrobot/ros2_ws/build/agrobot_actuation/build install --record /home/agrobot/ros2_ws/build/agrobot_actuation/install.log --single-version-externally-managed install_data
