[1.099s] Invoking command in '/home/agrobot/ros2_ws/src/agrobot_nav': AMENT_PREFIX_PATH=/home/agrobot/ros2_ws/install/tutorial_interfaces:${AMENT_PREFIX_PATH} CMAKE_PREFIX_PATH=/home/agrobot/ros2_ws/install/tutorial_interfaces:${CMAKE_PREFIX_PATH} LD_LIBRARY_PATH=/home/agrobot/ros2_ws/install/tutorial_interfaces/lib:${LD_LIBRARY_PATH} PYTHONPATH=/home/agrobot/ros2_ws/build/agrobot_nav/prefix_override:/usr/lib/python3/dist-packages/colcon_core/task/python/colcon_distutils_commands:/home/agrobot/ros2_ws/install/agrobot_nav/lib/python3.12/site-packages:/home/agrobot/ros2_ws/install/tutorial_interfaces/lib/python3.12/site-packages:${PYTHONPATH} /usr/bin/python3 -W ignore:setup.py install is deprecated -W ignore:easy_install command is deprecated setup.py egg_info --egg-base ../../build/agrobot_nav build --build-base /home/agrobot/ros2_ws/build/agrobot_nav/build install --record /home/agrobot/ros2_ws/build/agrobot_nav/install.log --single-version-externally-managed install_data
[1.410s] Traceback (most recent call last):
[1.410s]   File "/usr/lib/python3.12/pathlib.py", line 441, in __str__
[1.411s]     return self._str
[1.411s]            ^^^^^^^^^
[1.411s] AttributeError: 'PosixPath' object has no attribute '_str'
[1.411s] 
[1.411s] During handling of the above exception, another exception occurred:
[1.412s] 
[1.412s] Traceback (most recent call last):
[1.412s]   File "/usr/lib/python3.12/pathlib.py", line 555, in drive
[1.412s]     return self._drv
[1.412s]            ^^^^^^^^^
[1.412s] AttributeError: 'PosixPath' object has no attribute '_drv'
[1.412s] 
[1.412s] During handling of the above exception, another exception occurred:
[1.412s] 
[1.412s] Traceback (most recent call last):
[1.412s]   File "/home/agrobot/ros2_ws/src/agrobot_nav/setup.py", line 7, in <module>
[1.412s]     setup(
[1.412s]   File "/usr/lib/python3/dist-packages/setuptools/__init__.py", line 107, in setup
[1.414s]     return distutils.core.setup(**attrs)
[1.414s]            ^^^^^^^^^^^^^^^^^^^^^^^^^^^^^
[1.414s]   File "/usr/lib/python3/dist-packages/setuptools/_distutils/core.py", line 172, in setup
[1.415s]     ok = dist.parse_command_line()
[1.415s]          ^^^^^^^^^^^^^^^^^^^^^^^^^
[1.415s]   File "/usr/lib/python3/dist-packages/setuptools/_distutils/dist.py", line 475, in parse_command_line
[1.416s]     args = self._parse_command_opts(parser, args)
[1.416s]            ^^^^^^^^^^^^^^^^^^^^^^^^^^^^^^^^^^^^^^
[1.416s]   File "/usr/lib/python3/dist-packages/setuptools/dist.py", line 1133, in _parse_command_opts
[1.418s]     nargs = _Distribution._parse_command_opts(self, parser, args)
[1.418s]             ^^^^^^^^^^^^^^^^^^^^^^^^^^^^^^^^^^^^^^^^^^^^^^^^^^^^^
[1.418s]   File "/usr/lib/python3/dist-packages/setuptools/_distutils/dist.py", line 534, in _parse_command_opts
[1.418s]     cmd_class = self.get_command_class(command)
[1.418s]                 ^^^^^^^^^^^^^^^^^^^^^^^^^^^^^^^
[1.418s]   File "/usr/lib/python3/dist-packages/setuptools/dist.py", line 978, in get_command_class
[1.419s]     eps = metadata.entry_points(group='distutils.commands', name=command)
[1.419s]           ^^^^^^^^^^^^^^^^^^^^^^^^^^^^^^^^^^^^^^^^^^^^^^^^^^^^^^^^^^^^^^^
[1.419s]   File "/usr/lib/python3.12/importlib/metadata/__init__.py", line 913, in entry_points
[1.419s]     return EntryPoints(eps).select(**params)
[1.419s]            ^^^^^^^^^^^^^^^^
[1.420s]   File "/usr/lib/python3.12/importlib/metadata/__init__.py", line 911, in <genexpr>
[1.420s]     dist.entry_points for dist in _unique(distributions())
[1.420s]     ^^^^^^^^^^^^^^^^^
[1.420s]   File "/usr/lib/python3.12/importlib/metadata/__init__.py", line 471, in entry_points
[1.420s]     return EntryPoints._from_text_for(self.read_text('entry_points.txt'), self)
[1.420s]                                       ^^^^^^^^^^^^^^^^^^^^^^^^^^^^^^^^^^
[1.420s]   File "/usr/lib/python3.12/importlib/metadata/__init__.py", line 819, in read_text
[1.420s]     return self._path.joinpath(filename).read_text(encoding='utf-8')
[1.421s]            ^^^^^^^^^^^^^^^^^^^^^^^^^^^^^^^^^^^^^^^^^^^^^^^^^^^^^^^^^
[1.421s]   File "/usr/lib/python3.12/pathlib.py", line 1029, in read_text
[1.421s]     with self.open(mode='r', encoding=encoding, errors=errors) as f:
[1.421s]          ^^^^^^^^^^^^^^^^^^^^^^^^^^^^^^^^^^^^^^^^^^^^^^^^^^^^^
[1.421s]   File "/usr/lib/python3.12/pathlib.py", line 1015, in open
[1.421s]     return io.open(self, mode, buffering, encoding, errors, newline)
[1.421s]            ^^^^^^^^^^^^^^^^^^^^^^^^^^^^^^^^^^^^^^^^^^^^^^^^^^^^^^^^^
[1.421s]   File "/usr/lib/python3.12/pathlib.py", line 448, in __fspath__
[1.421s]     return str(self)
[1.422s]            ^^^^^^^^^
[1.422s]   File "/usr/lib/python3.12/pathlib.py", line 443, in __str__
[1.422s]     self._str = self._format_parsed_parts(self.drive, self.root,
[1.422s]                                           ^^^^^^^^^^
[1.422s]   File "/usr/lib/python3.12/pathlib.py", line 557, in drive
[1.422s]     self._load_parts()
[1.422s]   File "/usr/lib/python3.12/pathlib.py", line 415, in _load_parts
[1.422s]     drv, root, tail = self._parse_path(path)
[1.422s]                       ^^^^^^^^^^^^^^^^^^^^^^
[1.422s]   File "/usr/lib/python3.12/pathlib.py", line 404, in _parse_path
[1.422s]     parsed = [sys.intern(str(x)) for x in rel.split(sep) if x and x != '.']
[1.423s]                                           ^^^^^^^^^^^^^^
[1.423s] KeyboardInterrupt
[1.482s] Invoked command in '/home/agrobot/ros2_ws/src/agrobot_nav' returned '-2': AMENT_PREFIX_PATH=/home/agrobot/ros2_ws/install/tutorial_interfaces:${AMENT_PREFIX_PATH} CMAKE_PREFIX_PATH=/home/agrobot/ros2_ws/install/tutorial_interfaces:${CMAKE_PREFIX_PATH} LD_LIBRARY_PATH=/home/agrobot/ros2_ws/install/tutorial_interfaces/lib:${LD_LIBRARY_PATH} PYTHONPATH=/home/agrobot/ros2_ws/build/agrobot_nav/prefix_override:/usr/lib/python3/dist-packages/colcon_core/task/python/colcon_distutils_commands:/home/agrobot/ros2_ws/install/agrobot_nav/lib/python3.12/site-packages:/home/agrobot/ros2_ws/install/tutorial_interfaces/lib/python3.12/site-packages:${PYTHONPATH} /usr/bin/python3 -W ignore:setup.py install is deprecated -W ignore:easy_install command is deprecated setup.py egg_info --egg-base ../../build/agrobot_nav build --build-base /home/agrobot/ros2_ws/build/agrobot_nav/build install --record /home/agrobot/ros2_ws/build/agrobot_nav/install.log --single-version-externally-managed install_data
