[1.125s] Invoking command in '/home/agrobot/ros2_ws/build/agrobot_detect': PYTHONPATH=/home/agrobot/ros2_ws/build/agrobot_detect/prefix_override:/usr/lib/python3/dist-packages/colcon_core/task/python/colcon_distutils_commands:/home/agrobot/ros2_ws/install/agrobot_detect/lib/python3.12/site-packages:${PYTHONPATH} /usr/bin/python3 -W ignore:setup.py install is deprecated -W ignore:easy_install command is deprecated setup.py develop --uninstall --editable --build-directory /home/agrobot/ros2_ws/build/agrobot_detect/build
[1.525s] running develop
[1.747s] Removing /home/agrobot/ros2_ws/install/agrobot_detect/lib/python3.12/site-packages/agrobot-detect.egg-link (link to .)
[1.836s] Invoked command in '/home/agrobot/ros2_ws/build/agrobot_detect' returned '0': PYTHONPATH=/home/agrobot/ros2_ws/build/agrobot_detect/prefix_override:/usr/lib/python3/dist-packages/colcon_core/task/python/colcon_distutils_commands:/home/agrobot/ros2_ws/install/agrobot_detect/lib/python3.12/site-packages:${PYTHONPATH} /usr/bin/python3 -W ignore:setup.py install is deprecated -W ignore:easy_install command is deprecated setup.py develop --uninstall --editable --build-directory /home/agrobot/ros2_ws/build/agrobot_detect/build
[1.838s] Invoking command in '/home/agrobot/ros2_ws/src/agrobot_detect': PYTHONPATH=/home/agrobot/ros2_ws/build/agrobot_detect/prefix_override:/usr/lib/python3/dist-packages/colcon_core/task/python/colcon_distutils_commands:/home/agrobot/ros2_ws/install/agrobot_detect/lib/python3.12/site-packages:${PYTHONPATH} /usr/bin/python3 -W ignore:setup.py install is deprecated -W ignore:easy_install command is deprecated setup.py egg_info --egg-base ../../build/agrobot_detect build --build-base /home/agrobot/ros2_ws/build/agrobot_detect/build install --record /home/agrobot/ros2_ws/build/agrobot_detect/install.log --single-version-externally-managed install_data --force
[2.184s] running egg_info
[2.204s] writing ../../build/agrobot_detect/agrobot_detect.egg-info/PKG-INFO
[2.205s] writing dependency_links to ../../build/agrobot_detect/agrobot_detect.egg-info/dependency_links.txt
[2.206s] writing entry points to ../../build/agrobot_detect/agrobot_detect.egg-info/entry_points.txt
[2.206s] writing requirements to ../../build/agrobot_detect/agrobot_detect.egg-info/requires.txt
[2.207s] writing top-level names to ../../build/agrobot_detect/agrobot_detect.egg-info/top_level.txt
[2.252s] reading manifest file '../../build/agrobot_detect/agrobot_detect.egg-info/SOURCES.txt'
[2.252s] adding license file 'LICENSE'
[2.253s] writing manifest file '../../build/agrobot_detect/agrobot_detect.egg-info/SOURCES.txt'
[2.253s] running build
[2.253s] running build_py
[2.254s] copying agrobot_detect/object_detect_publisher.py -> /home/agrobot/ros2_ws/build/agrobot_detect/build/lib/agrobot_detect
[2.254s] copying agrobot_detect/vision_module.py -> /home/agrobot/ros2_ws/build/agrobot_detect/build/lib/agrobot_detect
[2.255s] running install
[2.264s] running install_lib
[2.286s] creating /home/agrobot/ros2_ws/install/agrobot_detect/lib/python3.12/site-packages/agrobot_detect
[2.286s] copying /home/agrobot/ros2_ws/build/agrobot_detect/build/lib/agrobot_detect/object_detect_publisher.py -> /home/agrobot/ros2_ws/install/agrobot_detect/lib/python3.12/site-packages/agrobot_detect
[2.287s] copying /home/agrobot/ros2_ws/build/agrobot_detect/build/lib/agrobot_detect/vision_module.py -> /home/agrobot/ros2_ws/install/agrobot_detect/lib/python3.12/site-packages/agrobot_detect
[2.287s] copying /home/agrobot/ros2_ws/build/agrobot_detect/build/lib/agrobot_detect/lcd_display_publisher.py -> /home/agrobot/ros2_ws/install/agrobot_detect/lib/python3.12/site-packages/agrobot_detect
[2.287s] copying /home/agrobot/ros2_ws/build/agrobot_detect/build/lib/agrobot_detect/__init__.py -> /home/agrobot/ros2_ws/install/agrobot_detect/lib/python3.12/site-packages/agrobot_detect
[2.288s] copying /home/agrobot/ros2_ws/build/agrobot_detect/build/lib/agrobot_detect/vision_application_publisher.py -> /home/agrobot/ros2_ws/install/agrobot_detect/lib/python3.12/site-packages/agrobot_detect
[2.290s] copying /home/agrobot/ros2_ws/build/agrobot_detect/build/lib/agrobot_detect/lcd_display_subscriber.py -> /home/agrobot/ros2_ws/install/agrobot_detect/lib/python3.12/site-packages/agrobot_detect
[2.290s] copying /home/agrobot/ros2_ws/build/agrobot_detect/build/lib/agrobot_detect/vision_application_publisher_toggle.py -> /home/agrobot/ros2_ws/install/agrobot_detect/lib/python3.12/site-packages/agrobot_detect
[2.292s] copying /home/agrobot/ros2_ws/build/agrobot_detect/build/lib/agrobot_detect/vision_lcd_publisher.py -> /home/agrobot/ros2_ws/install/agrobot_detect/lib/python3.12/site-packages/agrobot_detect
[2.292s] copying /home/agrobot/ros2_ws/build/agrobot_detect/build/lib/agrobot_detect/beam_break_node.py -> /home/agrobot/ros2_ws/install/agrobot_detect/lib/python3.12/site-packages/agrobot_detect
[2.293s] byte-compiling /home/agrobot/ros2_ws/install/agrobot_detect/lib/python3.12/site-packages/agrobot_detect/object_detect_publisher.py to object_detect_publisher.cpython-312.pyc
[2.296s] byte-compiling /home/agrobot/ros2_ws/install/agrobot_detect/lib/python3.12/site-packages/agrobot_detect/vision_module.py to vision_module.cpython-312.pyc
[2.310s] byte-compiling /home/agrobot/ros2_ws/install/agrobot_detect/lib/python3.12/site-packages/agrobot_detect/lcd_display_publisher.py to lcd_display_publisher.cpython-312.pyc
[2.312s] byte-compiling /home/agrobot/ros2_ws/install/agrobot_detect/lib/python3.12/site-packages/agrobot_detect/__init__.py to __init__.cpython-312.pyc
[2.312s] byte-compiling /home/agrobot/ros2_ws/install/agrobot_detect/lib/python3.12/site-packages/agrobot_detect/vision_application_publisher.py to vision_application_publisher.cpython-312.pyc
[2.324s] byte-compiling /home/agrobot/ros2_ws/install/agrobot_detect/lib/python3.12/site-packages/agrobot_detect/lcd_display_subscriber.py to lcd_display_subscriber.cpython-312.pyc
[2.326s] byte-compiling /home/agrobot/ros2_ws/install/agrobot_detect/lib/python3.12/site-packages/agrobot_detect/vision_application_publisher_toggle.py to vision_application_publisher_toggle.cpython-312.pyc
[2.338s] byte-compiling /home/agrobot/ros2_ws/install/agrobot_detect/lib/python3.12/site-packages/agrobot_detect/vision_lcd_publisher.py to vision_lcd_publisher.cpython-312.pyc
[2.340s] byte-compiling /home/agrobot/ros2_ws/install/agrobot_detect/lib/python3.12/site-packages/agrobot_detect/beam_break_node.py to beam_break_node.cpython-312.pyc
[2.341s] running install_data
[2.341s] copying resource/agrobot_detect -> /home/agrobot/ros2_ws/install/agrobot_detect/share/ament_index/resource_index/packages
[2.342s] copying package.xml -> /home/agrobot/ros2_ws/install/agrobot_detect/share/agrobot_detect
[2.342s] copying data/hsv.db -> /home/agrobot/ros2_ws/install/agrobot_detect/share/agrobot_detect/data
[2.343s] running install_egg_info
[2.366s] Copying ../../build/agrobot_detect/agrobot_detect.egg-info to /home/agrobot/ros2_ws/install/agrobot_detect/lib/python3.12/site-packages/agrobot_detect-0.0.0-py3.12.egg-info
[2.368s] running install_scripts
[2.528s] Installing beam_break_node script to /home/agrobot/ros2_ws/install/agrobot_detect/lib/agrobot_detect
[2.528s] Installing lcd_display_publisher script to /home/agrobot/ros2_ws/install/agrobot_detect/lib/agrobot_detect
[2.528s] Installing lcd_display_subscriber script to /home/agrobot/ros2_ws/install/agrobot_detect/lib/agrobot_detect
[2.529s] Installing object_detect_publisher script to /home/agrobot/ros2_ws/install/agrobot_detect/lib/agrobot_detect
[2.529s] Installing vision_application_publisher script to /home/agrobot/ros2_ws/install/agrobot_detect/lib/agrobot_detect
[2.529s] Installing vision_application_publisher_toggle script to /home/agrobot/ros2_ws/install/agrobot_detect/lib/agrobot_detect
[2.530s] writing list of installed files to '/home/agrobot/ros2_ws/build/agrobot_detect/install.log'
[2.613s] Invoked command in '/home/agrobot/ros2_ws/src/agrobot_detect' returned '0': PYTHONPATH=/home/agrobot/ros2_ws/build/agrobot_detect/prefix_override:/usr/lib/python3/dist-packages/colcon_core/task/python/colcon_distutils_commands:/home/agrobot/ros2_ws/install/agrobot_detect/lib/python3.12/site-packages:${PYTHONPATH} /usr/bin/python3 -W ignore:setup.py install is deprecated -W ignore:easy_install command is deprecated setup.py egg_info --egg-base ../../build/agrobot_detect build --build-base /home/agrobot/ros2_ws/build/agrobot_detect/build install --record /home/agrobot/ros2_ws/build/agrobot_detect/install.log --single-version-externally-managed install_data --force
