[1.159s] Invoking command in '/home/agrobot/ros2_ws/build/agrobot_detect': PYTHONPATH=/home/agrobot/ros2_ws/build/agrobot_detect/prefix_override:/usr/lib/python3/dist-packages/colcon_core/task/python/colcon_distutils_commands:/home/agrobot/ros2_ws/install/agrobot_detect/lib/python3.12/site-packages:${PYTHONPATH} /usr/bin/python3 -W ignore:setup.py install is deprecated -W ignore:easy_install command is deprecated setup.py develop --editable --build-directory /home/agrobot/ros2_ws/build/agrobot_detect/build --no-deps symlink_data --force
[1.573s] running develop
[1.788s] running egg_info
[1.809s] writing agrobot_detect.egg-info/PKG-INFO
[1.809s] writing dependency_links to agrobot_detect.egg-info/dependency_links.txt
[1.810s] writing entry points to agrobot_detect.egg-info/entry_points.txt
[1.810s] writing requirements to agrobot_detect.egg-info/requires.txt
[1.811s] writing top-level names to agrobot_detect.egg-info/top_level.txt
[1.857s] reading manifest file 'agrobot_detect.egg-info/SOURCES.txt'
[1.858s] writing manifest file 'agrobot_detect.egg-info/SOURCES.txt'
[1.881s] running build_ext
[1.881s] Creating /home/agrobot/ros2_ws/install/agrobot_detect/lib/python3.12/site-packages/agrobot-detect.egg-link (link to .)
[1.882s] Installing beam_break_node script to /home/agrobot/ros2_ws/install/agrobot_detect/lib/agrobot_detect
[1.882s] Installing lcd_display_publisher script to /home/agrobot/ros2_ws/install/agrobot_detect/lib/agrobot_detect
[1.882s] Installing lcd_display_subscriber script to /home/agrobot/ros2_ws/install/agrobot_detect/lib/agrobot_detect
[1.884s] Installing object_detect_publisher script to /home/agrobot/ros2_ws/install/agrobot_detect/lib/agrobot_detect
[1.884s] Installing vision_application_publisher script to /home/agrobot/ros2_ws/install/agrobot_detect/lib/agrobot_detect
[1.884s] Installing vision_application_publisher_toggle script to /home/agrobot/ros2_ws/install/agrobot_detect/lib/agrobot_detect
[1.884s] 
[1.885s] Installed /home/agrobot/ros2_ws/build/agrobot_detect
[1.885s] running symlink_data
[1.885s] symbolically linking /home/agrobot/ros2_ws/build/agrobot_detect/resource/agrobot_detect -> /home/agrobot/ros2_ws/install/agrobot_detect/share/ament_index/resource_index/packages
[1.885s] symbolically linking /home/agrobot/ros2_ws/build/agrobot_detect/package.xml -> /home/agrobot/ros2_ws/install/agrobot_detect/share/agrobot_detect
[1.885s] symbolically linking /home/agrobot/ros2_ws/build/agrobot_detect/data/hsv.db -> /home/agrobot/ros2_ws/install/agrobot_detect/share/agrobot_detect/data
[1.972s] Invoked command in '/home/agrobot/ros2_ws/build/agrobot_detect' returned '0': PYTHONPATH=/home/agrobot/ros2_ws/build/agrobot_detect/prefix_override:/usr/lib/python3/dist-packages/colcon_core/task/python/colcon_distutils_commands:/home/agrobot/ros2_ws/install/agrobot_detect/lib/python3.12/site-packages:${PYTHONPATH} /usr/bin/python3 -W ignore:setup.py install is deprecated -W ignore:easy_install command is deprecated setup.py develop --editable --build-directory /home/agrobot/ros2_ws/build/agrobot_detect/build --no-deps symlink_data --force
