running egg_info
writing ../../build/py_pubsub/py_pubsub.egg-info/PKG-INFO
writing dependency_links to ../../build/py_pubsub/py_pubsub.egg-info/dependency_links.txt
writing entry points to ../../build/py_pubsub/py_pubsub.egg-info/entry_points.txt
writing requirements to ../../build/py_pubsub/py_pubsub.egg-info/requires.txt
writing top-level names to ../../build/py_pubsub/py_pubsub.egg-info/top_level.txt
reading manifest file '../../build/py_pubsub/py_pubsub.egg-info/SOURCES.txt'
adding license file 'LICENSE'
writing manifest file '../../build/py_pubsub/py_pubsub.egg-info/SOURCES.txt'
running build
running build_py
copying py_pubsub/subscriber_member_function.py -> /home/agrobot/ros2_ws/build/py_pubsub/build/lib/py_pubsub
running install
running install_lib
copying /home/agrobot/ros2_ws/build/py_pubsub/build/lib/py_pubsub/subscriber_member_function.py -> /home/agrobot/ros2_ws/install/py_pubsub/lib/python3.12/site-packages/py_pubsub
byte-compiling /home/agrobot/ros2_ws/install/py_pubsub/lib/python3.12/site-packages/py_pubsub/subscriber_member_function.py to subscriber_member_function.cpython-312.pyc
running install_data
running install_egg_info
removing '/home/agrobot/ros2_ws/install/py_pubsub/lib/python3.12/site-packages/py_pubsub-0.0.0-py3.12.egg-info' (and everything under it)
Copying ../../build/py_pubsub/py_pubsub.egg-info to /home/agrobot/ros2_ws/install/py_pubsub/lib/python3.12/site-packages/py_pubsub-0.0.0-py3.12.egg-info
running install_scripts
Installing drive_control script to /home/agrobot/ros2_ws/install/py_pubsub/lib/py_pubsub
Installing input script to /home/agrobot/ros2_ws/install/py_pubsub/lib/py_pubsub
writing list of installed files to '/home/agrobot/ros2_ws/build/py_pubsub/install.log'
