[2.772s] Invoking command in '/home/agrobot/ros2_ws/build/agrobot_nav': PYTHONPATH=/home/agrobot/ros2_ws/build/agrobot_nav/prefix_override:/usr/lib/python3/dist-packages/colcon_core/task/python/colcon_distutils_commands:/home/agrobot/ros2_ws/install/agrobot_nav/lib/python3.12/site-packages:/home/agrobot/ros2_ws/install/tutorial_interfaces/lib/python3.12/site-packages:/home/agrobot/ros2_ws/install/agrobot_nav/lib/python3.12/site-packages:/home/agrobot/ros2_ws/install/basicmicro_ros2/lib/python3.12/site-packages:/home/agrobot/ros2_ws/build/agrobot_fsm:/home/agrobot/ros2_ws/install/agrobot_fsm/lib/python3.12/site-packages:/home/agrobot/ros2_ws/build/agrobot_actuation:/home/agrobot/ros2_ws/install/agrobot_actuation/lib/python3.12/site-packages:/home/agrobot/ros2_ws/install/agrobot_interfaces/lib/python3.12/site-packages:/home/agrobot/ros2_ws/install/agrobot_detect/lib/python3.12/site-packages:/opt/ros/kilted/lib/python3.12/site-packages /usr/bin/python3 -W ignore:setup.py install is deprecated -W ignore:easy_install command is deprecated setup.py develop --editable --build-directory /home/agrobot/ros2_ws/build/agrobot_nav/build --no-deps symlink_data --force
[3.377s] running develop
[3.690s] running egg_info
[3.710s] writing agrobot_nav.egg-info/PKG-INFO
[3.711s] writing dependency_links to agrobot_nav.egg-info/dependency_links.txt
[3.712s] writing entry points to agrobot_nav.egg-info/entry_points.txt
[3.712s] writing requirements to agrobot_nav.egg-info/requires.txt
[3.713s] writing top-level names to agrobot_nav.egg-info/top_level.txt
[3.757s] reading manifest file 'agrobot_nav.egg-info/SOURCES.txt'
[3.759s] writing manifest file 'agrobot_nav.egg-info/SOURCES.txt'
[3.782s] running build_ext
[3.782s] Creating /home/agrobot/ros2_ws/install/agrobot_nav/lib/python3.12/site-packages/agrobot-nav.egg-link (link to .)
[3.783s] Installing camera script to /home/agrobot/ros2_ws/install/agrobot_nav/lib/agrobot_nav
[3.783s] Installing drive_control script to /home/agrobot/ros2_ws/install/agrobot_nav/lib/agrobot_nav
[3.783s] Installing input script to /home/agrobot/ros2_ws/install/agrobot_nav/lib/agrobot_nav
[3.783s] Installing mini_nav script to /home/agrobot/ros2_ws/install/agrobot_nav/lib/agrobot_nav
[3.784s] Installing nav script to /home/agrobot/ros2_ws/install/agrobot_nav/lib/agrobot_nav
[3.784s] Installing tof_sensor script to /home/agrobot/ros2_ws/install/agrobot_nav/lib/agrobot_nav
[3.784s] 
[3.784s] Installed /home/agrobot/ros2_ws/build/agrobot_nav
[3.784s] running symlink_data
[3.785s] symbolically linking /home/agrobot/ros2_ws/build/agrobot_nav/resource/agrobot_nav -> /home/agrobot/ros2_ws/install/agrobot_nav/share/ament_index/resource_index/packages
[3.785s] symbolically linking /home/agrobot/ros2_ws/build/agrobot_nav/package.xml -> /home/agrobot/ros2_ws/install/agrobot_nav/share/agrobot_nav
[3.785s] symbolically linking /home/agrobot/ros2_ws/build/agrobot_nav/launch/agrobot_launch.py -> /home/agrobot/ros2_ws/install/agrobot_nav/share/agrobot_nav/launch
[3.785s] symbolically linking /home/agrobot/ros2_ws/build/agrobot_nav/launch/mini_agrobot_launch.py -> /home/agrobot/ros2_ws/install/agrobot_nav/share/agrobot_nav/launch
[3.873s] Invoked command in '/home/agrobot/ros2_ws/build/agrobot_nav' returned '0': PYTHONPATH=/home/agrobot/ros2_ws/build/agrobot_nav/prefix_override:/usr/lib/python3/dist-packages/colcon_core/task/python/colcon_distutils_commands:/home/agrobot/ros2_ws/install/agrobot_nav/lib/python3.12/site-packages:/home/agrobot/ros2_ws/install/tutorial_interfaces/lib/python3.12/site-packages:/home/agrobot/ros2_ws/install/agrobot_nav/lib/python3.12/site-packages:/home/agrobot/ros2_ws/install/basicmicro_ros2/lib/python3.12/site-packages:/home/agrobot/ros2_ws/build/agrobot_fsm:/home/agrobot/ros2_ws/install/agrobot_fsm/lib/python3.12/site-packages:/home/agrobot/ros2_ws/build/agrobot_actuation:/home/agrobot/ros2_ws/install/agrobot_actuation/lib/python3.12/site-packages:/home/agrobot/ros2_ws/install/agrobot_interfaces/lib/python3.12/site-packages:/home/agrobot/ros2_ws/install/agrobot_detect/lib/python3.12/site-packages:/opt/ros/kilted/lib/python3.12/site-packages /usr/bin/python3 -W ignore:setup.py install is deprecated -W ignore:easy_install command is deprecated setup.py develop --editable --build-directory /home/agrobot/ros2_ws/build/agrobot_nav/build --no-deps symlink_data --force
