/home/agrobot/ros2_ws/install/agrobot_nav/lib/python3.12/site-packages/agrobot_nav/tof_sensor_node.py
/home/agrobot/ros2_ws/install/agrobot_nav/lib/python3.12/site-packages/agrobot_nav/camera_node.py
/home/agrobot/ros2_ws/install/agrobot_nav/lib/python3.12/site-packages/agrobot_nav/nav_state_machine.py
/home/agrobot/ros2_ws/install/agrobot_nav/lib/python3.12/site-packages/agrobot_nav/__init__.py
/home/agrobot/ros2_ws/install/agrobot_nav/lib/python3.12/site-packages/agrobot_nav/subscriber_member_function.py
/home/agrobot/ros2_ws/install/agrobot_nav/lib/python3.12/site-packages/agrobot_nav/publisher_member_function.py
/home/agrobot/ros2_ws/install/agrobot_nav/lib/python3.12/site-packages/agrobot_nav/py.typed
/home/agrobot/ros2_ws/install/agrobot_nav/lib/python3.12/site-packages/agrobot_nav/__pycache__/tof_sensor_node.cpython-312.pyc
/home/agrobot/ros2_ws/install/agrobot_nav/lib/python3.12/site-packages/agrobot_nav/__pycache__/camera_node.cpython-312.pyc
/home/agrobot/ros2_ws/install/agrobot_nav/lib/python3.12/site-packages/agrobot_nav/__pycache__/nav_state_machine.cpython-312.pyc
/home/agrobot/ros2_ws/install/agrobot_nav/lib/python3.12/site-packages/agrobot_nav/__pycache__/__init__.cpython-312.pyc
/home/agrobot/ros2_ws/install/agrobot_nav/lib/python3.12/site-packages/agrobot_nav/__pycache__/subscriber_member_function.cpython-312.pyc
/home/agrobot/ros2_ws/install/agrobot_nav/lib/python3.12/site-packages/agrobot_nav/__pycache__/publisher_member_function.cpython-312.pyc
/home/agrobot/ros2_ws/install/agrobot_nav/share/ament_index/resource_index/packages/agrobot_nav
/home/agrobot/ros2_ws/install/agrobot_nav/share/agrobot_nav/package.xml
/home/agrobot/ros2_ws/install/agrobot_nav/lib/python3.12/site-packages/agrobot_nav-0.0.0-py3.12.egg-info/dependency_links.txt
/home/agrobot/ros2_ws/install/agrobot_nav/lib/python3.12/site-packages/agrobot_nav-0.0.0-py3.12.egg-info/entry_points.txt
/home/agrobot/ros2_ws/install/agrobot_nav/lib/python3.12/site-packages/agrobot_nav-0.0.0-py3.12.egg-info/SOURCES.txt
/home/agrobot/ros2_ws/install/agrobot_nav/lib/python3.12/site-packages/agrobot_nav-0.0.0-py3.12.egg-info/zip-safe
/home/agrobot/ros2_ws/install/agrobot_nav/lib/python3.12/site-packages/agrobot_nav-0.0.0-py3.12.egg-info/top_level.txt
/home/agrobot/ros2_ws/install/agrobot_nav/lib/python3.12/site-packages/agrobot_nav-0.0.0-py3.12.egg-info/PKG-INFO
/home/agrobot/ros2_ws/install/agrobot_nav/lib/python3.12/site-packages/agrobot_nav-0.0.0-py3.12.egg-info/requires.txt
/home/agrobot/ros2_ws/install/agrobot_nav/lib/agrobot_nav/camera
/home/agrobot/ros2_ws/install/agrobot_nav/lib/agrobot_nav/drive_control
/home/agrobot/ros2_ws/install/agrobot_nav/lib/agrobot_nav/input
/home/agrobot/ros2_ws/install/agrobot_nav/lib/agrobot_nav/nav
/home/agrobot/ros2_ws/install/agrobot_nav/lib/agrobot_nav/tof_sensor
