[1.196s] Invoking command in '/home/agrobot/ros2_ws/src/agrobot_detect': PYTHONPATH=/home/agrobot/ros2_ws/src/build/agrobot_detect/prefix_override:/usr/lib/python3/dist-packages/colcon_core/task/python/colcon_distutils_commands:/home/agrobot/ros2_ws/src/install/agrobot_detect/lib/python3.12/site-packages:${PYTHONPATH} /usr/bin/python3 -W ignore:setup.py install is deprecated -W ignore:easy_install command is deprecated setup.py egg_info --egg-base ../build/agrobot_detect build --build-base /home/agrobot/ros2_ws/src/build/agrobot_detect/build install --record /home/agrobot/ros2_ws/src/build/agrobot_detect/install.log --single-version-externally-managed install_data
[1.548s] running egg_info
[1.571s] writing ../build/agrobot_detect/agrobot_detect.egg-info/PKG-INFO
[1.571s] writing dependency_links to ../build/agrobot_detect/agrobot_detect.egg-info/dependency_links.txt
[1.572s] writing entry points to ../build/agrobot_detect/agrobot_detect.egg-info/entry_points.txt
[1.573s] writing requirements to ../build/agrobot_detect/agrobot_detect.egg-info/requires.txt
[1.573s] writing top-level names to ../build/agrobot_detect/agrobot_detect.egg-info/top_level.txt
[1.620s] reading manifest file '../build/agrobot_detect/agrobot_detect.egg-info/SOURCES.txt'
[1.620s] adding license file 'LICENSE'
[1.621s] writing manifest file '../build/agrobot_detect/agrobot_detect.egg-info/SOURCES.txt'
[1.621s] running build
[1.621s] running build_py
[1.622s] copying agrobot_detect/object_detect_publisher.py -> /home/agrobot/ros2_ws/src/build/agrobot_detect/build/lib/agrobot_detect
[1.622s] copying agrobot_detect/vision_module.py -> /home/agrobot/ros2_ws/src/build/agrobot_detect/build/lib/agrobot_detect
[1.623s] running install
[1.633s] running install_lib
[1.658s] copying /home/agrobot/ros2_ws/src/build/agrobot_detect/build/lib/agrobot_detect/object_detect_publisher.py -> /home/agrobot/ros2_ws/src/install/agrobot_detect/lib/python3.12/site-packages/agrobot_detect
[1.659s] copying /home/agrobot/ros2_ws/src/build/agrobot_detect/build/lib/agrobot_detect/vision_module.py -> /home/agrobot/ros2_ws/src/install/agrobot_detect/lib/python3.12/site-packages/agrobot_detect
[1.660s] byte-compiling /home/agrobot/ros2_ws/src/install/agrobot_detect/lib/python3.12/site-packages/agrobot_detect/object_detect_publisher.py to object_detect_publisher.cpython-312.pyc
[1.662s] byte-compiling /home/agrobot/ros2_ws/src/install/agrobot_detect/lib/python3.12/site-packages/agrobot_detect/vision_module.py to vision_module.cpython-312.pyc
[1.677s] running install_data
[1.677s] running install_egg_info
[1.703s] removing '/home/agrobot/ros2_ws/src/install/agrobot_detect/lib/python3.12/site-packages/agrobot_detect-0.0.0-py3.12.egg-info' (and everything under it)
[1.708s] Copying ../build/agrobot_detect/agrobot_detect.egg-info to /home/agrobot/ros2_ws/src/install/agrobot_detect/lib/python3.12/site-packages/agrobot_detect-0.0.0-py3.12.egg-info
[1.709s] running install_scripts
[1.869s] Installing beam_break_node script to /home/agrobot/ros2_ws/src/install/agrobot_detect/lib/agrobot_detect
[1.870s] Installing lcd_display_publisher script to /home/agrobot/ros2_ws/src/install/agrobot_detect/lib/agrobot_detect
[1.874s] Installing lcd_display_subscriber script to /home/agrobot/ros2_ws/src/install/agrobot_detect/lib/agrobot_detect
[1.875s] Installing object_detect_publisher script to /home/agrobot/ros2_ws/src/install/agrobot_detect/lib/agrobot_detect
[1.875s] Installing vision_application_publisher script to /home/agrobot/ros2_ws/src/install/agrobot_detect/lib/agrobot_detect
[1.876s] Installing vision_application_publisher_toggle script to /home/agrobot/ros2_ws/src/install/agrobot_detect/lib/agrobot_detect
[1.877s] writing list of installed files to '/home/agrobot/ros2_ws/src/build/agrobot_detect/install.log'
[1.968s] Invoked command in '/home/agrobot/ros2_ws/src/agrobot_detect' returned '0': PYTHONPATH=/home/agrobot/ros2_ws/src/build/agrobot_detect/prefix_override:/usr/lib/python3/dist-packages/colcon_core/task/python/colcon_distutils_commands:/home/agrobot/ros2_ws/src/install/agrobot_detect/lib/python3.12/site-packages:${PYTHONPATH} /usr/bin/python3 -W ignore:setup.py install is deprecated -W ignore:easy_install command is deprecated setup.py egg_info --egg-base ../build/agrobot_detect build --build-base /home/agrobot/ros2_ws/src/build/agrobot_detect/build install --record /home/agrobot/ros2_ws/src/build/agrobot_detect/install.log --single-version-externally-managed install_data
