[1.159s] Invoking command in '/home/agrobot/ros2_ws/src/agrobot_nav': CMAKE_PREFIX_PATH=/home/agrobot/ros2_ws/install/tutorial_interfaces:/home/agrobot/install/tutorial_interfaces:/home/agrobot/install/agrobot_interfaces:/home/agrobot/ros2_ws/install/basicmicro_ros2:/home/agrobot/ros2_ws/install/agrobot_interfaces:/opt/ros/kilted/opt/sdformat_vendor:/opt/ros/kilted/opt/gz_math_vendor:/opt/ros/kilted/opt/gz_utils_vendor:/opt/ros/kilted/opt/gz_tools_vendor:/opt/ros/kilted/opt/gz_cmake_vendor LD_LIBRARY_PATH=/home/agrobot/ros2_ws/install/tutorial_interfaces/lib:/home/agrobot/install/tutorial_interfaces/lib:/home/agrobot/install/agrobot_interfaces/lib:/home/agrobot/ros2_ws/install/basicmicro_ros2/lib:/home/agrobot/ros2_ws/install/agrobot_interfaces/lib:/opt/ros/kilted/opt/sdformat_vendor/lib:/opt/ros/kilted/opt/gz_math_vendor/lib:/opt/ros/kilted/opt/gz_utils_vendor/lib:/opt/ros/kilted/lib/aarch64-linux-gnu:/opt/ros/kilted/opt/gz_tools_vendor/lib:/opt/ros/kilted/opt/gz_cmake_vendor/lib:/opt/ros/kilted/lib PYTHONPATH=/home/agrobot/ros2_ws/build/agrobot_nav/prefix_override:/usr/lib/python3/dist-packages/colcon_core/task/python/colcon_distutils_commands:/home/agrobot/ros2_ws/install/agrobot_nav/lib/python3.12/site-packages:/home/agrobot/ros2_ws/install/tutorial_interfaces/lib/python3.12/site-packages:/home/agrobot/install/py_pubsub/lib/python3.12/site-packages:/home/agrobot/install/tutorial_interfaces/lib/python3.12/site-packages:/home/agrobot/install/agrobot_actuation/lib/python3.12/site-packages:/home/agrobot/install/agrobot_interfaces/lib/python3.12/site-packages:/home/agrobot/ros2_ws/install/agrobot_nav/lib/python3.12/site-packages:/home/agrobot/ros2_ws/install/basicmicro_ros2/lib/python3.12/site-packages:/home/agrobot/ros2_ws/build/agrobot_actuation:/home/agrobot/ros2_ws/install/agrobot_actuation/lib/python3.12/site-packages:/home/agrobot/ros2_ws/install/agrobot_interfaces/lib/python3.12/site-packages:/home/agrobot/ros2_ws/install/agrobot_detect/lib/python3.12/site-packages:/opt/ros/kilted/lib/python3.12/site-packages /usr/bin/python3 -W ignore:setup.py install is deprecated -W ignore:easy_install command is deprecated setup.py egg_info --egg-base ../../build/agrobot_nav build --build-base /home/agrobot/ros2_ws/build/agrobot_nav/build install --record /home/agrobot/ros2_ws/build/agrobot_nav/install.log --single-version-externally-managed install_data
[1.542s] running egg_info
[1.562s] writing ../../build/agrobot_nav/agrobot_nav.egg-info/PKG-INFO
[1.563s] writing dependency_links to ../../build/agrobot_nav/agrobot_nav.egg-info/dependency_links.txt
[1.564s] writing entry points to ../../build/agrobot_nav/agrobot_nav.egg-info/entry_points.txt
[1.564s] writing requirements to ../../build/agrobot_nav/agrobot_nav.egg-info/requires.txt
[1.565s] writing top-level names to ../../build/agrobot_nav/agrobot_nav.egg-info/top_level.txt
[1.617s] reading manifest file '../../build/agrobot_nav/agrobot_nav.egg-info/SOURCES.txt'
[1.617s] adding license file 'LICENSE'
[1.618s] writing manifest file '../../build/agrobot_nav/agrobot_nav.egg-info/SOURCES.txt'
[1.618s] running build
[1.618s] running build_py
[1.619s] copying agrobot_nav/nav_state_machine.py -> /home/agrobot/ros2_ws/build/agrobot_nav/build/lib/agrobot_nav
[1.620s] running install
[1.630s] running install_lib
[1.653s] copying /home/agrobot/ros2_ws/build/agrobot_nav/build/lib/agrobot_nav/nav_state_machine.py -> /home/agrobot/ros2_ws/install/agrobot_nav/lib/python3.12/site-packages/agrobot_nav
[1.654s] byte-compiling /home/agrobot/ros2_ws/install/agrobot_nav/lib/python3.12/site-packages/agrobot_nav/nav_state_machine.py to nav_state_machine.cpython-312.pyc
[1.658s] running install_data
[1.659s] running install_egg_info
[1.682s] removing '/home/agrobot/ros2_ws/install/agrobot_nav/lib/python3.12/site-packages/agrobot_nav-0.0.0-py3.12.egg-info' (and everything under it)
[1.683s] Copying ../../build/agrobot_nav/agrobot_nav.egg-info to /home/agrobot/ros2_ws/install/agrobot_nav/lib/python3.12/site-packages/agrobot_nav-0.0.0-py3.12.egg-info
[1.684s] running install_scripts
[1.846s] Installing camera script to /home/agrobot/ros2_ws/install/agrobot_nav/lib/agrobot_nav
[1.846s] Installing drive_control script to /home/agrobot/ros2_ws/install/agrobot_nav/lib/agrobot_nav
[1.847s] Installing input script to /home/agrobot/ros2_ws/install/agrobot_nav/lib/agrobot_nav
[1.848s] Installing nav script to /home/agrobot/ros2_ws/install/agrobot_nav/lib/agrobot_nav
[1.848s] Installing tof_sensor script to /home/agrobot/ros2_ws/install/agrobot_nav/lib/agrobot_nav
[1.849s] writing list of installed files to '/home/agrobot/ros2_ws/build/agrobot_nav/install.log'
[1.939s] Invoked command in '/home/agrobot/ros2_ws/src/agrobot_nav' returned '0': CMAKE_PREFIX_PATH=/home/agrobot/ros2_ws/install/tutorial_interfaces:/home/agrobot/install/tutorial_interfaces:/home/agrobot/install/agrobot_interfaces:/home/agrobot/ros2_ws/install/basicmicro_ros2:/home/agrobot/ros2_ws/install/agrobot_interfaces:/opt/ros/kilted/opt/sdformat_vendor:/opt/ros/kilted/opt/gz_math_vendor:/opt/ros/kilted/opt/gz_utils_vendor:/opt/ros/kilted/opt/gz_tools_vendor:/opt/ros/kilted/opt/gz_cmake_vendor LD_LIBRARY_PATH=/home/agrobot/ros2_ws/install/tutorial_interfaces/lib:/home/agrobot/install/tutorial_interfaces/lib:/home/agrobot/install/agrobot_interfaces/lib:/home/agrobot/ros2_ws/install/basicmicro_ros2/lib:/home/agrobot/ros2_ws/install/agrobot_interfaces/lib:/opt/ros/kilted/opt/sdformat_vendor/lib:/opt/ros/kilted/opt/gz_math_vendor/lib:/opt/ros/kilted/opt/gz_utils_vendor/lib:/opt/ros/kilted/lib/aarch64-linux-gnu:/opt/ros/kilted/opt/gz_tools_vendor/lib:/opt/ros/kilted/opt/gz_cmake_vendor/lib:/opt/ros/kilted/lib PYTHONPATH=/home/agrobot/ros2_ws/build/agrobot_nav/prefix_override:/usr/lib/python3/dist-packages/colcon_core/task/python/colcon_distutils_commands:/home/agrobot/ros2_ws/install/agrobot_nav/lib/python3.12/site-packages:/home/agrobot/ros2_ws/install/tutorial_interfaces/lib/python3.12/site-packages:/home/agrobot/install/py_pubsub/lib/python3.12/site-packages:/home/agrobot/install/tutorial_interfaces/lib/python3.12/site-packages:/home/agrobot/install/agrobot_actuation/lib/python3.12/site-packages:/home/agrobot/install/agrobot_interfaces/lib/python3.12/site-packages:/home/agrobot/ros2_ws/install/agrobot_nav/lib/python3.12/site-packages:/home/agrobot/ros2_ws/install/basicmicro_ros2/lib/python3.12/site-packages:/home/agrobot/ros2_ws/build/agrobot_actuation:/home/agrobot/ros2_ws/install/agrobot_actuation/lib/python3.12/site-packages:/home/agrobot/ros2_ws/install/agrobot_interfaces/lib/python3.12/site-packages:/home/agrobot/ros2_ws/install/agrobot_detect/lib/python3.12/site-packages:/opt/ros/kilted/lib/python3.12/site-packages /usr/bin/python3 -W ignore:setup.py install is deprecated -W ignore:easy_install command is deprecated setup.py egg_info --egg-base ../../build/agrobot_nav build --build-base /home/agrobot/ros2_ws/build/agrobot_nav/build install --record /home/agrobot/ros2_ws/build/agrobot_nav/install.log --single-version-externally-managed install_data
