[1.335s] Invoking command in '/home/agrobot/ros2_ws/build/agrobot_actuation': CMAKE_PREFIX_PATH=/home/agrobot/ros2_ws/install/agrobot_interfaces:/home/agrobot/ros2_ws/install/tutorial_interfaces:/home/agrobot/ros2_ws/install/basicmicro_ros2:/opt/ros/kilted/opt/sdformat_vendor:/opt/ros/kilted/opt/gz_math_vendor:/opt/ros/kilted/opt/gz_utils_vendor:/opt/ros/kilted/opt/gz_tools_vendor:/opt/ros/kilted/opt/gz_cmake_vendor LD_LIBRARY_PATH=/home/agrobot/ros2_ws/install/agrobot_interfaces/lib:/home/agrobot/ros2_ws/install/tutorial_interfaces/lib:/home/agrobot/ros2_ws/install/basicmicro_ros2/lib:/opt/ros/kilted/opt/sdformat_vendor/lib:/opt/ros/kilted/opt/gz_math_vendor/lib:/opt/ros/kilted/opt/gz_utils_vendor/lib:/opt/ros/kilted/lib/aarch64-linux-gnu:/opt/ros/kilted/opt/gz_tools_vendor/lib:/opt/ros/kilted/opt/gz_cmake_vendor/lib:/opt/ros/kilted/lib PYTHONPATH=/home/agrobot/ros2_ws/build/agrobot_actuation/prefix_override:/usr/lib/python3/dist-packages/colcon_core/task/python/colcon_distutils_commands:/home/agrobot/ros2_ws/install/agrobot_actuation/lib/python3.12/site-packages:/home/agrobot/ros2_ws/install/agrobot_interfaces/lib/python3.12/site-packages:/home/agrobot/ros2_ws/install/agrobot_nav/lib/python3.12/site-packages:/home/agrobot/ros2_ws/install/tutorial_interfaces/lib/python3.12/site-packages:/home/agrobot/ros2_ws/install/basicmicro_ros2/lib/python3.12/site-packages:/home/agrobot/ros2_ws/build/agrobot_actuation:/home/agrobot/ros2_ws/install/agrobot_actuation/lib/python3.12/site-packages:/home/agrobot/ros2_ws/install/agrobot_detect/lib/python3.12/site-packages:/opt/ros/kilted/lib/python3.12/site-packages /usr/bin/python3 -W ignore:setup.py install is deprecated -W ignore:easy_install command is deprecated setup.py develop --editable --build-directory /home/agrobot/ros2_ws/build/agrobot_actuation/build --no-deps symlink_data
[1.790s] running develop
[2.007s] running egg_info
[2.028s] writing agrobot_actuation.egg-info/PKG-INFO
[2.029s] writing dependency_links to agrobot_actuation.egg-info/dependency_links.txt
[2.029s] writing entry points to agrobot_actuation.egg-info/entry_points.txt
[2.030s] writing requirements to agrobot_actuation.egg-info/requires.txt
[2.030s] writing top-level names to agrobot_actuation.egg-info/top_level.txt
[2.076s] reading manifest file 'agrobot_actuation.egg-info/SOURCES.txt'
[2.077s] writing manifest file 'agrobot_actuation.egg-info/SOURCES.txt'
[2.105s] running build_ext
[2.105s] Creating /home/agrobot/ros2_ws/install/agrobot_actuation/lib/python3.12/site-packages/agrobot-actuation.egg-link (link to .)
[2.108s] Installing beam_break_remove script to /home/agrobot/ros2_ws/install/agrobot_actuation/lib/agrobot_actuation
[2.108s] Installing button_client script to /home/agrobot/ros2_ws/install/agrobot_actuation/lib/agrobot_actuation
[2.108s] Installing remove script to /home/agrobot/ros2_ws/install/agrobot_actuation/lib/agrobot_actuation
[2.108s] Installing seed script to /home/agrobot/ros2_ws/install/agrobot_actuation/lib/agrobot_actuation
[2.108s] 
[2.108s] Installed /home/agrobot/ros2_ws/build/agrobot_actuation
[2.109s] running symlink_data
[2.212s] Invoked command in '/home/agrobot/ros2_ws/build/agrobot_actuation' returned '0': CMAKE_PREFIX_PATH=/home/agrobot/ros2_ws/install/agrobot_interfaces:/home/agrobot/ros2_ws/install/tutorial_interfaces:/home/agrobot/ros2_ws/install/basicmicro_ros2:/opt/ros/kilted/opt/sdformat_vendor:/opt/ros/kilted/opt/gz_math_vendor:/opt/ros/kilted/opt/gz_utils_vendor:/opt/ros/kilted/opt/gz_tools_vendor:/opt/ros/kilted/opt/gz_cmake_vendor LD_LIBRARY_PATH=/home/agrobot/ros2_ws/install/agrobot_interfaces/lib:/home/agrobot/ros2_ws/install/tutorial_interfaces/lib:/home/agrobot/ros2_ws/install/basicmicro_ros2/lib:/opt/ros/kilted/opt/sdformat_vendor/lib:/opt/ros/kilted/opt/gz_math_vendor/lib:/opt/ros/kilted/opt/gz_utils_vendor/lib:/opt/ros/kilted/lib/aarch64-linux-gnu:/opt/ros/kilted/opt/gz_tools_vendor/lib:/opt/ros/kilted/opt/gz_cmake_vendor/lib:/opt/ros/kilted/lib PYTHONPATH=/home/agrobot/ros2_ws/build/agrobot_actuation/prefix_override:/usr/lib/python3/dist-packages/colcon_core/task/python/colcon_distutils_commands:/home/agrobot/ros2_ws/install/agrobot_actuation/lib/python3.12/site-packages:/home/agrobot/ros2_ws/install/agrobot_interfaces/lib/python3.12/site-packages:/home/agrobot/ros2_ws/install/agrobot_nav/lib/python3.12/site-packages:/home/agrobot/ros2_ws/install/tutorial_interfaces/lib/python3.12/site-packages:/home/agrobot/ros2_ws/install/basicmicro_ros2/lib/python3.12/site-packages:/home/agrobot/ros2_ws/build/agrobot_actuation:/home/agrobot/ros2_ws/install/agrobot_actuation/lib/python3.12/site-packages:/home/agrobot/ros2_ws/install/agrobot_detect/lib/python3.12/site-packages:/opt/ros/kilted/lib/python3.12/site-packages /usr/bin/python3 -W ignore:setup.py install is deprecated -W ignore:easy_install command is deprecated setup.py develop --editable --build-directory /home/agrobot/ros2_ws/build/agrobot_actuation/build --no-deps symlink_data
