[1.151s] Invoking command in '/home/agrobot/ros2_ws/src/agrobot_detect': PYTHONPATH=/home/agrobot/ros2_ws/build/agrobot_detect/prefix_override:/usr/lib/python3/dist-packages/colcon_core/task/python/colcon_distutils_commands:/home/agrobot/ros2_ws/install/agrobot_detect/lib/python3.12/site-packages:${PYTHONPATH} /usr/bin/python3 -W ignore:setup.py install is deprecated -W ignore:easy_install command is deprecated setup.py egg_info --egg-base ../../build/agrobot_detect build --build-base /home/agrobot/ros2_ws/build/agrobot_detect/build install --record /home/agrobot/ros2_ws/build/agrobot_detect/install.log --single-version-externally-managed install_data
[1.483s] running egg_info
[1.503s] writing ../../build/agrobot_detect/agrobot_detect.egg-info/PKG-INFO
[1.504s] writing dependency_links to ../../build/agrobot_detect/agrobot_detect.egg-info/dependency_links.txt
[1.505s] writing entry points to ../../build/agrobot_detect/agrobot_detect.egg-info/entry_points.txt
[1.506s] writing requirements to ../../build/agrobot_detect/agrobot_detect.egg-info/requires.txt
[1.506s] writing top-level names to ../../build/agrobot_detect/agrobot_detect.egg-info/top_level.txt
[1.552s] reading manifest file '../../build/agrobot_detect/agrobot_detect.egg-info/SOURCES.txt'
[1.552s] adding license file 'LICENSE'
[1.553s] writing manifest file '../../build/agrobot_detect/agrobot_detect.egg-info/SOURCES.txt'
[1.553s] running build
[1.553s] running build_py
[1.554s] running install
[1.563s] running install_lib
[1.586s] running install_data
[1.586s] running install_egg_info
[1.609s] removing '/home/agrobot/ros2_ws/install/agrobot_detect/lib/python3.12/site-packages/agrobot_detect-0.0.0-py3.12.egg-info' (and everything under it)
[1.610s] Copying ../../build/agrobot_detect/agrobot_detect.egg-info to /home/agrobot/ros2_ws/install/agrobot_detect/lib/python3.12/site-packages/agrobot_detect-0.0.0-py3.12.egg-info
[1.611s] running install_scripts
[1.766s] Installing lcd_display_publisher script to /home/agrobot/ros2_ws/install/agrobot_detect/lib/agrobot_detect
[1.766s] Installing lcd_display_subscriber script to /home/agrobot/ros2_ws/install/agrobot_detect/lib/agrobot_detect
[1.768s] Installing vision_application_publisher script to /home/agrobot/ros2_ws/install/agrobot_detect/lib/agrobot_detect
[1.769s] writing list of installed files to '/home/agrobot/ros2_ws/build/agrobot_detect/install.log'
[1.864s] Invoked command in '/home/agrobot/ros2_ws/src/agrobot_detect' returned '0': PYTHONPATH=/home/agrobot/ros2_ws/build/agrobot_detect/prefix_override:/usr/lib/python3/dist-packages/colcon_core/task/python/colcon_distutils_commands:/home/agrobot/ros2_ws/install/agrobot_detect/lib/python3.12/site-packages:${PYTHONPATH} /usr/bin/python3 -W ignore:setup.py install is deprecated -W ignore:easy_install command is deprecated setup.py egg_info --egg-base ../../build/agrobot_detect build --build-base /home/agrobot/ros2_ws/build/agrobot_detect/build install --record /home/agrobot/ros2_ws/build/agrobot_detect/install.log --single-version-externally-managed install_data
