[1.413s] Invoking command in '/home/agrobot/ros2_ws/src/py_pubsub': PYTHONPATH=/home/agrobot/ros2_ws/build/py_pubsub/prefix_override:/usr/lib/python3/dist-packages/colcon_core/task/python/colcon_distutils_commands:/home/agrobot/ros2_ws/install/py_pubsub/lib/python3.12/site-packages:/home/agrobot/ros2_ws/install/tutorial_interfaces/lib/python3.12/site-packages:/home/agrobot/ros2_ws/install/py_pubsub/lib/python3.12/site-packages:/home/agrobot/ros2_ws/install/agrobot_actuation/lib/python3.12/site-packages:/home/agrobot/ros2_ws/install/agrobot_interfaces/lib/python3.12/site-packages:/opt/ros/kilted/lib/python3.12/site-packages /usr/bin/python3 -W ignore:setup.py install is deprecated -W ignore:easy_install command is deprecated setup.py egg_info --egg-base ../../build/py_pubsub build --build-base /home/agrobot/ros2_ws/build/py_pubsub/build install --record /home/agrobot/ros2_ws/build/py_pubsub/install.log --single-version-externally-managed install_data
[1.728s] running egg_info
[1.747s] writing ../../build/py_pubsub/py_pubsub.egg-info/PKG-INFO
[1.748s] writing dependency_links to ../../build/py_pubsub/py_pubsub.egg-info/dependency_links.txt
[1.749s] writing entry points to ../../build/py_pubsub/py_pubsub.egg-info/entry_points.txt
[1.749s] writing requirements to ../../build/py_pubsub/py_pubsub.egg-info/requires.txt
[1.750s] writing top-level names to ../../build/py_pubsub/py_pubsub.egg-info/top_level.txt
[1.793s] reading manifest file '../../build/py_pubsub/py_pubsub.egg-info/SOURCES.txt'
[1.794s] adding license file 'LICENSE'
[1.795s] writing manifest file '../../build/py_pubsub/py_pubsub.egg-info/SOURCES.txt'
[1.795s] running build
[1.796s] running build_py
[1.796s] copying py_pubsub/subscriber_member_function.py -> /home/agrobot/ros2_ws/build/py_pubsub/build/lib/py_pubsub
[1.797s] running install
[1.807s] running install_lib
[1.829s] copying /home/agrobot/ros2_ws/build/py_pubsub/build/lib/py_pubsub/subscriber_member_function.py -> /home/agrobot/ros2_ws/install/py_pubsub/lib/python3.12/site-packages/py_pubsub
[1.830s] byte-compiling /home/agrobot/ros2_ws/install/py_pubsub/lib/python3.12/site-packages/py_pubsub/subscriber_member_function.py to subscriber_member_function.cpython-312.pyc
[1.831s] running install_data
[1.831s] running install_egg_info
[1.852s] removing '/home/agrobot/ros2_ws/install/py_pubsub/lib/python3.12/site-packages/py_pubsub-0.0.0-py3.12.egg-info' (and everything under it)
[1.853s] Copying ../../build/py_pubsub/py_pubsub.egg-info to /home/agrobot/ros2_ws/install/py_pubsub/lib/python3.12/site-packages/py_pubsub-0.0.0-py3.12.egg-info
[1.855s] running install_scripts
[2.000s] Installing drive_control script to /home/agrobot/ros2_ws/install/py_pubsub/lib/py_pubsub
[2.000s] Installing input script to /home/agrobot/ros2_ws/install/py_pubsub/lib/py_pubsub
[2.002s] writing list of installed files to '/home/agrobot/ros2_ws/build/py_pubsub/install.log'
[2.089s] Invoked command in '/home/agrobot/ros2_ws/src/py_pubsub' returned '0': PYTHONPATH=/home/agrobot/ros2_ws/build/py_pubsub/prefix_override:/usr/lib/python3/dist-packages/colcon_core/task/python/colcon_distutils_commands:/home/agrobot/ros2_ws/install/py_pubsub/lib/python3.12/site-packages:/home/agrobot/ros2_ws/install/tutorial_interfaces/lib/python3.12/site-packages:/home/agrobot/ros2_ws/install/py_pubsub/lib/python3.12/site-packages:/home/agrobot/ros2_ws/install/agrobot_actuation/lib/python3.12/site-packages:/home/agrobot/ros2_ws/install/agrobot_interfaces/lib/python3.12/site-packages:/opt/ros/kilted/lib/python3.12/site-packages /usr/bin/python3 -W ignore:setup.py install is deprecated -W ignore:easy_install command is deprecated setup.py egg_info --egg-base ../../build/py_pubsub build --build-base /home/agrobot/ros2_ws/build/py_pubsub/build install --record /home/agrobot/ros2_ws/build/py_pubsub/install.log --single-version-externally-managed install_data
