[1.453s] Invoking command in '/home/agrobot/ros2_ws/build/agrobot_actuation': AMENT_PREFIX_PATH=/home/agrobot/ros2_ws/install/agrobot_interfaces:${AMENT_PREFIX_PATH} CMAKE_PREFIX_PATH=/home/agrobot/ros2_ws/install/agrobot_interfaces:${CMAKE_PREFIX_PATH} LD_LIBRARY_PATH=/home/agrobot/ros2_ws/install/agrobot_interfaces/lib:${LD_LIBRARY_PATH} PYTHONPATH=/home/agrobot/ros2_ws/build/agrobot_actuation/prefix_override:/usr/lib/python3/dist-packages/colcon_core/task/python/colcon_distutils_commands:/home/agrobot/ros2_ws/install/agrobot_actuation/lib/python3.12/site-packages:/home/agrobot/ros2_ws/install/agrobot_interfaces/lib/python3.12/site-packages:${PYTHONPATH} /usr/bin/python3 -W ignore:setup.py install is deprecated -W ignore:easy_install command is deprecated setup.py develop --editable --build-directory /home/agrobot/ros2_ws/build/agrobot_actuation/build --no-deps symlink_data
[1.837s] running develop
[2.047s] running egg_info
[2.067s] writing agrobot_actuation.egg-info/PKG-INFO
[2.108s] writing dependency_links to agrobot_actuation.egg-info/dependency_links.txt
[2.109s] writing entry points to agrobot_actuation.egg-info/entry_points.txt
[2.109s] writing requirements to agrobot_actuation.egg-info/requires.txt
[2.110s] writing top-level names to agrobot_actuation.egg-info/top_level.txt
[2.153s] reading manifest file 'agrobot_actuation.egg-info/SOURCES.txt'
[2.155s] writing manifest file 'agrobot_actuation.egg-info/SOURCES.txt'
[2.177s] running build_ext
[2.178s] Creating /home/agrobot/ros2_ws/install/agrobot_actuation/lib/python3.12/site-packages/agrobot-actuation.egg-link (link to .)
[2.179s] Installing beam_break_remove script to /home/agrobot/ros2_ws/install/agrobot_actuation/lib/agrobot_actuation
[2.179s] Installing button_client script to /home/agrobot/ros2_ws/install/agrobot_actuation/lib/agrobot_actuation
[2.179s] Installing remove script to /home/agrobot/ros2_ws/install/agrobot_actuation/lib/agrobot_actuation
[2.179s] Installing seed script to /home/agrobot/ros2_ws/install/agrobot_actuation/lib/agrobot_actuation
[2.180s] 
[2.180s] Installed /home/agrobot/ros2_ws/build/agrobot_actuation
[2.180s] running symlink_data
[2.280s] Invoked command in '/home/agrobot/ros2_ws/build/agrobot_actuation' returned '0': AMENT_PREFIX_PATH=/home/agrobot/ros2_ws/install/agrobot_interfaces:${AMENT_PREFIX_PATH} CMAKE_PREFIX_PATH=/home/agrobot/ros2_ws/install/agrobot_interfaces:${CMAKE_PREFIX_PATH} LD_LIBRARY_PATH=/home/agrobot/ros2_ws/install/agrobot_interfaces/lib:${LD_LIBRARY_PATH} PYTHONPATH=/home/agrobot/ros2_ws/build/agrobot_actuation/prefix_override:/usr/lib/python3/dist-packages/colcon_core/task/python/colcon_distutils_commands:/home/agrobot/ros2_ws/install/agrobot_actuation/lib/python3.12/site-packages:/home/agrobot/ros2_ws/install/agrobot_interfaces/lib/python3.12/site-packages:${PYTHONPATH} /usr/bin/python3 -W ignore:setup.py install is deprecated -W ignore:easy_install command is deprecated setup.py develop --editable --build-directory /home/agrobot/ros2_ws/build/agrobot_actuation/build --no-deps symlink_data
