[0.016s] Invoking command in '/home/agrobot/ros2_ws/build/agrobot_interfaces': CMAKE_PREFIX_PATH=${CMAKE_PREFIX_PATH}:/home/agrobot/ros2_ws/install/py_pubsub:/home/agrobot/ros2_ws/install/agrobot_actuation:/opt/ros/kilted /usr/bin/cmake --build /home/agrobot/ros2_ws/build/agrobot_interfaces -- -j4 -l4
[0.102s] [  2%] Built target agrobot_interfaces__rosidl_generator_type_description
[0.124s] [  2%] Built target ament_cmake_python_copy_agrobot_interfaces
[0.142s] [  5%] Built target agrobot_interfaces__cpp
[0.145s] [ 20%] Built target agrobot_interfaces__rosidl_generator_c
[0.199s] [ 38%] Built target agrobot_interfaces__rosidl_typesupport_fastrtps_c
[0.203s] [ 38%] Built target agrobot_interfaces__rosidl_typesupport_cpp
[0.209s] [ 47%] Built target agrobot_interfaces__rosidl_typesupport_introspection_c
[0.254s] [ 55%] Built target agrobot_interfaces__rosidl_typesupport_c
[0.262s] [ 64%] Built target agrobot_interfaces__rosidl_typesupport_fastrtps_cpp
[0.268s] [ 73%] Built target agrobot_interfaces__rosidl_typesupport_introspection_cpp
[0.305s] [ 73%] Built target agrobot_interfaces
[0.342s] [ 76%] Built target agrobot_interfaces__py
[0.382s] [ 82%] Built target agrobot_interfaces__rosidl_generator_py
[0.429s] [ 88%] Built target agrobot_interfaces_s__rosidl_typesupport_introspection_c
[0.437s] [ 94%] Built target agrobot_interfaces_s__rosidl_typesupport_fastrtps_c
[0.439s] [100%] Built target agrobot_interfaces_s__rosidl_typesupport_c
[0.498s] running egg_info
[0.519s] writing agrobot_interfaces.egg-info/PKG-INFO
[0.520s] writing dependency_links to agrobot_interfaces.egg-info/dependency_links.txt
[0.521s] writing top-level names to agrobot_interfaces.egg-info/top_level.txt
[0.579s] reading manifest file 'agrobot_interfaces.egg-info/SOURCES.txt'
[0.580s] writing manifest file 'agrobot_interfaces.egg-info/SOURCES.txt'
[0.654s] [100%] Built target ament_cmake_python_build_agrobot_interfaces_egg
[0.675s] Invoked command in '/home/agrobot/ros2_ws/build/agrobot_interfaces' returned '0': CMAKE_PREFIX_PATH=${CMAKE_PREFIX_PATH}:/home/agrobot/ros2_ws/install/py_pubsub:/home/agrobot/ros2_ws/install/agrobot_actuation:/opt/ros/kilted /usr/bin/cmake --build /home/agrobot/ros2_ws/build/agrobot_interfaces -- -j4 -l4
[0.692s] Invoking command in '/home/agrobot/ros2_ws/build/agrobot_interfaces': CMAKE_PREFIX_PATH=${CMAKE_PREFIX_PATH}:/home/agrobot/ros2_ws/install/py_pubsub:/home/agrobot/ros2_ws/install/agrobot_actuation:/opt/ros/kilted /usr/bin/cmake --install /home/agrobot/ros2_ws/build/agrobot_interfaces
[0.707s] -- Install configuration: ""
[0.707s] -- Up-to-date: /home/agrobot/ros2_ws/install/agrobot_interfaces/share/ament_index/resource_index/rosidl_interfaces/agrobot_interfaces
[0.707s] -- Up-to-date: /home/agrobot/ros2_ws/install/agrobot_interfaces/share/agrobot_interfaces/srv/MoveServo.json
[0.707s] -- Up-to-date: /home/agrobot/ros2_ws/install/agrobot_interfaces/include/agrobot_interfaces/agrobot_interfaces
[0.708s] -- Up-to-date: /home/agrobot/ros2_ws/install/agrobot_interfaces/include/agrobot_interfaces/agrobot_interfaces/msg
[0.708s] -- Up-to-date: /home/agrobot/ros2_ws/install/agrobot_interfaces/include/agrobot_interfaces/agrobot_interfaces/msg/rosidl_generator_c__visibility_control.h
[0.708s] -- Up-to-date: /home/agrobot/ros2_ws/install/agrobot_interfaces/include/agrobot_interfaces/agrobot_interfaces/srv
[0.708s] -- Up-to-date: /home/agrobot/ros2_ws/install/agrobot_interfaces/include/agrobot_interfaces/agrobot_interfaces/srv/detail
[0.708s] -- Up-to-date: /home/agrobot/ros2_ws/install/agrobot_interfaces/include/agrobot_interfaces/agrobot_interfaces/srv/detail/move_servo__struct.h
[0.708s] -- Up-to-date: /home/agrobot/ros2_ws/install/agrobot_interfaces/include/agrobot_interfaces/agrobot_interfaces/srv/detail/move_servo__functions.h
[0.708s] -- Up-to-date: /home/agrobot/ros2_ws/install/agrobot_interfaces/include/agrobot_interfaces/agrobot_interfaces/srv/detail/move_servo__type_support.h
[0.708s] -- Up-to-date: /home/agrobot/ros2_ws/install/agrobot_interfaces/include/agrobot_interfaces/agrobot_interfaces/srv/detail/move_servo__description.c
[0.708s] -- Up-to-date: /home/agrobot/ros2_ws/install/agrobot_interfaces/include/agrobot_interfaces/agrobot_interfaces/srv/detail/move_servo__functions.c
[0.708s] -- Up-to-date: /home/agrobot/ros2_ws/install/agrobot_interfaces/include/agrobot_interfaces/agrobot_interfaces/srv/detail/move_servo__type_support.c
[0.709s] -- Up-to-date: /home/agrobot/ros2_ws/install/agrobot_interfaces/include/agrobot_interfaces/agrobot_interfaces/srv/move_servo.h
[0.709s] -- Up-to-date: /home/agrobot/ros2_ws/install/agrobot_interfaces/share/agrobot_interfaces/environment/library_path.sh
[0.709s] -- Up-to-date: /home/agrobot/ros2_ws/install/agrobot_interfaces/share/agrobot_interfaces/environment/library_path.dsv
[0.709s] -- Up-to-date: /home/agrobot/ros2_ws/install/agrobot_interfaces/lib/libagrobot_interfaces__rosidl_generator_c.so
[0.709s] -- Up-to-date: /home/agrobot/ros2_ws/install/agrobot_interfaces/include/agrobot_interfaces/agrobot_interfaces
[0.709s] -- Up-to-date: /home/agrobot/ros2_ws/install/agrobot_interfaces/include/agrobot_interfaces/agrobot_interfaces/msg
[0.709s] -- Up-to-date: /home/agrobot/ros2_ws/install/agrobot_interfaces/include/agrobot_interfaces/agrobot_interfaces/msg/rosidl_typesupport_fastrtps_c__visibility_control.h
[0.709s] -- Up-to-date: /home/agrobot/ros2_ws/install/agrobot_interfaces/include/agrobot_interfaces/agrobot_interfaces/srv
[0.709s] -- Up-to-date: /home/agrobot/ros2_ws/install/agrobot_interfaces/include/agrobot_interfaces/agrobot_interfaces/srv/detail
[0.709s] -- Up-to-date: /home/agrobot/ros2_ws/install/agrobot_interfaces/include/agrobot_interfaces/agrobot_interfaces/srv/detail/move_servo__rosidl_typesupport_fastrtps_c.h
[0.709s] -- Up-to-date: /home/agrobot/ros2_ws/install/agrobot_interfaces/lib/libagrobot_interfaces__rosidl_typesupport_fastrtps_c.so
[0.709s] -- Up-to-date: /home/agrobot/ros2_ws/install/agrobot_interfaces/include/agrobot_interfaces/agrobot_interfaces
[0.710s] -- Up-to-date: /home/agrobot/ros2_ws/install/agrobot_interfaces/include/agrobot_interfaces/agrobot_interfaces/msg
[0.710s] -- Up-to-date: /home/agrobot/ros2_ws/install/agrobot_interfaces/include/agrobot_interfaces/agrobot_interfaces/msg/rosidl_typesupport_introspection_c__visibility_control.h
[0.710s] -- Up-to-date: /home/agrobot/ros2_ws/install/agrobot_interfaces/include/agrobot_interfaces/agrobot_interfaces/srv
[0.710s] -- Up-to-date: /home/agrobot/ros2_ws/install/agrobot_interfaces/include/agrobot_interfaces/agrobot_interfaces/srv/detail
[0.710s] -- Up-to-date: /home/agrobot/ros2_ws/install/agrobot_interfaces/include/agrobot_interfaces/agrobot_interfaces/srv/detail/move_servo__rosidl_typesupport_introspection_c.h
[0.710s] -- Up-to-date: /home/agrobot/ros2_ws/install/agrobot_interfaces/include/agrobot_interfaces/agrobot_interfaces/srv/detail/move_servo__type_support.c
[0.710s] -- Up-to-date: /home/agrobot/ros2_ws/install/agrobot_interfaces/lib/libagrobot_interfaces__rosidl_typesupport_introspection_c.so
[0.710s] -- Up-to-date: /home/agrobot/ros2_ws/install/agrobot_interfaces/lib/libagrobot_interfaces__rosidl_typesupport_c.so
[0.710s] -- Up-to-date: /home/agrobot/ros2_ws/install/agrobot_interfaces/include/agrobot_interfaces/agrobot_interfaces
[0.710s] -- Up-to-date: /home/agrobot/ros2_ws/install/agrobot_interfaces/include/agrobot_interfaces/agrobot_interfaces/msg
[0.711s] -- Up-to-date: /home/agrobot/ros2_ws/install/agrobot_interfaces/include/agrobot_interfaces/agrobot_interfaces/msg/rosidl_generator_cpp__visibility_control.hpp
[0.711s] -- Up-to-date: /home/agrobot/ros2_ws/install/agrobot_interfaces/include/agrobot_interfaces/agrobot_interfaces/srv
[0.711s] -- Up-to-date: /home/agrobot/ros2_ws/install/agrobot_interfaces/include/agrobot_interfaces/agrobot_interfaces/srv/detail
[0.711s] -- Up-to-date: /home/agrobot/ros2_ws/install/agrobot_interfaces/include/agrobot_interfaces/agrobot_interfaces/srv/detail/move_servo__builder.hpp
[0.711s] -- Up-to-date: /home/agrobot/ros2_ws/install/agrobot_interfaces/include/agrobot_interfaces/agrobot_interfaces/srv/detail/move_servo__struct.hpp
[0.711s] -- Up-to-date: /home/agrobot/ros2_ws/install/agrobot_interfaces/include/agrobot_interfaces/agrobot_interfaces/srv/detail/move_servo__traits.hpp
[0.711s] -- Up-to-date: /home/agrobot/ros2_ws/install/agrobot_interfaces/include/agrobot_interfaces/agrobot_interfaces/srv/detail/move_servo__type_support.hpp
[0.711s] -- Up-to-date: /home/agrobot/ros2_ws/install/agrobot_interfaces/include/agrobot_interfaces/agrobot_interfaces/srv/move_servo.hpp
[0.711s] -- Up-to-date: /home/agrobot/ros2_ws/install/agrobot_interfaces/include/agrobot_interfaces/agrobot_interfaces
[0.711s] -- Up-to-date: /home/agrobot/ros2_ws/install/agrobot_interfaces/include/agrobot_interfaces/agrobot_interfaces/msg
[0.711s] -- Up-to-date: /home/agrobot/ros2_ws/install/agrobot_interfaces/include/agrobot_interfaces/agrobot_interfaces/msg/rosidl_typesupport_fastrtps_cpp__visibility_control.h
[0.711s] -- Up-to-date: /home/agrobot/ros2_ws/install/agrobot_interfaces/include/agrobot_interfaces/agrobot_interfaces/srv
[0.712s] -- Up-to-date: /home/agrobot/ros2_ws/install/agrobot_interfaces/include/agrobot_interfaces/agrobot_interfaces/srv/detail
[0.712s] -- Up-to-date: /home/agrobot/ros2_ws/install/agrobot_interfaces/include/agrobot_interfaces/agrobot_interfaces/srv/detail/dds_fastrtps
[0.712s] -- Up-to-date: /home/agrobot/ros2_ws/install/agrobot_interfaces/include/agrobot_interfaces/agrobot_interfaces/srv/detail/move_servo__rosidl_typesupport_fastrtps_cpp.hpp
[0.712s] -- Up-to-date: /home/agrobot/ros2_ws/install/agrobot_interfaces/lib/libagrobot_interfaces__rosidl_typesupport_fastrtps_cpp.so
[0.712s] -- Up-to-date: /home/agrobot/ros2_ws/install/agrobot_interfaces/include/agrobot_interfaces/agrobot_interfaces
[0.712s] -- Up-to-date: /home/agrobot/ros2_ws/install/agrobot_interfaces/include/agrobot_interfaces/agrobot_interfaces/srv
[0.712s] -- Up-to-date: /home/agrobot/ros2_ws/install/agrobot_interfaces/include/agrobot_interfaces/agrobot_interfaces/srv/detail
[0.712s] -- Up-to-date: /home/agrobot/ros2_ws/install/agrobot_interfaces/include/agrobot_interfaces/agrobot_interfaces/srv/detail/move_servo__type_support.cpp
[0.712s] -- Up-to-date: /home/agrobot/ros2_ws/install/agrobot_interfaces/include/agrobot_interfaces/agrobot_interfaces/srv/detail/move_servo__rosidl_typesupport_introspection_cpp.hpp
[0.712s] -- Up-to-date: /home/agrobot/ros2_ws/install/agrobot_interfaces/lib/libagrobot_interfaces__rosidl_typesupport_introspection_cpp.so
[0.713s] -- Up-to-date: /home/agrobot/ros2_ws/install/agrobot_interfaces/lib/libagrobot_interfaces__rosidl_typesupport_cpp.so
[0.713s] -- Up-to-date: /home/agrobot/ros2_ws/install/agrobot_interfaces/share/agrobot_interfaces/environment/pythonpath.sh
[0.713s] -- Up-to-date: /home/agrobot/ros2_ws/install/agrobot_interfaces/share/agrobot_interfaces/environment/pythonpath.dsv
[0.713s] -- Up-to-date: /home/agrobot/ros2_ws/install/agrobot_interfaces/lib/python3.12/site-packages/agrobot_interfaces-0.0.0-py3.12.egg-info
[0.713s] -- Installing: /home/agrobot/ros2_ws/install/agrobot_interfaces/lib/python3.12/site-packages/agrobot_interfaces-0.0.0-py3.12.egg-info/dependency_links.txt
[0.713s] -- Installing: /home/agrobot/ros2_ws/install/agrobot_interfaces/lib/python3.12/site-packages/agrobot_interfaces-0.0.0-py3.12.egg-info/SOURCES.txt
[0.713s] -- Installing: /home/agrobot/ros2_ws/install/agrobot_interfaces/lib/python3.12/site-packages/agrobot_interfaces-0.0.0-py3.12.egg-info/top_level.txt
[0.713s] -- Installing: /home/agrobot/ros2_ws/install/agrobot_interfaces/lib/python3.12/site-packages/agrobot_interfaces-0.0.0-py3.12.egg-info/PKG-INFO
[0.713s] -- Up-to-date: /home/agrobot/ros2_ws/install/agrobot_interfaces/lib/python3.12/site-packages/agrobot_interfaces
[0.713s] -- Up-to-date: /home/agrobot/ros2_ws/install/agrobot_interfaces/lib/python3.12/site-packages/agrobot_interfaces/agrobot_interfaces_s__rosidl_typesupport_c.so
[0.714s] -- Up-to-date: /home/agrobot/ros2_ws/install/agrobot_interfaces/lib/python3.12/site-packages/agrobot_interfaces/srv
[0.714s] -- Up-to-date: /home/agrobot/ros2_ws/install/agrobot_interfaces/lib/python3.12/site-packages/agrobot_interfaces/srv/_move_servo.py
[0.714s] -- Up-to-date: /home/agrobot/ros2_ws/install/agrobot_interfaces/lib/python3.12/site-packages/agrobot_interfaces/srv/__init__.py
[0.714s] -- Up-to-date: /home/agrobot/ros2_ws/install/agrobot_interfaces/lib/python3.12/site-packages/agrobot_interfaces/srv/_move_servo_s.c
[0.714s] -- Up-to-date: /home/agrobot/ros2_ws/install/agrobot_interfaces/lib/python3.12/site-packages/agrobot_interfaces/_agrobot_interfaces_s.ep.rosidl_typesupport_introspection_c.c
[0.714s] -- Up-to-date: /home/agrobot/ros2_ws/install/agrobot_interfaces/lib/python3.12/site-packages/agrobot_interfaces/__init__.py
[0.714s] -- Up-to-date: /home/agrobot/ros2_ws/install/agrobot_interfaces/lib/python3.12/site-packages/agrobot_interfaces/agrobot_interfaces_s__rosidl_typesupport_fastrtps_c.so
[0.714s] -- Up-to-date: /home/agrobot/ros2_ws/install/agrobot_interfaces/lib/python3.12/site-packages/agrobot_interfaces/_agrobot_interfaces_s.ep.rosidl_typesupport_fastrtps_c.c
[0.714s] -- Up-to-date: /home/agrobot/ros2_ws/install/agrobot_interfaces/lib/python3.12/site-packages/agrobot_interfaces/agrobot_interfaces_s__rosidl_typesupport_introspection_c.so
[0.714s] -- Up-to-date: /home/agrobot/ros2_ws/install/agrobot_interfaces/lib/python3.12/site-packages/agrobot_interfaces/_agrobot_interfaces_s.ep.rosidl_typesupport_c.c
[0.764s] Listing '/home/agrobot/ros2_ws/install/agrobot_interfaces/lib/python3.12/site-packages/agrobot_interfaces'...
[0.764s] Listing '/home/agrobot/ros2_ws/install/agrobot_interfaces/lib/python3.12/site-packages/agrobot_interfaces/srv'...
[0.777s] -- Up-to-date: /home/agrobot/ros2_ws/install/agrobot_interfaces/lib/python3.12/site-packages/agrobot_interfaces/agrobot_interfaces_s__rosidl_typesupport_fastrtps_c.so
[0.778s] -- Up-to-date: /home/agrobot/ros2_ws/install/agrobot_interfaces/lib/python3.12/site-packages/agrobot_interfaces/agrobot_interfaces_s__rosidl_typesupport_introspection_c.so
[0.778s] -- Up-to-date: /home/agrobot/ros2_ws/install/agrobot_interfaces/lib/python3.12/site-packages/agrobot_interfaces/agrobot_interfaces_s__rosidl_typesupport_c.so
[0.778s] -- Up-to-date: /home/agrobot/ros2_ws/install/agrobot_interfaces/lib/libagrobot_interfaces__rosidl_generator_py.so
[0.778s] -- Up-to-date: /home/agrobot/ros2_ws/install/agrobot_interfaces/share/agrobot_interfaces/srv/MoveServo.idl
[0.779s] -- Up-to-date: /home/agrobot/ros2_ws/install/agrobot_interfaces/share/agrobot_interfaces/srv/MoveServo.srv
[0.779s] -- Up-to-date: /home/agrobot/ros2_ws/install/agrobot_interfaces/share/ament_index/resource_index/package_run_dependencies/agrobot_interfaces
[0.779s] -- Up-to-date: /home/agrobot/ros2_ws/install/agrobot_interfaces/share/ament_index/resource_index/parent_prefix_path/agrobot_interfaces
[0.779s] -- Up-to-date: /home/agrobot/ros2_ws/install/agrobot_interfaces/share/agrobot_interfaces/environment/ament_prefix_path.sh
[0.779s] -- Up-to-date: /home/agrobot/ros2_ws/install/agrobot_interfaces/share/agrobot_interfaces/environment/ament_prefix_path.dsv
[0.779s] -- Up-to-date: /home/agrobot/ros2_ws/install/agrobot_interfaces/share/agrobot_interfaces/environment/path.sh
[0.779s] -- Up-to-date: /home/agrobot/ros2_ws/install/agrobot_interfaces/share/agrobot_interfaces/environment/path.dsv
[0.779s] -- Up-to-date: /home/agrobot/ros2_ws/install/agrobot_interfaces/share/agrobot_interfaces/local_setup.bash
[0.779s] -- Up-to-date: /home/agrobot/ros2_ws/install/agrobot_interfaces/share/agrobot_interfaces/local_setup.sh
[0.779s] -- Up-to-date: /home/agrobot/ros2_ws/install/agrobot_interfaces/share/agrobot_interfaces/local_setup.zsh
[0.780s] -- Up-to-date: /home/agrobot/ros2_ws/install/agrobot_interfaces/share/agrobot_interfaces/local_setup.dsv
[0.780s] -- Installing: /home/agrobot/ros2_ws/install/agrobot_interfaces/share/agrobot_interfaces/package.dsv
[0.780s] -- Up-to-date: /home/agrobot/ros2_ws/install/agrobot_interfaces/share/ament_index/resource_index/packages/agrobot_interfaces
[0.780s] -- Up-to-date: /home/agrobot/ros2_ws/install/agrobot_interfaces/share/agrobot_interfaces/cmake/export_agrobot_interfaces__rosidl_generator_cExport.cmake
[0.780s] -- Up-to-date: /home/agrobot/ros2_ws/install/agrobot_interfaces/share/agrobot_interfaces/cmake/export_agrobot_interfaces__rosidl_generator_cExport-noconfig.cmake
[0.780s] -- Up-to-date: /home/agrobot/ros2_ws/install/agrobot_interfaces/share/agrobot_interfaces/cmake/export_agrobot_interfaces__rosidl_typesupport_fastrtps_cExport.cmake
[0.780s] -- Up-to-date: /home/agrobot/ros2_ws/install/agrobot_interfaces/share/agrobot_interfaces/cmake/export_agrobot_interfaces__rosidl_typesupport_fastrtps_cExport-noconfig.cmake
[0.780s] -- Up-to-date: /home/agrobot/ros2_ws/install/agrobot_interfaces/share/agrobot_interfaces/cmake/agrobot_interfaces__rosidl_typesupport_introspection_cExport.cmake
[0.780s] -- Up-to-date: /home/agrobot/ros2_ws/install/agrobot_interfaces/share/agrobot_interfaces/cmake/agrobot_interfaces__rosidl_typesupport_introspection_cExport-noconfig.cmake
[0.780s] -- Up-to-date: /home/agrobot/ros2_ws/install/agrobot_interfaces/share/agrobot_interfaces/cmake/agrobot_interfaces__rosidl_typesupport_cExport.cmake
[0.781s] -- Up-to-date: /home/agrobot/ros2_ws/install/agrobot_interfaces/share/agrobot_interfaces/cmake/agrobot_interfaces__rosidl_typesupport_cExport-noconfig.cmake
[0.781s] -- Up-to-date: /home/agrobot/ros2_ws/install/agrobot_interfaces/share/agrobot_interfaces/cmake/export_agrobot_interfaces__rosidl_generator_cppExport.cmake
[0.781s] -- Up-to-date: /home/agrobot/ros2_ws/install/agrobot_interfaces/share/agrobot_interfaces/cmake/export_agrobot_interfaces__rosidl_typesupport_fastrtps_cppExport.cmake
[0.781s] -- Up-to-date: /home/agrobot/ros2_ws/install/agrobot_interfaces/share/agrobot_interfaces/cmake/export_agrobot_interfaces__rosidl_typesupport_fastrtps_cppExport-noconfig.cmake
[0.781s] -- Up-to-date: /home/agrobot/ros2_ws/install/agrobot_interfaces/share/agrobot_interfaces/cmake/agrobot_interfaces__rosidl_typesupport_introspection_cppExport.cmake
[0.781s] -- Up-to-date: /home/agrobot/ros2_ws/install/agrobot_interfaces/share/agrobot_interfaces/cmake/agrobot_interfaces__rosidl_typesupport_introspection_cppExport-noconfig.cmake
[0.781s] -- Up-to-date: /home/agrobot/ros2_ws/install/agrobot_interfaces/share/agrobot_interfaces/cmake/agrobot_interfaces__rosidl_typesupport_cppExport.cmake
[0.781s] -- Up-to-date: /home/agrobot/ros2_ws/install/agrobot_interfaces/share/agrobot_interfaces/cmake/agrobot_interfaces__rosidl_typesupport_cppExport-noconfig.cmake
[0.781s] -- Up-to-date: /home/agrobot/ros2_ws/install/agrobot_interfaces/share/agrobot_interfaces/cmake/export_agrobot_interfaces__rosidl_generator_pyExport.cmake
[0.781s] -- Up-to-date: /home/agrobot/ros2_ws/install/agrobot_interfaces/share/agrobot_interfaces/cmake/export_agrobot_interfaces__rosidl_generator_pyExport-noconfig.cmake
[0.781s] -- Up-to-date: /home/agrobot/ros2_ws/install/agrobot_interfaces/share/agrobot_interfaces/cmake/rosidl_cmake-extras.cmake
[0.782s] -- Up-to-date: /home/agrobot/ros2_ws/install/agrobot_interfaces/share/agrobot_interfaces/cmake/ament_cmake_export_dependencies-extras.cmake
[0.782s] -- Up-to-date: /home/agrobot/ros2_ws/install/agrobot_interfaces/share/agrobot_interfaces/cmake/ament_cmake_export_include_directories-extras.cmake
[0.782s] -- Up-to-date: /home/agrobot/ros2_ws/install/agrobot_interfaces/share/agrobot_interfaces/cmake/ament_cmake_export_libraries-extras.cmake
[0.782s] -- Up-to-date: /home/agrobot/ros2_ws/install/agrobot_interfaces/share/agrobot_interfaces/cmake/ament_cmake_export_targets-extras.cmake
[0.782s] -- Up-to-date: /home/agrobot/ros2_ws/install/agrobot_interfaces/share/agrobot_interfaces/cmake/rosidl_cmake_export_typesupport_targets-extras.cmake
[0.782s] -- Up-to-date: /home/agrobot/ros2_ws/install/agrobot_interfaces/share/agrobot_interfaces/cmake/rosidl_cmake_export_typesupport_libraries-extras.cmake
[0.782s] -- Up-to-date: /home/agrobot/ros2_ws/install/agrobot_interfaces/share/agrobot_interfaces/cmake/agrobot_interfacesConfig.cmake
[0.782s] -- Up-to-date: /home/agrobot/ros2_ws/install/agrobot_interfaces/share/agrobot_interfaces/cmake/agrobot_interfacesConfig-version.cmake
[0.782s] -- Up-to-date: /home/agrobot/ros2_ws/install/agrobot_interfaces/share/agrobot_interfaces/package.xml
[0.785s] Invoked command in '/home/agrobot/ros2_ws/build/agrobot_interfaces' returned '0': CMAKE_PREFIX_PATH=${CMAKE_PREFIX_PATH}:/home/agrobot/ros2_ws/install/py_pubsub:/home/agrobot/ros2_ws/install/agrobot_actuation:/opt/ros/kilted /usr/bin/cmake --install /home/agrobot/ros2_ws/build/agrobot_interfaces
