/home/agrobot/ros2_ws/install/agrobot_actuation/lib/python3.12/site-packages/agrobot_actuation/button_client.py
/home/agrobot/ros2_ws/install/agrobot_actuation/lib/python3.12/site-packages/agrobot_actuation/remove.py
/home/agrobot/ros2_ws/install/agrobot_actuation/lib/python3.12/site-packages/agrobot_actuation/__init__.py
/home/agrobot/ros2_ws/install/agrobot_actuation/lib/python3.12/site-packages/agrobot_actuation/seed.py
/home/agrobot/ros2_ws/install/agrobot_actuation/lib/python3.12/site-packages/agrobot_actuation/py.typed
/home/agrobot/ros2_ws/install/agrobot_actuation/lib/python3.12/site-packages/agrobot_actuation/__pycache__/button_client.cpython-312.pyc
/home/agrobot/ros2_ws/install/agrobot_actuation/lib/python3.12/site-packages/agrobot_actuation/__pycache__/remove.cpython-312.pyc
/home/agrobot/ros2_ws/install/agrobot_actuation/lib/python3.12/site-packages/agrobot_actuation/__pycache__/__init__.cpython-312.pyc
/home/agrobot/ros2_ws/install/agrobot_actuation/lib/python3.12/site-packages/agrobot_actuation/__pycache__/seed.cpython-312.pyc
/home/agrobot/ros2_ws/install/agrobot_actuation/share/ament_index/resource_index/packages/agrobot_actuation
/home/agrobot/ros2_ws/install/agrobot_actuation/share/agrobot_actuation/package.xml
/home/agrobot/ros2_ws/install/agrobot_actuation/lib/python3.12/site-packages/agrobot_actuation-0.0.0-py3.12.egg-info/dependency_links.txt
/home/agrobot/ros2_ws/install/agrobot_actuation/lib/python3.12/site-packages/agrobot_actuation-0.0.0-py3.12.egg-info/entry_points.txt
/home/agrobot/ros2_ws/install/agrobot_actuation/lib/python3.12/site-packages/agrobot_actuation-0.0.0-py3.12.egg-info/SOURCES.txt
/home/agrobot/ros2_ws/install/agrobot_actuation/lib/python3.12/site-packages/agrobot_actuation-0.0.0-py3.12.egg-info/zip-safe
/home/agrobot/ros2_ws/install/agrobot_actuation/lib/python3.12/site-packages/agrobot_actuation-0.0.0-py3.12.egg-info/top_level.txt
/home/agrobot/ros2_ws/install/agrobot_actuation/lib/python3.12/site-packages/agrobot_actuation-0.0.0-py3.12.egg-info/PKG-INFO
/home/agrobot/ros2_ws/install/agrobot_actuation/lib/python3.12/site-packages/agrobot_actuation-0.0.0-py3.12.egg-info/requires.txt
/home/agrobot/ros2_ws/install/agrobot_actuation/lib/agrobot_actuation/button_client
/home/agrobot/ros2_ws/install/agrobot_actuation/lib/agrobot_actuation/remove
/home/agrobot/ros2_ws/install/agrobot_actuation/lib/agrobot_actuation/seed
