[1.130s] Invoking command in '/home/agrobot/ros2_ws/src/agrobot_nav': AMENT_PREFIX_PATH=/home/agrobot/ros2_ws/install/tutorial_interfaces:${AMENT_PREFIX_PATH} CMAKE_PREFIX_PATH=/home/agrobot/ros2_ws/install/tutorial_interfaces:${CMAKE_PREFIX_PATH} LD_LIBRARY_PATH=/home/agrobot/ros2_ws/install/tutorial_interfaces/lib:${LD_LIBRARY_PATH} PYTHONPATH=/home/agrobot/ros2_ws/build/agrobot_nav/prefix_override:/usr/lib/python3/dist-packages/colcon_core/task/python/colcon_distutils_commands:/home/agrobot/ros2_ws/install/agrobot_nav/lib/python3.12/site-packages:/home/agrobot/ros2_ws/install/tutorial_interfaces/lib/python3.12/site-packages:${PYTHONPATH} /usr/bin/python3 -W ignore:setup.py install is deprecated -W ignore:easy_install command is deprecated setup.py egg_info --egg-base ../../build/agrobot_nav build --build-base /home/agrobot/ros2_ws/build/agrobot_nav/build install --record /home/agrobot/ros2_ws/build/agrobot_nav/install.log --single-version-externally-managed install_data
[1.455s] running egg_info
[1.455s] creating ../../build/agrobot_nav/agrobot_nav.egg-info
[1.476s] writing ../../build/agrobot_nav/agrobot_nav.egg-info/PKG-INFO
[1.477s] writing dependency_links to ../../build/agrobot_nav/agrobot_nav.egg-info/dependency_links.txt
[1.477s] writing entry points to ../../build/agrobot_nav/agrobot_nav.egg-info/entry_points.txt
[1.477s] writing requirements to ../../build/agrobot_nav/agrobot_nav.egg-info/requires.txt
[1.477s] writing top-level names to ../../build/agrobot_nav/agrobot_nav.egg-info/top_level.txt
[1.477s] writing manifest file '../../build/agrobot_nav/agrobot_nav.egg-info/SOURCES.txt'
[1.519s] reading manifest file '../../build/agrobot_nav/agrobot_nav.egg-info/SOURCES.txt'
[1.519s] adding license file 'LICENSE'
[1.520s] writing manifest file '../../build/agrobot_nav/agrobot_nav.egg-info/SOURCES.txt'
[1.520s] running build
[1.521s] running build_py
[1.521s] creating /home/agrobot/ros2_ws/build/agrobot_nav/build
[1.521s] creating /home/agrobot/ros2_ws/build/agrobot_nav/build/lib
[1.521s] creating /home/agrobot/ros2_ws/build/agrobot_nav/build/lib/agrobot_nav
[1.521s] copying agrobot_nav/tof_sensor_node.py -> /home/agrobot/ros2_ws/build/agrobot_nav/build/lib/agrobot_nav
[1.521s] copying agrobot_nav/camera_node.py -> /home/agrobot/ros2_ws/build/agrobot_nav/build/lib/agrobot_nav
[1.521s] copying agrobot_nav/nav_state_machine.py -> /home/agrobot/ros2_ws/build/agrobot_nav/build/lib/agrobot_nav
[1.522s] copying agrobot_nav/__init__.py -> /home/agrobot/ros2_ws/build/agrobot_nav/build/lib/agrobot_nav
[1.522s] copying agrobot_nav/subscriber_member_function.py -> /home/agrobot/ros2_ws/build/agrobot_nav/build/lib/agrobot_nav
[1.522s] copying agrobot_nav/publisher_member_function.py -> /home/agrobot/ros2_ws/build/agrobot_nav/build/lib/agrobot_nav
[1.522s] copying agrobot_nav/py.typed -> /home/agrobot/ros2_ws/build/agrobot_nav/build/lib/agrobot_nav
[1.522s] running install
[1.532s] running install_lib
[1.553s] creating /home/agrobot/ros2_ws/install/agrobot_nav/lib/python3.12/site-packages/agrobot_nav
[1.553s] copying /home/agrobot/ros2_ws/build/agrobot_nav/build/lib/agrobot_nav/py.typed -> /home/agrobot/ros2_ws/install/agrobot_nav/lib/python3.12/site-packages/agrobot_nav
[1.553s] copying /home/agrobot/ros2_ws/build/agrobot_nav/build/lib/agrobot_nav/tof_sensor_node.py -> /home/agrobot/ros2_ws/install/agrobot_nav/lib/python3.12/site-packages/agrobot_nav
[1.553s] copying /home/agrobot/ros2_ws/build/agrobot_nav/build/lib/agrobot_nav/camera_node.py -> /home/agrobot/ros2_ws/install/agrobot_nav/lib/python3.12/site-packages/agrobot_nav
[1.553s] copying /home/agrobot/ros2_ws/build/agrobot_nav/build/lib/agrobot_nav/nav_state_machine.py -> /home/agrobot/ros2_ws/install/agrobot_nav/lib/python3.12/site-packages/agrobot_nav
[1.554s] copying /home/agrobot/ros2_ws/build/agrobot_nav/build/lib/agrobot_nav/__init__.py -> /home/agrobot/ros2_ws/install/agrobot_nav/lib/python3.12/site-packages/agrobot_nav
[1.554s] copying /home/agrobot/ros2_ws/build/agrobot_nav/build/lib/agrobot_nav/subscriber_member_function.py -> /home/agrobot/ros2_ws/install/agrobot_nav/lib/python3.12/site-packages/agrobot_nav
[1.554s] copying /home/agrobot/ros2_ws/build/agrobot_nav/build/lib/agrobot_nav/publisher_member_function.py -> /home/agrobot/ros2_ws/install/agrobot_nav/lib/python3.12/site-packages/agrobot_nav
[1.555s] byte-compiling /home/agrobot/ros2_ws/install/agrobot_nav/lib/python3.12/site-packages/agrobot_nav/tof_sensor_node.py to tof_sensor_node.cpython-312.pyc
[1.558s] byte-compiling /home/agrobot/ros2_ws/install/agrobot_nav/lib/python3.12/site-packages/agrobot_nav/camera_node.py to camera_node.cpython-312.pyc
[1.560s] byte-compiling /home/agrobot/ros2_ws/install/agrobot_nav/lib/python3.12/site-packages/agrobot_nav/nav_state_machine.py to nav_state_machine.cpython-312.pyc
[1.564s] byte-compiling /home/agrobot/ros2_ws/install/agrobot_nav/lib/python3.12/site-packages/agrobot_nav/__init__.py to __init__.cpython-312.pyc
[1.564s] byte-compiling /home/agrobot/ros2_ws/install/agrobot_nav/lib/python3.12/site-packages/agrobot_nav/subscriber_member_function.py to subscriber_member_function.cpython-312.pyc
[1.566s] byte-compiling /home/agrobot/ros2_ws/install/agrobot_nav/lib/python3.12/site-packages/agrobot_nav/publisher_member_function.py to publisher_member_function.cpython-312.pyc
[1.567s] running install_data
[1.567s] creating /home/agrobot/ros2_ws/install/agrobot_nav/share/ament_index
[1.568s] creating /home/agrobot/ros2_ws/install/agrobot_nav/share/ament_index/resource_index
[1.568s] creating /home/agrobot/ros2_ws/install/agrobot_nav/share/ament_index/resource_index/packages
[1.568s] copying resource/agrobot_nav -> /home/agrobot/ros2_ws/install/agrobot_nav/share/ament_index/resource_index/packages
[1.570s] copying package.xml -> /home/agrobot/ros2_ws/install/agrobot_nav/share/agrobot_nav
[1.570s] creating /home/agrobot/ros2_ws/install/agrobot_nav/share/agrobot_nav/launch
[1.570s] copying launch/agrobot_launch.py -> /home/agrobot/ros2_ws/install/agrobot_nav/share/agrobot_nav/launch
[1.570s] running install_egg_info
[1.592s] Copying ../../build/agrobot_nav/agrobot_nav.egg-info to /home/agrobot/ros2_ws/install/agrobot_nav/lib/python3.12/site-packages/agrobot_nav-0.0.0-py3.12.egg-info
[1.593s] running install_scripts
[1.742s] Installing camera script to /home/agrobot/ros2_ws/install/agrobot_nav/lib/agrobot_nav
[1.743s] Installing drive_control script to /home/agrobot/ros2_ws/install/agrobot_nav/lib/agrobot_nav
[1.743s] Installing input script to /home/agrobot/ros2_ws/install/agrobot_nav/lib/agrobot_nav
[1.743s] Installing nav script to /home/agrobot/ros2_ws/install/agrobot_nav/lib/agrobot_nav
[1.743s] Installing tof_sensor script to /home/agrobot/ros2_ws/install/agrobot_nav/lib/agrobot_nav
[1.744s] writing list of installed files to '/home/agrobot/ros2_ws/build/agrobot_nav/install.log'
[1.835s] Invoked command in '/home/agrobot/ros2_ws/src/agrobot_nav' returned '0': AMENT_PREFIX_PATH=/home/agrobot/ros2_ws/install/tutorial_interfaces:${AMENT_PREFIX_PATH} CMAKE_PREFIX_PATH=/home/agrobot/ros2_ws/install/tutorial_interfaces:${CMAKE_PREFIX_PATH} LD_LIBRARY_PATH=/home/agrobot/ros2_ws/install/tutorial_interfaces/lib:${LD_LIBRARY_PATH} PYTHONPATH=/home/agrobot/ros2_ws/build/agrobot_nav/prefix_override:/usr/lib/python3/dist-packages/colcon_core/task/python/colcon_distutils_commands:/home/agrobot/ros2_ws/install/agrobot_nav/lib/python3.12/site-packages:/home/agrobot/ros2_ws/install/tutorial_interfaces/lib/python3.12/site-packages:${PYTHONPATH} /usr/bin/python3 -W ignore:setup.py install is deprecated -W ignore:easy_install command is deprecated setup.py egg_info --egg-base ../../build/agrobot_nav build --build-base /home/agrobot/ros2_ws/build/agrobot_nav/build install --record /home/agrobot/ros2_ws/build/agrobot_nav/install.log --single-version-externally-managed install_data
