[1.100s] Invoking command in '/home/agrobot/ros2_ws/build/agrobot_nav': AMENT_PREFIX_PATH=/home/agrobot/ros2_ws/install/tutorial_interfaces:${AMENT_PREFIX_PATH} CMAKE_PREFIX_PATH=/home/agrobot/ros2_ws/install/tutorial_interfaces:${CMAKE_PREFIX_PATH} LD_LIBRARY_PATH=/home/agrobot/ros2_ws/install/tutorial_interfaces/lib:${LD_LIBRARY_PATH} PYTHONPATH=/home/agrobot/ros2_ws/build/agrobot_nav/prefix_override:/usr/lib/python3/dist-packages/colcon_core/task/python/colcon_distutils_commands:/home/agrobot/ros2_ws/install/agrobot_nav/lib/python3.12/site-packages:/home/agrobot/ros2_ws/install/tutorial_interfaces/lib/python3.12/site-packages:${PYTHONPATH} /usr/bin/python3 -W ignore:setup.py install is deprecated -W ignore:easy_install command is deprecated setup.py develop --editable --build-directory /home/agrobot/ros2_ws/build/agrobot_nav/build --no-deps symlink_data --force
[1.516s] running develop
[1.734s] running egg_info
[1.754s] writing agrobot_nav.egg-info/PKG-INFO
[1.754s] writing dependency_links to agrobot_nav.egg-info/dependency_links.txt
[1.755s] writing entry points to agrobot_nav.egg-info/entry_points.txt
[1.756s] writing requirements to agrobot_nav.egg-info/requires.txt
[1.756s] writing top-level names to agrobot_nav.egg-info/top_level.txt
[1.801s] reading manifest file 'agrobot_nav.egg-info/SOURCES.txt'
[1.802s] writing manifest file 'agrobot_nav.egg-info/SOURCES.txt'
[1.825s] running build_ext
[1.825s] Creating /home/agrobot/ros2_ws/install/agrobot_nav/lib/python3.12/site-packages/agrobot-nav.egg-link (link to .)
[1.826s] Installing camera script to /home/agrobot/ros2_ws/install/agrobot_nav/lib/agrobot_nav
[1.827s] Installing drive_control script to /home/agrobot/ros2_ws/install/agrobot_nav/lib/agrobot_nav
[1.827s] Installing input script to /home/agrobot/ros2_ws/install/agrobot_nav/lib/agrobot_nav
[1.827s] Installing nav script to /home/agrobot/ros2_ws/install/agrobot_nav/lib/agrobot_nav
[1.827s] Installing tof_sensor script to /home/agrobot/ros2_ws/install/agrobot_nav/lib/agrobot_nav
[1.828s] 
[1.828s] Installed /home/agrobot/ros2_ws/build/agrobot_nav
[1.828s] running symlink_data
[1.828s] symbolically linking /home/agrobot/ros2_ws/build/agrobot_nav/resource/agrobot_nav -> /home/agrobot/ros2_ws/install/agrobot_nav/share/ament_index/resource_index/packages
[1.828s] symbolically linking /home/agrobot/ros2_ws/build/agrobot_nav/package.xml -> /home/agrobot/ros2_ws/install/agrobot_nav/share/agrobot_nav
[1.828s] symbolically linking /home/agrobot/ros2_ws/build/agrobot_nav/launch/agrobot_launch.py -> /home/agrobot/ros2_ws/install/agrobot_nav/share/agrobot_nav/launch
[1.918s] Invoked command in '/home/agrobot/ros2_ws/build/agrobot_nav' returned '0': AMENT_PREFIX_PATH=/home/agrobot/ros2_ws/install/tutorial_interfaces:${AMENT_PREFIX_PATH} CMAKE_PREFIX_PATH=/home/agrobot/ros2_ws/install/tutorial_interfaces:${CMAKE_PREFIX_PATH} LD_LIBRARY_PATH=/home/agrobot/ros2_ws/install/tutorial_interfaces/lib:${LD_LIBRARY_PATH} PYTHONPATH=/home/agrobot/ros2_ws/build/agrobot_nav/prefix_override:/usr/lib/python3/dist-packages/colcon_core/task/python/colcon_distutils_commands:/home/agrobot/ros2_ws/install/agrobot_nav/lib/python3.12/site-packages:/home/agrobot/ros2_ws/install/tutorial_interfaces/lib/python3.12/site-packages:${PYTHONPATH} /usr/bin/python3 -W ignore:setup.py install is deprecated -W ignore:easy_install command is deprecated setup.py develop --editable --build-directory /home/agrobot/ros2_ws/build/agrobot_nav/build --no-deps symlink_data --force
