[1.101s] Invoking command in '/home/agrobot/ros2_ws/src/py_pubsub': PYTHONPATH=/home/agrobot/ros2_ws/build/py_pubsub/prefix_override:/usr/lib/python3/dist-packages/colcon_core/task/python/colcon_distutils_commands:/home/agrobot/ros2_ws/install/py_pubsub/lib/python3.12/site-packages:/home/agrobot/ros2_ws/install/tutorial_interfaces/lib/python3.12/site-packages:/home/agrobot/ros2_ws/install/py_pubsub/lib/python3.12/site-packages:/opt/ros/kilted/lib/python3.12/site-packages /usr/bin/python3 -W ignore:setup.py install is deprecated -W ignore:easy_install command is deprecated setup.py egg_info --egg-base ../../build/py_pubsub build --build-base /home/agrobot/ros2_ws/build/py_pubsub/build install --record /home/agrobot/ros2_ws/build/py_pubsub/install.log --single-version-externally-managed install_data
[1.417s] running egg_info
[1.437s] writing ../../build/py_pubsub/py_pubsub.egg-info/PKG-INFO
[1.437s] writing dependency_links to ../../build/py_pubsub/py_pubsub.egg-info/dependency_links.txt
[1.438s] writing entry points to ../../build/py_pubsub/py_pubsub.egg-info/entry_points.txt
[1.439s] writing requirements to ../../build/py_pubsub/py_pubsub.egg-info/requires.txt
[1.439s] writing top-level names to ../../build/py_pubsub/py_pubsub.egg-info/top_level.txt
[1.482s] reading manifest file '../../build/py_pubsub/py_pubsub.egg-info/SOURCES.txt'
[1.482s] adding license file 'LICENSE'
[1.483s] writing manifest file '../../build/py_pubsub/py_pubsub.egg-info/SOURCES.txt'
[1.483s] running build
[1.484s] running build_py
[1.484s] copying py_pubsub/subscriber_member_function.py -> /home/agrobot/ros2_ws/build/py_pubsub/build/lib/py_pubsub
[1.484s] running install
[1.494s] running install_lib
[1.515s] copying /home/agrobot/ros2_ws/build/py_pubsub/build/lib/py_pubsub/subscriber_member_function.py -> /home/agrobot/ros2_ws/install/py_pubsub/lib/python3.12/site-packages/py_pubsub
[1.516s] byte-compiling /home/agrobot/ros2_ws/install/py_pubsub/lib/python3.12/site-packages/py_pubsub/subscriber_member_function.py to subscriber_member_function.cpython-312.pyc
[1.518s] running install_data
[1.518s] running install_egg_info
[1.539s] removing '/home/agrobot/ros2_ws/install/py_pubsub/lib/python3.12/site-packages/py_pubsub-0.0.0-py3.12.egg-info' (and everything under it)
[1.540s] Copying ../../build/py_pubsub/py_pubsub.egg-info to /home/agrobot/ros2_ws/install/py_pubsub/lib/python3.12/site-packages/py_pubsub-0.0.0-py3.12.egg-info
[1.541s] running install_scripts
[1.687s] Installing drive_control script to /home/agrobot/ros2_ws/install/py_pubsub/lib/py_pubsub
[1.687s] Installing input script to /home/agrobot/ros2_ws/install/py_pubsub/lib/py_pubsub
[1.689s] writing list of installed files to '/home/agrobot/ros2_ws/build/py_pubsub/install.log'
[1.782s] Invoked command in '/home/agrobot/ros2_ws/src/py_pubsub' returned '0': PYTHONPATH=/home/agrobot/ros2_ws/build/py_pubsub/prefix_override:/usr/lib/python3/dist-packages/colcon_core/task/python/colcon_distutils_commands:/home/agrobot/ros2_ws/install/py_pubsub/lib/python3.12/site-packages:/home/agrobot/ros2_ws/install/tutorial_interfaces/lib/python3.12/site-packages:/home/agrobot/ros2_ws/install/py_pubsub/lib/python3.12/site-packages:/opt/ros/kilted/lib/python3.12/site-packages /usr/bin/python3 -W ignore:setup.py install is deprecated -W ignore:easy_install command is deprecated setup.py egg_info --egg-base ../../build/py_pubsub build --build-base /home/agrobot/ros2_ws/build/py_pubsub/build install --record /home/agrobot/ros2_ws/build/py_pubsub/install.log --single-version-externally-managed install_data
