running egg_info
creating ../build/agrobot_detect/agrobot_detect.egg-info
writing ../build/agrobot_detect/agrobot_detect.egg-info/PKG-INFO
writing dependency_links to ../build/agrobot_detect/agrobot_detect.egg-info/dependency_links.txt
writing entry points to ../build/agrobot_detect/agrobot_detect.egg-info/entry_points.txt
writing requirements to ../build/agrobot_detect/agrobot_detect.egg-info/requires.txt
writing top-level names to ../build/agrobot_detect/agrobot_detect.egg-info/top_level.txt
writing manifest file '../build/agrobot_detect/agrobot_detect.egg-info/SOURCES.txt'
reading manifest file '../build/agrobot_detect/agrobot_detect.egg-info/SOURCES.txt'
adding license file 'LICENSE'
writing manifest file '../build/agrobot_detect/agrobot_detect.egg-info/SOURCES.txt'
running build
running build_py
creating /home/agrobot/ros2_ws/src/build/agrobot_detect/build
creating /home/agrobot/ros2_ws/src/build/agrobot_detect/build/lib
creating /home/agrobot/ros2_ws/src/build/agrobot_detect/build/lib/agrobot_detect
copying agrobot_detect/object_detect_publisher.py -> /home/agrobot/ros2_ws/src/build/agrobot_detect/build/lib/agrobot_detect
copying agrobot_detect/vision_module.py -> /home/agrobot/ros2_ws/src/build/agrobot_detect/build/lib/agrobot_detect
copying agrobot_detect/lcd_display_publisher.py -> /home/agrobot/ros2_ws/src/build/agrobot_detect/build/lib/agrobot_detect
copying agrobot_detect/__init__.py -> /home/agrobot/ros2_ws/src/build/agrobot_detect/build/lib/agrobot_detect
copying agrobot_detect/vision_application_publisher.py -> /home/agrobot/ros2_ws/src/build/agrobot_detect/build/lib/agrobot_detect
copying agrobot_detect/lcd_display_subscriber.py -> /home/agrobot/ros2_ws/src/build/agrobot_detect/build/lib/agrobot_detect
copying agrobot_detect/vision_application_publisher_toggle.py -> /home/agrobot/ros2_ws/src/build/agrobot_detect/build/lib/agrobot_detect
copying agrobot_detect/vision_lcd_publisher.py -> /home/agrobot/ros2_ws/src/build/agrobot_detect/build/lib/agrobot_detect
copying agrobot_detect/beam_break_node.py -> /home/agrobot/ros2_ws/src/build/agrobot_detect/build/lib/agrobot_detect
running install
running install_lib
creating /home/agrobot/ros2_ws/src/install/agrobot_detect/lib/python3.12/site-packages/agrobot_detect
copying /home/agrobot/ros2_ws/src/build/agrobot_detect/build/lib/agrobot_detect/object_detect_publisher.py -> /home/agrobot/ros2_ws/src/install/agrobot_detect/lib/python3.12/site-packages/agrobot_detect
copying /home/agrobot/ros2_ws/src/build/agrobot_detect/build/lib/agrobot_detect/vision_module.py -> /home/agrobot/ros2_ws/src/install/agrobot_detect/lib/python3.12/site-packages/agrobot_detect
copying /home/agrobot/ros2_ws/src/build/agrobot_detect/build/lib/agrobot_detect/lcd_display_publisher.py -> /home/agrobot/ros2_ws/src/install/agrobot_detect/lib/python3.12/site-packages/agrobot_detect
copying /home/agrobot/ros2_ws/src/build/agrobot_detect/build/lib/agrobot_detect/__init__.py -> /home/agrobot/ros2_ws/src/install/agrobot_detect/lib/python3.12/site-packages/agrobot_detect
copying /home/agrobot/ros2_ws/src/build/agrobot_detect/build/lib/agrobot_detect/vision_application_publisher.py -> /home/agrobot/ros2_ws/src/install/agrobot_detect/lib/python3.12/site-packages/agrobot_detect
copying /home/agrobot/ros2_ws/src/build/agrobot_detect/build/lib/agrobot_detect/lcd_display_subscriber.py -> /home/agrobot/ros2_ws/src/install/agrobot_detect/lib/python3.12/site-packages/agrobot_detect
copying /home/agrobot/ros2_ws/src/build/agrobot_detect/build/lib/agrobot_detect/vision_application_publisher_toggle.py -> /home/agrobot/ros2_ws/src/install/agrobot_detect/lib/python3.12/site-packages/agrobot_detect
copying /home/agrobot/ros2_ws/src/build/agrobot_detect/build/lib/agrobot_detect/vision_lcd_publisher.py -> /home/agrobot/ros2_ws/src/install/agrobot_detect/lib/python3.12/site-packages/agrobot_detect
copying /home/agrobot/ros2_ws/src/build/agrobot_detect/build/lib/agrobot_detect/beam_break_node.py -> /home/agrobot/ros2_ws/src/install/agrobot_detect/lib/python3.12/site-packages/agrobot_detect
byte-compiling /home/agrobot/ros2_ws/src/install/agrobot_detect/lib/python3.12/site-packages/agrobot_detect/object_detect_publisher.py to object_detect_publisher.cpython-312.pyc
byte-compiling /home/agrobot/ros2_ws/src/install/agrobot_detect/lib/python3.12/site-packages/agrobot_detect/vision_module.py to vision_module.cpython-312.pyc
byte-compiling /home/agrobot/ros2_ws/src/install/agrobot_detect/lib/python3.12/site-packages/agrobot_detect/lcd_display_publisher.py to lcd_display_publisher.cpython-312.pyc
byte-compiling /home/agrobot/ros2_ws/src/install/agrobot_detect/lib/python3.12/site-packages/agrobot_detect/__init__.py to __init__.cpython-312.pyc
byte-compiling /home/agrobot/ros2_ws/src/install/agrobot_detect/lib/python3.12/site-packages/agrobot_detect/vision_application_publisher.py to vision_application_publisher.cpython-312.pyc
byte-compiling /home/agrobot/ros2_ws/src/install/agrobot_detect/lib/python3.12/site-packages/agrobot_detect/lcd_display_subscriber.py to lcd_display_subscriber.cpython-312.pyc
byte-compiling /home/agrobot/ros2_ws/src/install/agrobot_detect/lib/python3.12/site-packages/agrobot_detect/vision_application_publisher_toggle.py to vision_application_publisher_toggle.cpython-312.pyc
byte-compiling /home/agrobot/ros2_ws/src/install/agrobot_detect/lib/python3.12/site-packages/agrobot_detect/vision_lcd_publisher.py to vision_lcd_publisher.cpython-312.pyc
byte-compiling /home/agrobot/ros2_ws/src/install/agrobot_detect/lib/python3.12/site-packages/agrobot_detect/beam_break_node.py to beam_break_node.cpython-312.pyc
running install_data
creating /home/agrobot/ros2_ws/src/install/agrobot_detect/share/ament_index
creating /home/agrobot/ros2_ws/src/install/agrobot_detect/share/ament_index/resource_index
creating /home/agrobot/ros2_ws/src/install/agrobot_detect/share/ament_index/resource_index/packages
copying resource/agrobot_detect -> /home/agrobot/ros2_ws/src/install/agrobot_detect/share/ament_index/resource_index/packages
copying package.xml -> /home/agrobot/ros2_ws/src/install/agrobot_detect/share/agrobot_detect
creating /home/agrobot/ros2_ws/src/install/agrobot_detect/share/agrobot_detect/data
copying data/hsv.db -> /home/agrobot/ros2_ws/src/install/agrobot_detect/share/agrobot_detect/data
running install_egg_info
Copying ../build/agrobot_detect/agrobot_detect.egg-info to /home/agrobot/ros2_ws/src/install/agrobot_detect/lib/python3.12/site-packages/agrobot_detect-0.0.0-py3.12.egg-info
running install_scripts
Installing beam_break_node script to /home/agrobot/ros2_ws/src/install/agrobot_detect/lib/agrobot_detect
Installing lcd_display_publisher script to /home/agrobot/ros2_ws/src/install/agrobot_detect/lib/agrobot_detect
Installing lcd_display_subscriber script to /home/agrobot/ros2_ws/src/install/agrobot_detect/lib/agrobot_detect
Installing object_detect_publisher script to /home/agrobot/ros2_ws/src/install/agrobot_detect/lib/agrobot_detect
Installing vision_application_publisher script to /home/agrobot/ros2_ws/src/install/agrobot_detect/lib/agrobot_detect
Installing vision_application_publisher_toggle script to /home/agrobot/ros2_ws/src/install/agrobot_detect/lib/agrobot_detect
writing list of installed files to '/home/agrobot/ros2_ws/src/build/agrobot_detect/install.log'
