[1.152s] Invoking command in '/home/agrobot/ros2_ws/src/agrobot_detect': PYTHONPATH=/home/agrobot/ros2_ws/src/build/agrobot_detect/prefix_override:/usr/lib/python3/dist-packages/colcon_core/task/python/colcon_distutils_commands:/home/agrobot/ros2_ws/src/install/agrobot_detect/lib/python3.12/site-packages:${PYTHONPATH} /usr/bin/python3 -W ignore:setup.py install is deprecated -W ignore:easy_install command is deprecated setup.py egg_info --egg-base ../build/agrobot_detect build --build-base /home/agrobot/ros2_ws/src/build/agrobot_detect/build install --record /home/agrobot/ros2_ws/src/build/agrobot_detect/install.log --single-version-externally-managed install_data
[1.492s] running egg_info
[1.492s] creating ../build/agrobot_detect/agrobot_detect.egg-info
[1.515s] writing ../build/agrobot_detect/agrobot_detect.egg-info/PKG-INFO
[1.516s] writing dependency_links to ../build/agrobot_detect/agrobot_detect.egg-info/dependency_links.txt
[1.516s] writing entry points to ../build/agrobot_detect/agrobot_detect.egg-info/entry_points.txt
[1.516s] writing requirements to ../build/agrobot_detect/agrobot_detect.egg-info/requires.txt
[1.517s] writing top-level names to ../build/agrobot_detect/agrobot_detect.egg-info/top_level.txt
[1.517s] writing manifest file '../build/agrobot_detect/agrobot_detect.egg-info/SOURCES.txt'
[1.573s] reading manifest file '../build/agrobot_detect/agrobot_detect.egg-info/SOURCES.txt'
[1.573s] adding license file 'LICENSE'
[1.574s] writing manifest file '../build/agrobot_detect/agrobot_detect.egg-info/SOURCES.txt'
[1.574s] running build
[1.574s] running build_py
[1.575s] creating /home/agrobot/ros2_ws/src/build/agrobot_detect/build
[1.575s] creating /home/agrobot/ros2_ws/src/build/agrobot_detect/build/lib
[1.576s] creating /home/agrobot/ros2_ws/src/build/agrobot_detect/build/lib/agrobot_detect
[1.576s] copying agrobot_detect/object_detect_publisher.py -> /home/agrobot/ros2_ws/src/build/agrobot_detect/build/lib/agrobot_detect
[1.576s] copying agrobot_detect/vision_module.py -> /home/agrobot/ros2_ws/src/build/agrobot_detect/build/lib/agrobot_detect
[1.577s] copying agrobot_detect/lcd_display_publisher.py -> /home/agrobot/ros2_ws/src/build/agrobot_detect/build/lib/agrobot_detect
[1.577s] copying agrobot_detect/__init__.py -> /home/agrobot/ros2_ws/src/build/agrobot_detect/build/lib/agrobot_detect
[1.577s] copying agrobot_detect/vision_application_publisher.py -> /home/agrobot/ros2_ws/src/build/agrobot_detect/build/lib/agrobot_detect
[1.577s] copying agrobot_detect/lcd_display_subscriber.py -> /home/agrobot/ros2_ws/src/build/agrobot_detect/build/lib/agrobot_detect
[1.577s] copying agrobot_detect/vision_application_publisher_toggle.py -> /home/agrobot/ros2_ws/src/build/agrobot_detect/build/lib/agrobot_detect
[1.578s] copying agrobot_detect/vision_lcd_publisher.py -> /home/agrobot/ros2_ws/src/build/agrobot_detect/build/lib/agrobot_detect
[1.578s] copying agrobot_detect/beam_break_node.py -> /home/agrobot/ros2_ws/src/build/agrobot_detect/build/lib/agrobot_detect
[1.578s] running install
[1.589s] running install_lib
[1.614s] creating /home/agrobot/ros2_ws/src/install/agrobot_detect/lib/python3.12/site-packages/agrobot_detect
[1.614s] copying /home/agrobot/ros2_ws/src/build/agrobot_detect/build/lib/agrobot_detect/object_detect_publisher.py -> /home/agrobot/ros2_ws/src/install/agrobot_detect/lib/python3.12/site-packages/agrobot_detect
[1.614s] copying /home/agrobot/ros2_ws/src/build/agrobot_detect/build/lib/agrobot_detect/vision_module.py -> /home/agrobot/ros2_ws/src/install/agrobot_detect/lib/python3.12/site-packages/agrobot_detect
[1.615s] copying /home/agrobot/ros2_ws/src/build/agrobot_detect/build/lib/agrobot_detect/lcd_display_publisher.py -> /home/agrobot/ros2_ws/src/install/agrobot_detect/lib/python3.12/site-packages/agrobot_detect
[1.615s] copying /home/agrobot/ros2_ws/src/build/agrobot_detect/build/lib/agrobot_detect/__init__.py -> /home/agrobot/ros2_ws/src/install/agrobot_detect/lib/python3.12/site-packages/agrobot_detect
[1.615s] copying /home/agrobot/ros2_ws/src/build/agrobot_detect/build/lib/agrobot_detect/vision_application_publisher.py -> /home/agrobot/ros2_ws/src/install/agrobot_detect/lib/python3.12/site-packages/agrobot_detect
[1.616s] copying /home/agrobot/ros2_ws/src/build/agrobot_detect/build/lib/agrobot_detect/lcd_display_subscriber.py -> /home/agrobot/ros2_ws/src/install/agrobot_detect/lib/python3.12/site-packages/agrobot_detect
[1.617s] copying /home/agrobot/ros2_ws/src/build/agrobot_detect/build/lib/agrobot_detect/vision_application_publisher_toggle.py -> /home/agrobot/ros2_ws/src/install/agrobot_detect/lib/python3.12/site-packages/agrobot_detect
[1.617s] copying /home/agrobot/ros2_ws/src/build/agrobot_detect/build/lib/agrobot_detect/vision_lcd_publisher.py -> /home/agrobot/ros2_ws/src/install/agrobot_detect/lib/python3.12/site-packages/agrobot_detect
[1.617s] copying /home/agrobot/ros2_ws/src/build/agrobot_detect/build/lib/agrobot_detect/beam_break_node.py -> /home/agrobot/ros2_ws/src/install/agrobot_detect/lib/python3.12/site-packages/agrobot_detect
[1.618s] byte-compiling /home/agrobot/ros2_ws/src/install/agrobot_detect/lib/python3.12/site-packages/agrobot_detect/object_detect_publisher.py to object_detect_publisher.cpython-312.pyc
[1.619s] byte-compiling /home/agrobot/ros2_ws/src/install/agrobot_detect/lib/python3.12/site-packages/agrobot_detect/vision_module.py to vision_module.cpython-312.pyc
[1.633s] byte-compiling /home/agrobot/ros2_ws/src/install/agrobot_detect/lib/python3.12/site-packages/agrobot_detect/lcd_display_publisher.py to lcd_display_publisher.cpython-312.pyc
[1.635s] byte-compiling /home/agrobot/ros2_ws/src/install/agrobot_detect/lib/python3.12/site-packages/agrobot_detect/__init__.py to __init__.cpython-312.pyc
[1.635s] byte-compiling /home/agrobot/ros2_ws/src/install/agrobot_detect/lib/python3.12/site-packages/agrobot_detect/vision_application_publisher.py to vision_application_publisher.cpython-312.pyc
[1.646s] byte-compiling /home/agrobot/ros2_ws/src/install/agrobot_detect/lib/python3.12/site-packages/agrobot_detect/lcd_display_subscriber.py to lcd_display_subscriber.cpython-312.pyc
[1.648s] byte-compiling /home/agrobot/ros2_ws/src/install/agrobot_detect/lib/python3.12/site-packages/agrobot_detect/vision_application_publisher_toggle.py to vision_application_publisher_toggle.cpython-312.pyc
[1.662s] byte-compiling /home/agrobot/ros2_ws/src/install/agrobot_detect/lib/python3.12/site-packages/agrobot_detect/vision_lcd_publisher.py to vision_lcd_publisher.cpython-312.pyc
[1.665s] byte-compiling /home/agrobot/ros2_ws/src/install/agrobot_detect/lib/python3.12/site-packages/agrobot_detect/beam_break_node.py to beam_break_node.cpython-312.pyc
[1.666s] running install_data
[1.666s] creating /home/agrobot/ros2_ws/src/install/agrobot_detect/share/ament_index
[1.666s] creating /home/agrobot/ros2_ws/src/install/agrobot_detect/share/ament_index/resource_index
[1.666s] creating /home/agrobot/ros2_ws/src/install/agrobot_detect/share/ament_index/resource_index/packages
[1.666s] copying resource/agrobot_detect -> /home/agrobot/ros2_ws/src/install/agrobot_detect/share/ament_index/resource_index/packages
[1.666s] copying package.xml -> /home/agrobot/ros2_ws/src/install/agrobot_detect/share/agrobot_detect
[1.666s] creating /home/agrobot/ros2_ws/src/install/agrobot_detect/share/agrobot_detect/data
[1.666s] copying data/hsv.db -> /home/agrobot/ros2_ws/src/install/agrobot_detect/share/agrobot_detect/data
[1.668s] running install_egg_info
[1.700s] Copying ../build/agrobot_detect/agrobot_detect.egg-info to /home/agrobot/ros2_ws/src/install/agrobot_detect/lib/python3.12/site-packages/agrobot_detect-0.0.0-py3.12.egg-info
[1.702s] running install_scripts
[2.016s] Installing beam_break_node script to /home/agrobot/ros2_ws/src/install/agrobot_detect/lib/agrobot_detect
[2.018s] Installing lcd_display_publisher script to /home/agrobot/ros2_ws/src/install/agrobot_detect/lib/agrobot_detect
[2.018s] Installing lcd_display_subscriber script to /home/agrobot/ros2_ws/src/install/agrobot_detect/lib/agrobot_detect
[2.019s] Installing object_detect_publisher script to /home/agrobot/ros2_ws/src/install/agrobot_detect/lib/agrobot_detect
[2.019s] Installing vision_application_publisher script to /home/agrobot/ros2_ws/src/install/agrobot_detect/lib/agrobot_detect
[2.019s] Installing vision_application_publisher_toggle script to /home/agrobot/ros2_ws/src/install/agrobot_detect/lib/agrobot_detect
[2.020s] writing list of installed files to '/home/agrobot/ros2_ws/src/build/agrobot_detect/install.log'
[2.151s] Invoked command in '/home/agrobot/ros2_ws/src/agrobot_detect' returned '0': PYTHONPATH=/home/agrobot/ros2_ws/src/build/agrobot_detect/prefix_override:/usr/lib/python3/dist-packages/colcon_core/task/python/colcon_distutils_commands:/home/agrobot/ros2_ws/src/install/agrobot_detect/lib/python3.12/site-packages:${PYTHONPATH} /usr/bin/python3 -W ignore:setup.py install is deprecated -W ignore:easy_install command is deprecated setup.py egg_info --egg-base ../build/agrobot_detect build --build-base /home/agrobot/ros2_ws/src/build/agrobot_detect/build install --record /home/agrobot/ros2_ws/src/build/agrobot_detect/install.log --single-version-externally-managed install_data
