[1.140s] Invoking command in '/home/agrobot/ros2_ws/build/agrobot_detect': PYTHONPATH=/home/agrobot/ros2_ws/build/agrobot_detect/prefix_override:/usr/lib/python3/dist-packages/colcon_core/task/python/colcon_distutils_commands:/home/agrobot/ros2_ws/install/agrobot_detect/lib/python3.12/site-packages:${PYTHONPATH} /usr/bin/python3 -W ignore:setup.py install is deprecated -W ignore:easy_install command is deprecated setup.py develop --editable --build-directory /home/agrobot/ros2_ws/build/agrobot_detect/build --no-deps symlink_data --force
[1.544s] running develop
[1.767s] running egg_info
[1.790s] writing agrobot_detect.egg-info/PKG-INFO
[1.790s] writing dependency_links to agrobot_detect.egg-info/dependency_links.txt
[1.791s] writing entry points to agrobot_detect.egg-info/entry_points.txt
[1.793s] writing requirements to agrobot_detect.egg-info/requires.txt
[1.793s] writing top-level names to agrobot_detect.egg-info/top_level.txt
[1.838s] reading manifest file 'agrobot_detect.egg-info/SOURCES.txt'
[1.840s] writing manifest file 'agrobot_detect.egg-info/SOURCES.txt'
[1.864s] running build_ext
[1.865s] Creating /home/agrobot/ros2_ws/install/agrobot_detect/lib/python3.12/site-packages/agrobot-detect.egg-link (link to .)
[1.866s] Installing beam_break_node script to /home/agrobot/ros2_ws/install/agrobot_detect/lib/agrobot_detect
[1.866s] Installing lcd_display_publisher script to /home/agrobot/ros2_ws/install/agrobot_detect/lib/agrobot_detect
[1.866s] Installing lcd_display_subscriber script to /home/agrobot/ros2_ws/install/agrobot_detect/lib/agrobot_detect
[1.867s] Installing object_detect_publisher script to /home/agrobot/ros2_ws/install/agrobot_detect/lib/agrobot_detect
[1.867s] Installing vision_application_publisher script to /home/agrobot/ros2_ws/install/agrobot_detect/lib/agrobot_detect
[1.867s] Installing vision_application_publisher_toggle script to /home/agrobot/ros2_ws/install/agrobot_detect/lib/agrobot_detect
[1.868s] 
[1.868s] Installed /home/agrobot/ros2_ws/build/agrobot_detect
[1.870s] running symlink_data
[1.870s] symbolically linking /home/agrobot/ros2_ws/build/agrobot_detect/resource/agrobot_detect -> /home/agrobot/ros2_ws/install/agrobot_detect/share/ament_index/resource_index/packages
[1.870s] symbolically linking /home/agrobot/ros2_ws/build/agrobot_detect/package.xml -> /home/agrobot/ros2_ws/install/agrobot_detect/share/agrobot_detect
[1.870s] symbolically linking /home/agrobot/ros2_ws/build/agrobot_detect/data/hsv.db -> /home/agrobot/ros2_ws/install/agrobot_detect/share/agrobot_detect/data
[1.971s] Invoked command in '/home/agrobot/ros2_ws/build/agrobot_detect' returned '0': PYTHONPATH=/home/agrobot/ros2_ws/build/agrobot_detect/prefix_override:/usr/lib/python3/dist-packages/colcon_core/task/python/colcon_distutils_commands:/home/agrobot/ros2_ws/install/agrobot_detect/lib/python3.12/site-packages:${PYTHONPATH} /usr/bin/python3 -W ignore:setup.py install is deprecated -W ignore:easy_install command is deprecated setup.py develop --editable --build-directory /home/agrobot/ros2_ws/build/agrobot_detect/build --no-deps symlink_data --force
