running develop
Removing /home/agrobot/ros2_ws/install/agrobot_fsm/lib/python3.12/site-packages/agrobot-fsm.egg-link (link to .)
running egg_info
writing ../../build/agrobot_fsm/agrobot_fsm.egg-info/PKG-INFO
writing dependency_links to ../../build/agrobot_fsm/agrobot_fsm.egg-info/dependency_links.txt
writing entry points to ../../build/agrobot_fsm/agrobot_fsm.egg-info/entry_points.txt
writing requirements to ../../build/agrobot_fsm/agrobot_fsm.egg-info/requires.txt
writing top-level names to ../../build/agrobot_fsm/agrobot_fsm.egg-info/top_level.txt
reading manifest file '../../build/agrobot_fsm/agrobot_fsm.egg-info/SOURCES.txt'
writing manifest file '../../build/agrobot_fsm/agrobot_fsm.egg-info/SOURCES.txt'
running build
running build_py
creating /home/agrobot/ros2_ws/build/agrobot_fsm/build
creating /home/agrobot/ros2_ws/build/agrobot_fsm/build/lib
creating /home/agrobot/ros2_ws/build/agrobot_fsm/build/lib/agrobot_fsm
copying agrobot_fsm/corn_robot_fsm.py -> /home/agrobot/ros2_ws/build/agrobot_fsm/build/lib/agrobot_fsm
copying agrobot_fsm/__init__.py -> /home/agrobot/ros2_ws/build/agrobot_fsm/build/lib/agrobot_fsm
copying agrobot_fsm/py.typed -> /home/agrobot/ros2_ws/build/agrobot_fsm/build/lib/agrobot_fsm
running install
running install_lib
creating /home/agrobot/ros2_ws/install/agrobot_fsm/lib/python3.12/site-packages/agrobot_fsm
copying /home/agrobot/ros2_ws/build/agrobot_fsm/build/lib/agrobot_fsm/py.typed -> /home/agrobot/ros2_ws/install/agrobot_fsm/lib/python3.12/site-packages/agrobot_fsm
copying /home/agrobot/ros2_ws/build/agrobot_fsm/build/lib/agrobot_fsm/corn_robot_fsm.py -> /home/agrobot/ros2_ws/install/agrobot_fsm/lib/python3.12/site-packages/agrobot_fsm
copying /home/agrobot/ros2_ws/build/agrobot_fsm/build/lib/agrobot_fsm/__init__.py -> /home/agrobot/ros2_ws/install/agrobot_fsm/lib/python3.12/site-packages/agrobot_fsm
byte-compiling /home/agrobot/ros2_ws/install/agrobot_fsm/lib/python3.12/site-packages/agrobot_fsm/corn_robot_fsm.py to corn_robot_fsm.cpython-312.pyc
byte-compiling /home/agrobot/ros2_ws/install/agrobot_fsm/lib/python3.12/site-packages/agrobot_fsm/__init__.py to __init__.cpython-312.pyc
running install_data
copying resource/agrobot_fsm -> /home/agrobot/ros2_ws/install/agrobot_fsm/share/ament_index/resource_index/packages
copying package.xml -> /home/agrobot/ros2_ws/install/agrobot_fsm/share/agrobot_fsm
running install_egg_info
Copying ../../build/agrobot_fsm/agrobot_fsm.egg-info to /home/agrobot/ros2_ws/install/agrobot_fsm/lib/python3.12/site-packages/agrobot_fsm-0.0.0-py3.12.egg-info
running install_scripts
Installing corn_robot_fsm script to /home/agrobot/ros2_ws/install/agrobot_fsm/lib/agrobot_fsm
writing list of installed files to '/home/agrobot/ros2_ws/build/agrobot_fsm/install.log'
