[1.360s] Invoking command in '/home/agrobot/ros2_ws/src/agrobot_actuation': AMENT_PREFIX_PATH=/home/agrobot/ros2_ws/install/agrobot_interfaces:${AMENT_PREFIX_PATH} CMAKE_PREFIX_PATH=/home/agrobot/ros2_ws/install/agrobot_interfaces LD_LIBRARY_PATH=/home/agrobot/ros2_ws/install/agrobot_interfaces/lib:${LD_LIBRARY_PATH} PYTHONPATH=/home/agrobot/ros2_ws/build/agrobot_actuation/prefix_override:/usr/lib/python3/dist-packages/colcon_core/task/python/colcon_distutils_commands:/home/agrobot/ros2_ws/install/agrobot_actuation/lib/python3.12/site-packages:/home/agrobot/ros2_ws/install/agrobot_interfaces/lib/python3.12/site-packages:${PYTHONPATH} /usr/bin/python3 -W ignore:setup.py install is deprecated -W ignore:easy_install command is deprecated setup.py egg_info --egg-base ../../build/agrobot_actuation build --build-base /home/agrobot/ros2_ws/build/agrobot_actuation/build install --record /home/agrobot/ros2_ws/build/agrobot_actuation/install.log --single-version-externally-managed install_data
[1.662s] running egg_info
[1.681s] writing ../../build/agrobot_actuation/agrobot_actuation.egg-info/PKG-INFO
[1.682s] writing dependency_links to ../../build/agrobot_actuation/agrobot_actuation.egg-info/dependency_links.txt
[1.683s] writing entry points to ../../build/agrobot_actuation/agrobot_actuation.egg-info/entry_points.txt
[1.684s] writing requirements to ../../build/agrobot_actuation/agrobot_actuation.egg-info/requires.txt
[1.684s] writing top-level names to ../../build/agrobot_actuation/agrobot_actuation.egg-info/top_level.txt
[1.725s] reading manifest file '../../build/agrobot_actuation/agrobot_actuation.egg-info/SOURCES.txt'
[1.726s] adding license file 'LICENSE'
[1.727s] writing manifest file '../../build/agrobot_actuation/agrobot_actuation.egg-info/SOURCES.txt'
[1.727s] running build
[1.727s] running build_py
[1.729s] copying agrobot_actuation/button_client.py -> /home/agrobot/ros2_ws/build/agrobot_actuation/build/lib/agrobot_actuation
[1.730s] running install
[1.739s] running install_lib
[1.760s] copying /home/agrobot/ros2_ws/build/agrobot_actuation/build/lib/agrobot_actuation/button_client.py -> /home/agrobot/ros2_ws/install/agrobot_actuation/lib/python3.12/site-packages/agrobot_actuation
[1.762s] byte-compiling /home/agrobot/ros2_ws/install/agrobot_actuation/lib/python3.12/site-packages/agrobot_actuation/button_client.py to button_client.cpython-312.pyc
[1.763s] running install_data
[1.765s] running install_egg_info
[1.787s] removing '/home/agrobot/ros2_ws/install/agrobot_actuation/lib/python3.12/site-packages/agrobot_actuation-0.0.0-py3.12.egg-info' (and everything under it)
[1.788s] Copying ../../build/agrobot_actuation/agrobot_actuation.egg-info to /home/agrobot/ros2_ws/install/agrobot_actuation/lib/python3.12/site-packages/agrobot_actuation-0.0.0-py3.12.egg-info
[1.790s] running install_scripts
[1.934s] Installing button_client script to /home/agrobot/ros2_ws/install/agrobot_actuation/lib/agrobot_actuation
[1.935s] Installing remove script to /home/agrobot/ros2_ws/install/agrobot_actuation/lib/agrobot_actuation
[1.936s] Installing seed script to /home/agrobot/ros2_ws/install/agrobot_actuation/lib/agrobot_actuation
[1.937s] writing list of installed files to '/home/agrobot/ros2_ws/build/agrobot_actuation/install.log'
[2.025s] Invoked command in '/home/agrobot/ros2_ws/src/agrobot_actuation' returned '0': AMENT_PREFIX_PATH=/home/agrobot/ros2_ws/install/agrobot_interfaces:${AMENT_PREFIX_PATH} CMAKE_PREFIX_PATH=/home/agrobot/ros2_ws/install/agrobot_interfaces LD_LIBRARY_PATH=/home/agrobot/ros2_ws/install/agrobot_interfaces/lib:${LD_LIBRARY_PATH} PYTHONPATH=/home/agrobot/ros2_ws/build/agrobot_actuation/prefix_override:/usr/lib/python3/dist-packages/colcon_core/task/python/colcon_distutils_commands:/home/agrobot/ros2_ws/install/agrobot_actuation/lib/python3.12/site-packages:/home/agrobot/ros2_ws/install/agrobot_interfaces/lib/python3.12/site-packages:${PYTHONPATH} /usr/bin/python3 -W ignore:setup.py install is deprecated -W ignore:easy_install command is deprecated setup.py egg_info --egg-base ../../build/agrobot_actuation build --build-base /home/agrobot/ros2_ws/build/agrobot_actuation/build install --record /home/agrobot/ros2_ws/build/agrobot_actuation/install.log --single-version-externally-managed install_data
