[1.219s] Invoking command in '/home/agrobot/ros2_ws/build/agrobot_actuation': CMAKE_PREFIX_PATH=/home/agrobot/ros2_ws/install/agrobot_interfaces:/home/agrobot/ros2_ws/install/tutorial_interfaces:/home/agrobot/ros2_ws/install/basicmicro_ros2:/opt/ros/kilted/opt/sdformat_vendor:/opt/ros/kilted/opt/gz_math_vendor:/opt/ros/kilted/opt/gz_utils_vendor:/opt/ros/kilted/opt/gz_tools_vendor:/opt/ros/kilted/opt/gz_cmake_vendor LD_LIBRARY_PATH=/home/agrobot/ros2_ws/install/agrobot_interfaces/lib:/home/agrobot/ros2_ws/install/tutorial_interfaces/lib:/home/agrobot/ros2_ws/install/basicmicro_ros2/lib:/opt/ros/kilted/opt/sdformat_vendor/lib:/opt/ros/kilted/opt/gz_math_vendor/lib:/opt/ros/kilted/opt/gz_utils_vendor/lib:/opt/ros/kilted/lib/aarch64-linux-gnu:/opt/ros/kilted/opt/gz_tools_vendor/lib:/opt/ros/kilted/opt/gz_cmake_vendor/lib:/opt/ros/kilted/lib PYTHONPATH=/home/agrobot/ros2_ws/build/agrobot_actuation/prefix_override:/usr/lib/python3/dist-packages/colcon_core/task/python/colcon_distutils_commands:/home/agrobot/ros2_ws/install/agrobot_actuation/lib/python3.12/site-packages:/home/agrobot/ros2_ws/install/agrobot_interfaces/lib/python3.12/site-packages:/home/agrobot/ros2_ws/install/agrobot_nav/lib/python3.12/site-packages:/home/agrobot/ros2_ws/install/tutorial_interfaces/lib/python3.12/site-packages:/home/agrobot/ros2_ws/install/basicmicro_ros2/lib/python3.12/site-packages:/home/agrobot/ros2_ws/install/agrobot_actuation/lib/python3.12/site-packages:/home/agrobot/ros2_ws/install/agrobot_detect/lib/python3.12/site-packages:/opt/ros/kilted/lib/python3.12/site-packages /usr/bin/python3 -W ignore:setup.py install is deprecated -W ignore:easy_install command is deprecated setup.py develop --editable --build-directory /home/agrobot/ros2_ws/build/agrobot_actuation/build --no-deps symlink_data --force
[1.628s] running develop
[1.842s] running egg_info
[1.863s] writing agrobot_actuation.egg-info/PKG-INFO
[1.863s] writing dependency_links to agrobot_actuation.egg-info/dependency_links.txt
[1.864s] writing entry points to agrobot_actuation.egg-info/entry_points.txt
[1.865s] writing requirements to agrobot_actuation.egg-info/requires.txt
[1.865s] writing top-level names to agrobot_actuation.egg-info/top_level.txt
[1.910s] reading manifest file 'agrobot_actuation.egg-info/SOURCES.txt'
[1.911s] writing manifest file 'agrobot_actuation.egg-info/SOURCES.txt'
[1.934s] running build_ext
[1.934s] Creating /home/agrobot/ros2_ws/install/agrobot_actuation/lib/python3.12/site-packages/agrobot-actuation.egg-link (link to .)
[1.935s] Installing button_client script to /home/agrobot/ros2_ws/install/agrobot_actuation/lib/agrobot_actuation
[1.936s] Installing remove script to /home/agrobot/ros2_ws/install/agrobot_actuation/lib/agrobot_actuation
[1.936s] Installing seed script to /home/agrobot/ros2_ws/install/agrobot_actuation/lib/agrobot_actuation
[1.936s] 
[1.936s] Installed /home/agrobot/ros2_ws/build/agrobot_actuation
[1.936s] running symlink_data
[1.937s] symbolically linking /home/agrobot/ros2_ws/build/agrobot_actuation/resource/agrobot_actuation -> /home/agrobot/ros2_ws/install/agrobot_actuation/share/ament_index/resource_index/packages
[1.937s] symbolically linking /home/agrobot/ros2_ws/build/agrobot_actuation/package.xml -> /home/agrobot/ros2_ws/install/agrobot_actuation/share/agrobot_actuation
[2.029s] Invoked command in '/home/agrobot/ros2_ws/build/agrobot_actuation' returned '0': CMAKE_PREFIX_PATH=/home/agrobot/ros2_ws/install/agrobot_interfaces:/home/agrobot/ros2_ws/install/tutorial_interfaces:/home/agrobot/ros2_ws/install/basicmicro_ros2:/opt/ros/kilted/opt/sdformat_vendor:/opt/ros/kilted/opt/gz_math_vendor:/opt/ros/kilted/opt/gz_utils_vendor:/opt/ros/kilted/opt/gz_tools_vendor:/opt/ros/kilted/opt/gz_cmake_vendor LD_LIBRARY_PATH=/home/agrobot/ros2_ws/install/agrobot_interfaces/lib:/home/agrobot/ros2_ws/install/tutorial_interfaces/lib:/home/agrobot/ros2_ws/install/basicmicro_ros2/lib:/opt/ros/kilted/opt/sdformat_vendor/lib:/opt/ros/kilted/opt/gz_math_vendor/lib:/opt/ros/kilted/opt/gz_utils_vendor/lib:/opt/ros/kilted/lib/aarch64-linux-gnu:/opt/ros/kilted/opt/gz_tools_vendor/lib:/opt/ros/kilted/opt/gz_cmake_vendor/lib:/opt/ros/kilted/lib PYTHONPATH=/home/agrobot/ros2_ws/build/agrobot_actuation/prefix_override:/usr/lib/python3/dist-packages/colcon_core/task/python/colcon_distutils_commands:/home/agrobot/ros2_ws/install/agrobot_actuation/lib/python3.12/site-packages:/home/agrobot/ros2_ws/install/agrobot_interfaces/lib/python3.12/site-packages:/home/agrobot/ros2_ws/install/agrobot_nav/lib/python3.12/site-packages:/home/agrobot/ros2_ws/install/tutorial_interfaces/lib/python3.12/site-packages:/home/agrobot/ros2_ws/install/basicmicro_ros2/lib/python3.12/site-packages:/home/agrobot/ros2_ws/install/agrobot_actuation/lib/python3.12/site-packages:/home/agrobot/ros2_ws/install/agrobot_detect/lib/python3.12/site-packages:/opt/ros/kilted/lib/python3.12/site-packages /usr/bin/python3 -W ignore:setup.py install is deprecated -W ignore:easy_install command is deprecated setup.py develop --editable --build-directory /home/agrobot/ros2_ws/build/agrobot_actuation/build --no-deps symlink_data --force
