[0.015s] Invoking command in '/home/agrobot/ros2_ws/build/tutorial_interfaces': CMAKE_PREFIX_PATH=/home/agrobot/ros2_ws/install/py_pubsub:/opt/ros/kilted /usr/bin/cmake /home/agrobot/ros2_ws/src/tutorial_interfaces -DCMAKE_INSTALL_PREFIX=/home/agrobot/ros2_ws/install/tutorial_interfaces
[0.112s] -- The C compiler identification is GNU 13.3.0
[0.212s] -- The CXX compiler identification is GNU 13.3.0
[0.239s] -- Detecting C compiler ABI info
[0.393s] -- Detecting C compiler ABI info - done
[0.409s] -- Check for working C compiler: /usr/bin/cc - skipped
[0.409s] -- Detecting C compile features
[0.409s] -- Detecting C compile features - done
[0.425s] -- Detecting CXX compiler ABI info
[0.592s] -- Detecting CXX compiler ABI info - done
[0.607s] -- Check for working CXX compiler: /usr/bin/c++ - skipped
[0.608s] -- Detecting CXX compile features
[0.608s] -- Detecting CXX compile features - done
[0.616s] -- Found ament_cmake: 2.7.4 (/opt/ros/kilted/share/ament_cmake/cmake)
[0.833s] -- Found Python3: /usr/bin/python3 (found version "3.12.3") found components: Interpreter 
[1.022s] -- Found ament_lint_auto: 0.19.2 (/opt/ros/kilted/share/ament_lint_auto/cmake)
[1.234s] -- Found rosidl_default_generators: 1.7.1 (/opt/ros/kilted/share/rosidl_default_generators/cmake)
[1.243s] -- Using all available rosidl_typesupport_c: rosidl_typesupport_fastrtps_c;rosidl_typesupport_introspection_c
[1.322s] -- Using all available rosidl_typesupport_cpp: rosidl_typesupport_fastrtps_cpp;rosidl_typesupport_introspection_cpp
[1.397s] -- Found rosidl_adapter: 4.9.6 (/opt/ros/kilted/share/rosidl_adapter/cmake)
[2.132s] -- Found ament_cmake_ros_core: 0.14.7 (/opt/ros/kilted/share/ament_cmake_ros_core/cmake)
[2.749s] -- Using all available rosidl_typesupport_c: rosidl_typesupport_fastrtps_c;rosidl_typesupport_introspection_c
[3.572s] -- Using all available rosidl_typesupport_cpp: rosidl_typesupport_fastrtps_cpp;rosidl_typesupport_introspection_cpp
[4.259s] -- Found Python3: /usr/bin/python3 (found version "3.12.3") found components: Interpreter Development NumPy Development.Module Development.Embed 
[4.314s] -- Added test 'lint_cmake' to check CMake code style
[4.317s] -- Added test 'xmllint' to check XML markup files
[4.329s] -- Configuring done (4.3s)
[4.377s] -- Generating done (0.0s)
[4.393s] -- Build files have been written to: /home/agrobot/ros2_ws/build/tutorial_interfaces
[4.404s] Invoked command in '/home/agrobot/ros2_ws/build/tutorial_interfaces' returned '0': CMAKE_PREFIX_PATH=/home/agrobot/ros2_ws/install/py_pubsub:/opt/ros/kilted /usr/bin/cmake /home/agrobot/ros2_ws/src/tutorial_interfaces -DCMAKE_INSTALL_PREFIX=/home/agrobot/ros2_ws/install/tutorial_interfaces
[4.407s] Invoking command in '/home/agrobot/ros2_ws/build/tutorial_interfaces': CMAKE_PREFIX_PATH=/home/agrobot/ros2_ws/install/py_pubsub:/opt/ros/kilted /usr/bin/cmake --build /home/agrobot/ros2_ws/build/tutorial_interfaces -- -j4 -l4
[4.487s] [  2%] [34m[1mGenerating type hashes for ROS interfaces[0m
[4.502s] [  2%] Built target ament_cmake_python_copy_tutorial_interfaces
[4.792s] running egg_info
[4.793s] creating tutorial_interfaces.egg-info
[4.807s] [  2%] Built target tutorial_interfaces__rosidl_generator_type_description
[4.818s] writing tutorial_interfaces.egg-info/PKG-INFO
[4.818s] writing dependency_links to tutorial_interfaces.egg-info/dependency_links.txt
[4.818s] writing top-level names to tutorial_interfaces.egg-info/top_level.txt
[4.818s] writing manifest file 'tutorial_interfaces.egg-info/SOURCES.txt'
[4.825s] [  5%] [34m[1mGenerating C code for ROS interfaces[0m
[4.843s] [  8%] [34m[1mGenerating C++ code for ROS interfaces[0m
[4.887s] reading manifest file 'tutorial_interfaces.egg-info/SOURCES.txt'
[4.887s] writing manifest file 'tutorial_interfaces.egg-info/SOURCES.txt'
[4.989s] [  8%] Built target ament_cmake_python_build_tutorial_interfaces_egg
[5.257s] [  8%] Built target tutorial_interfaces__cpp
[5.299s] [ 17%] [32mBuilding C object CMakeFiles/tutorial_interfaces__rosidl_generator_c.dir/rosidl_generator_c/tutorial_interfaces/msg/detail/num__description.c.o[0m
[5.300s] [ 17%] [32mBuilding C object CMakeFiles/tutorial_interfaces__rosidl_generator_c.dir/rosidl_generator_c/tutorial_interfaces/msg/detail/num__type_support.c.o[0m
[5.300s] [ 17%] [32mBuilding C object CMakeFiles/tutorial_interfaces__rosidl_generator_c.dir/rosidl_generator_c/tutorial_interfaces/msg/detail/num__functions.c.o[0m
[5.443s] [ 20%] [32m[1mLinking C shared library libtutorial_interfaces__rosidl_generator_c.so[0m
[5.545s] [ 20%] Built target tutorial_interfaces__rosidl_generator_c
[5.567s] [ 29%] [34m[1mGenerating C introspection for ROS interfaces[0m
[5.567s] [ 29%] [34m[1mGenerating C type support for eProsima Fast-RTPS[0m
[5.567s] [ 29%] [34m[1mGenerating C type support dispatch for ROS interfaces[0m
[5.568s] [ 32%] [34m[1mGenerating C++ type support dispatch for ROS interfaces[0m
[6.269s] [ 38%] [32mBuilding CXX object CMakeFiles/tutorial_interfaces__rosidl_typesupport_c.dir/rosidl_typesupport_c/tutorial_interfaces/msg/num__type_support.cpp.o[0m
[6.269s] [ 38%] [32mBuilding CXX object CMakeFiles/tutorial_interfaces__rosidl_typesupport_cpp.dir/rosidl_typesupport_cpp/tutorial_interfaces/msg/num__type_support.cpp.o[0m
[7.192s] [ 41%] [32mBuilding C object CMakeFiles/tutorial_interfaces__rosidl_typesupport_introspection_c.dir/rosidl_typesupport_introspection_c/tutorial_interfaces/msg/detail/num__type_support.c.o[0m
[7.209s] [ 44%] [32mBuilding CXX object CMakeFiles/tutorial_interfaces__rosidl_typesupport_fastrtps_c.dir/rosidl_typesupport_fastrtps_c/tutorial_interfaces/msg/detail/num__type_support_c.cpp.o[0m
[7.861s] [ 50%] [32m[1mLinking C shared library libtutorial_interfaces__rosidl_typesupport_introspection_c.so[0m
[7.862s] [ 50%] [32m[1mLinking CXX shared library libtutorial_interfaces__rosidl_typesupport_c.so[0m
[7.936s] [ 50%] Built target tutorial_interfaces__rosidl_typesupport_introspection_c
[7.942s] [ 50%] Built target tutorial_interfaces__rosidl_typesupport_c
[7.959s] [ 52%] [34m[1mGenerating C++ type support for eProsima Fast-RTPS[0m
[7.964s] [ 55%] [34m[1mGenerating C++ introspection for ROS interfaces[0m
[8.510s] [ 58%] [32m[1mLinking CXX shared library libtutorial_interfaces__rosidl_typesupport_cpp.so[0m
[8.514s] [ 61%] [32mBuilding CXX object CMakeFiles/tutorial_interfaces__rosidl_typesupport_introspection_cpp.dir/rosidl_typesupport_introspection_cpp/tutorial_interfaces/msg/detail/num__type_support.cpp.o[0m
[8.548s] [ 64%] [32mBuilding CXX object CMakeFiles/tutorial_interfaces__rosidl_typesupport_fastrtps_cpp.dir/rosidl_typesupport_fastrtps_cpp/tutorial_interfaces/msg/detail/dds_fastrtps/num__type_support.cpp.o[0m
[8.597s] [ 64%] Built target tutorial_interfaces__rosidl_typesupport_cpp
[8.833s] [ 67%] [32m[1mLinking CXX shared library libtutorial_interfaces__rosidl_typesupport_fastrtps_c.so[0m
[8.939s] [ 67%] Built target tutorial_interfaces__rosidl_typesupport_fastrtps_c
[9.072s] [ 70%] [32m[1mLinking CXX shared library libtutorial_interfaces__rosidl_typesupport_introspection_cpp.so[0m
[9.141s] [ 70%] Built target tutorial_interfaces__rosidl_typesupport_introspection_cpp
[9.312s] [ 73%] [32m[1mLinking CXX shared library libtutorial_interfaces__rosidl_typesupport_fastrtps_cpp.so[0m
[9.390s] [ 73%] Built target tutorial_interfaces__rosidl_typesupport_fastrtps_cpp
[9.423s] [ 73%] Built target tutorial_interfaces
[9.457s] [ 76%] [34m[1mGenerating Python code for ROS interfaces[0m
[9.839s] [ 76%] Built target tutorial_interfaces__py
[9.874s] [ 79%] [32mBuilding C object CMakeFiles/tutorial_interfaces__rosidl_generator_py.dir/rosidl_generator_py/tutorial_interfaces/msg/_num_s.c.o[0m
[10.112s] [ 82%] [32m[1mLinking C shared library libtutorial_interfaces__rosidl_generator_py.so[0m
[10.187s] [ 82%] Built target tutorial_interfaces__rosidl_generator_py
[10.225s] [ 91%] [32mBuilding C object CMakeFiles/tutorial_interfaces_s__rosidl_typesupport_c.dir/rosidl_generator_py/tutorial_interfaces/_tutorial_interfaces_s.ep.rosidl_typesupport_c.c.o[0m
[10.225s] [ 91%] [32mBuilding C object CMakeFiles/tutorial_interfaces_s__rosidl_typesupport_introspection_c.dir/rosidl_generator_py/tutorial_interfaces/_tutorial_interfaces_s.ep.rosidl_typesupport_introspection_c.c.o[0m
[10.226s] [ 91%] [32mBuilding C object CMakeFiles/tutorial_interfaces_s__rosidl_typesupport_fastrtps_c.dir/rosidl_generator_py/tutorial_interfaces/_tutorial_interfaces_s.ep.rosidl_typesupport_fastrtps_c.c.o[0m
[10.397s] [ 97%] [32m[1mLinking C shared module rosidl_generator_py/tutorial_interfaces/tutorial_interfaces_s__rosidl_typesupport_introspection_c.so[0m
[10.398s] [ 97%] [32m[1mLinking C shared module rosidl_generator_py/tutorial_interfaces/tutorial_interfaces_s__rosidl_typesupport_c.so[0m
[10.412s] [100%] [32m[1mLinking C shared module rosidl_generator_py/tutorial_interfaces/tutorial_interfaces_s__rosidl_typesupport_fastrtps_c.so[0m
[10.453s] [100%] Built target tutorial_interfaces_s__rosidl_typesupport_introspection_c
[10.454s] [100%] Built target tutorial_interfaces_s__rosidl_typesupport_c
[10.513s] [100%] Built target tutorial_interfaces_s__rosidl_typesupport_fastrtps_c
[10.536s] Invoked command in '/home/agrobot/ros2_ws/build/tutorial_interfaces' returned '0': CMAKE_PREFIX_PATH=/home/agrobot/ros2_ws/install/py_pubsub:/opt/ros/kilted /usr/bin/cmake --build /home/agrobot/ros2_ws/build/tutorial_interfaces -- -j4 -l4
[10.554s] Invoking command in '/home/agrobot/ros2_ws/build/tutorial_interfaces': CMAKE_PREFIX_PATH=/home/agrobot/ros2_ws/install/py_pubsub:/opt/ros/kilted /usr/bin/cmake --install /home/agrobot/ros2_ws/build/tutorial_interfaces
[10.567s] -- Install configuration: ""
[10.567s] -- Installing: /home/agrobot/ros2_ws/install/tutorial_interfaces/share/ament_index/resource_index/rosidl_interfaces/tutorial_interfaces
[10.568s] -- Installing: /home/agrobot/ros2_ws/install/tutorial_interfaces/share/tutorial_interfaces/msg/Num.json
[10.568s] -- Installing: /home/agrobot/ros2_ws/install/tutorial_interfaces/include/tutorial_interfaces/tutorial_interfaces
[10.568s] -- Installing: /home/agrobot/ros2_ws/install/tutorial_interfaces/include/tutorial_interfaces/tutorial_interfaces/msg
[10.568s] -- Installing: /home/agrobot/ros2_ws/install/tutorial_interfaces/include/tutorial_interfaces/tutorial_interfaces/msg/num.h
[10.568s] -- Installing: /home/agrobot/ros2_ws/install/tutorial_interfaces/include/tutorial_interfaces/tutorial_interfaces/msg/detail
[10.568s] -- Installing: /home/agrobot/ros2_ws/install/tutorial_interfaces/include/tutorial_interfaces/tutorial_interfaces/msg/detail/num__description.c
[10.568s] -- Installing: /home/agrobot/ros2_ws/install/tutorial_interfaces/include/tutorial_interfaces/tutorial_interfaces/msg/detail/num__functions.h
[10.569s] -- Installing: /home/agrobot/ros2_ws/install/tutorial_interfaces/include/tutorial_interfaces/tutorial_interfaces/msg/detail/num__type_support.c
[10.569s] -- Installing: /home/agrobot/ros2_ws/install/tutorial_interfaces/include/tutorial_interfaces/tutorial_interfaces/msg/detail/num__struct.h
[10.569s] -- Installing: /home/agrobot/ros2_ws/install/tutorial_interfaces/include/tutorial_interfaces/tutorial_interfaces/msg/detail/num__type_support.h
[10.569s] -- Installing: /home/agrobot/ros2_ws/install/tutorial_interfaces/include/tutorial_interfaces/tutorial_interfaces/msg/detail/num__functions.c
[10.569s] -- Installing: /home/agrobot/ros2_ws/install/tutorial_interfaces/include/tutorial_interfaces/tutorial_interfaces/msg/rosidl_generator_c__visibility_control.h
[10.569s] -- Installing: /home/agrobot/ros2_ws/install/tutorial_interfaces/share/tutorial_interfaces/environment/library_path.sh
[10.570s] -- Installing: /home/agrobot/ros2_ws/install/tutorial_interfaces/share/tutorial_interfaces/environment/library_path.dsv
[10.570s] -- Installing: /home/agrobot/ros2_ws/install/tutorial_interfaces/lib/libtutorial_interfaces__rosidl_generator_c.so
[10.571s] -- Set non-toolchain portion of runtime path of "/home/agrobot/ros2_ws/install/tutorial_interfaces/lib/libtutorial_interfaces__rosidl_generator_c.so" to ""
[10.571s] -- Up-to-date: /home/agrobot/ros2_ws/install/tutorial_interfaces/include/tutorial_interfaces/tutorial_interfaces
[10.571s] -- Up-to-date: /home/agrobot/ros2_ws/install/tutorial_interfaces/include/tutorial_interfaces/tutorial_interfaces/msg
[10.571s] -- Up-to-date: /home/agrobot/ros2_ws/install/tutorial_interfaces/include/tutorial_interfaces/tutorial_interfaces/msg/detail
[10.571s] -- Installing: /home/agrobot/ros2_ws/install/tutorial_interfaces/include/tutorial_interfaces/tutorial_interfaces/msg/detail/num__rosidl_typesupport_fastrtps_c.h
[10.571s] -- Installing: /home/agrobot/ros2_ws/install/tutorial_interfaces/include/tutorial_interfaces/tutorial_interfaces/msg/rosidl_typesupport_fastrtps_c__visibility_control.h
[10.571s] -- Installing: /home/agrobot/ros2_ws/install/tutorial_interfaces/lib/libtutorial_interfaces__rosidl_typesupport_fastrtps_c.so
[10.572s] -- Set non-toolchain portion of runtime path of "/home/agrobot/ros2_ws/install/tutorial_interfaces/lib/libtutorial_interfaces__rosidl_typesupport_fastrtps_c.so" to ""
[10.572s] -- Up-to-date: /home/agrobot/ros2_ws/install/tutorial_interfaces/include/tutorial_interfaces/tutorial_interfaces
[10.572s] -- Up-to-date: /home/agrobot/ros2_ws/install/tutorial_interfaces/include/tutorial_interfaces/tutorial_interfaces/msg
[10.572s] -- Installing: /home/agrobot/ros2_ws/install/tutorial_interfaces/include/tutorial_interfaces/tutorial_interfaces/msg/rosidl_typesupport_introspection_c__visibility_control.h
[10.572s] -- Up-to-date: /home/agrobot/ros2_ws/install/tutorial_interfaces/include/tutorial_interfaces/tutorial_interfaces/msg/detail
[10.574s] -- Installing: /home/agrobot/ros2_ws/install/tutorial_interfaces/include/tutorial_interfaces/tutorial_interfaces/msg/detail/num__type_support.c
[10.574s] -- Installing: /home/agrobot/ros2_ws/install/tutorial_interfaces/include/tutorial_interfaces/tutorial_interfaces/msg/detail/num__rosidl_typesupport_introspection_c.h
[10.574s] -- Installing: /home/agrobot/ros2_ws/install/tutorial_interfaces/lib/libtutorial_interfaces__rosidl_typesupport_introspection_c.so
[10.574s] -- Set non-toolchain portion of runtime path of "/home/agrobot/ros2_ws/install/tutorial_interfaces/lib/libtutorial_interfaces__rosidl_typesupport_introspection_c.so" to ""
[10.574s] -- Installing: /home/agrobot/ros2_ws/install/tutorial_interfaces/lib/libtutorial_interfaces__rosidl_typesupport_c.so
[10.574s] -- Set non-toolchain portion of runtime path of "/home/agrobot/ros2_ws/install/tutorial_interfaces/lib/libtutorial_interfaces__rosidl_typesupport_c.so" to ""
[10.574s] -- Up-to-date: /home/agrobot/ros2_ws/install/tutorial_interfaces/include/tutorial_interfaces/tutorial_interfaces
[10.574s] -- Up-to-date: /home/agrobot/ros2_ws/install/tutorial_interfaces/include/tutorial_interfaces/tutorial_interfaces/msg
[10.575s] -- Installing: /home/agrobot/ros2_ws/install/tutorial_interfaces/include/tutorial_interfaces/tutorial_interfaces/msg/rosidl_generator_cpp__visibility_control.hpp
[10.575s] -- Up-to-date: /home/agrobot/ros2_ws/install/tutorial_interfaces/include/tutorial_interfaces/tutorial_interfaces/msg/detail
[10.575s] -- Installing: /home/agrobot/ros2_ws/install/tutorial_interfaces/include/tutorial_interfaces/tutorial_interfaces/msg/detail/num__traits.hpp
[10.575s] -- Installing: /home/agrobot/ros2_ws/install/tutorial_interfaces/include/tutorial_interfaces/tutorial_interfaces/msg/detail/num__builder.hpp
[10.575s] -- Installing: /home/agrobot/ros2_ws/install/tutorial_interfaces/include/tutorial_interfaces/tutorial_interfaces/msg/detail/num__type_support.hpp
[10.575s] -- Installing: /home/agrobot/ros2_ws/install/tutorial_interfaces/include/tutorial_interfaces/tutorial_interfaces/msg/detail/num__struct.hpp
[10.575s] -- Installing: /home/agrobot/ros2_ws/install/tutorial_interfaces/include/tutorial_interfaces/tutorial_interfaces/msg/num.hpp
[10.575s] -- Up-to-date: /home/agrobot/ros2_ws/install/tutorial_interfaces/include/tutorial_interfaces/tutorial_interfaces
[10.575s] -- Up-to-date: /home/agrobot/ros2_ws/install/tutorial_interfaces/include/tutorial_interfaces/tutorial_interfaces/msg
[10.575s] -- Installing: /home/agrobot/ros2_ws/install/tutorial_interfaces/include/tutorial_interfaces/tutorial_interfaces/msg/rosidl_typesupport_fastrtps_cpp__visibility_control.h
[10.576s] -- Up-to-date: /home/agrobot/ros2_ws/install/tutorial_interfaces/include/tutorial_interfaces/tutorial_interfaces/msg/detail
[10.576s] -- Installing: /home/agrobot/ros2_ws/install/tutorial_interfaces/include/tutorial_interfaces/tutorial_interfaces/msg/detail/dds_fastrtps
[10.576s] -- Installing: /home/agrobot/ros2_ws/install/tutorial_interfaces/include/tutorial_interfaces/tutorial_interfaces/msg/detail/num__rosidl_typesupport_fastrtps_cpp.hpp
[10.576s] -- Installing: /home/agrobot/ros2_ws/install/tutorial_interfaces/lib/libtutorial_interfaces__rosidl_typesupport_fastrtps_cpp.so
[10.576s] -- Set non-toolchain portion of runtime path of "/home/agrobot/ros2_ws/install/tutorial_interfaces/lib/libtutorial_interfaces__rosidl_typesupport_fastrtps_cpp.so" to ""
[10.576s] -- Up-to-date: /home/agrobot/ros2_ws/install/tutorial_interfaces/include/tutorial_interfaces/tutorial_interfaces
[10.577s] -- Up-to-date: /home/agrobot/ros2_ws/install/tutorial_interfaces/include/tutorial_interfaces/tutorial_interfaces/msg
[10.577s] -- Up-to-date: /home/agrobot/ros2_ws/install/tutorial_interfaces/include/tutorial_interfaces/tutorial_interfaces/msg/detail
[10.577s] -- Installing: /home/agrobot/ros2_ws/install/tutorial_interfaces/include/tutorial_interfaces/tutorial_interfaces/msg/detail/num__rosidl_typesupport_introspection_cpp.hpp
[10.577s] -- Installing: /home/agrobot/ros2_ws/install/tutorial_interfaces/include/tutorial_interfaces/tutorial_interfaces/msg/detail/num__type_support.cpp
[10.577s] -- Installing: /home/agrobot/ros2_ws/install/tutorial_interfaces/lib/libtutorial_interfaces__rosidl_typesupport_introspection_cpp.so
[10.578s] -- Set non-toolchain portion of runtime path of "/home/agrobot/ros2_ws/install/tutorial_interfaces/lib/libtutorial_interfaces__rosidl_typesupport_introspection_cpp.so" to ""
[10.578s] -- Installing: /home/agrobot/ros2_ws/install/tutorial_interfaces/lib/libtutorial_interfaces__rosidl_typesupport_cpp.so
[10.578s] -- Set non-toolchain portion of runtime path of "/home/agrobot/ros2_ws/install/tutorial_interfaces/lib/libtutorial_interfaces__rosidl_typesupport_cpp.so" to ""
[10.578s] -- Installing: /home/agrobot/ros2_ws/install/tutorial_interfaces/share/tutorial_interfaces/environment/pythonpath.sh
[10.578s] -- Installing: /home/agrobot/ros2_ws/install/tutorial_interfaces/share/tutorial_interfaces/environment/pythonpath.dsv
[10.579s] -- Installing: /home/agrobot/ros2_ws/install/tutorial_interfaces/lib/python3.12/site-packages/tutorial_interfaces-0.0.0-py3.12.egg-info
[10.579s] -- Installing: /home/agrobot/ros2_ws/install/tutorial_interfaces/lib/python3.12/site-packages/tutorial_interfaces-0.0.0-py3.12.egg-info/dependency_links.txt
[10.579s] -- Installing: /home/agrobot/ros2_ws/install/tutorial_interfaces/lib/python3.12/site-packages/tutorial_interfaces-0.0.0-py3.12.egg-info/SOURCES.txt
[10.579s] -- Installing: /home/agrobot/ros2_ws/install/tutorial_interfaces/lib/python3.12/site-packages/tutorial_interfaces-0.0.0-py3.12.egg-info/top_level.txt
[10.579s] -- Installing: /home/agrobot/ros2_ws/install/tutorial_interfaces/lib/python3.12/site-packages/tutorial_interfaces-0.0.0-py3.12.egg-info/PKG-INFO
[10.579s] -- Installing: /home/agrobot/ros2_ws/install/tutorial_interfaces/lib/python3.12/site-packages/tutorial_interfaces
[10.579s] -- Installing: /home/agrobot/ros2_ws/install/tutorial_interfaces/lib/python3.12/site-packages/tutorial_interfaces/msg
[10.580s] -- Installing: /home/agrobot/ros2_ws/install/tutorial_interfaces/lib/python3.12/site-packages/tutorial_interfaces/msg/_num_s.c
[10.580s] -- Installing: /home/agrobot/ros2_ws/install/tutorial_interfaces/lib/python3.12/site-packages/tutorial_interfaces/msg/__init__.py
[10.580s] -- Installing: /home/agrobot/ros2_ws/install/tutorial_interfaces/lib/python3.12/site-packages/tutorial_interfaces/msg/_num.py
[10.580s] -- Installing: /home/agrobot/ros2_ws/install/tutorial_interfaces/lib/python3.12/site-packages/tutorial_interfaces/__init__.py
[10.580s] -- Installing: /home/agrobot/ros2_ws/install/tutorial_interfaces/lib/python3.12/site-packages/tutorial_interfaces/_tutorial_interfaces_s.ep.rosidl_typesupport_fastrtps_c.c
[10.580s] -- Installing: /home/agrobot/ros2_ws/install/tutorial_interfaces/lib/python3.12/site-packages/tutorial_interfaces/_tutorial_interfaces_s.ep.rosidl_typesupport_c.c
[10.580s] -- Installing: /home/agrobot/ros2_ws/install/tutorial_interfaces/lib/python3.12/site-packages/tutorial_interfaces/tutorial_interfaces_s__rosidl_typesupport_introspection_c.so
[10.581s] -- Installing: /home/agrobot/ros2_ws/install/tutorial_interfaces/lib/python3.12/site-packages/tutorial_interfaces/_tutorial_interfaces_s.ep.rosidl_typesupport_introspection_c.c
[10.581s] -- Installing: /home/agrobot/ros2_ws/install/tutorial_interfaces/lib/python3.12/site-packages/tutorial_interfaces/tutorial_interfaces_s__rosidl_typesupport_c.so
[10.581s] -- Installing: /home/agrobot/ros2_ws/install/tutorial_interfaces/lib/python3.12/site-packages/tutorial_interfaces/tutorial_interfaces_s__rosidl_typesupport_fastrtps_c.so
[10.636s] Listing '/home/agrobot/ros2_ws/install/tutorial_interfaces/lib/python3.12/site-packages/tutorial_interfaces'...
[10.637s] Compiling '/home/agrobot/ros2_ws/install/tutorial_interfaces/lib/python3.12/site-packages/tutorial_interfaces/__init__.py'...
[10.637s] Listing '/home/agrobot/ros2_ws/install/tutorial_interfaces/lib/python3.12/site-packages/tutorial_interfaces/msg'...
[10.637s] Compiling '/home/agrobot/ros2_ws/install/tutorial_interfaces/lib/python3.12/site-packages/tutorial_interfaces/msg/__init__.py'...
[10.637s] Compiling '/home/agrobot/ros2_ws/install/tutorial_interfaces/lib/python3.12/site-packages/tutorial_interfaces/msg/_num.py'...
[10.649s] -- Installing: /home/agrobot/ros2_ws/install/tutorial_interfaces/lib/python3.12/site-packages/tutorial_interfaces/tutorial_interfaces_s__rosidl_typesupport_fastrtps_c.so
[10.650s] -- Set non-toolchain portion of runtime path of "/home/agrobot/ros2_ws/install/tutorial_interfaces/lib/python3.12/site-packages/tutorial_interfaces/tutorial_interfaces_s__rosidl_typesupport_fastrtps_c.so" to ""
[10.650s] -- Installing: /home/agrobot/ros2_ws/install/tutorial_interfaces/lib/python3.12/site-packages/tutorial_interfaces/tutorial_interfaces_s__rosidl_typesupport_introspection_c.so
[10.651s] -- Set non-toolchain portion of runtime path of "/home/agrobot/ros2_ws/install/tutorial_interfaces/lib/python3.12/site-packages/tutorial_interfaces/tutorial_interfaces_s__rosidl_typesupport_introspection_c.so" to ""
[10.651s] -- Installing: /home/agrobot/ros2_ws/install/tutorial_interfaces/lib/python3.12/site-packages/tutorial_interfaces/tutorial_interfaces_s__rosidl_typesupport_c.so
[10.652s] -- Set non-toolchain portion of runtime path of "/home/agrobot/ros2_ws/install/tutorial_interfaces/lib/python3.12/site-packages/tutorial_interfaces/tutorial_interfaces_s__rosidl_typesupport_c.so" to ""
[10.652s] -- Installing: /home/agrobot/ros2_ws/install/tutorial_interfaces/lib/libtutorial_interfaces__rosidl_generator_py.so
[10.652s] -- Set non-toolchain portion of runtime path of "/home/agrobot/ros2_ws/install/tutorial_interfaces/lib/libtutorial_interfaces__rosidl_generator_py.so" to ""
[10.653s] -- Installing: /home/agrobot/ros2_ws/install/tutorial_interfaces/share/tutorial_interfaces/msg/Num.idl
[10.653s] -- Installing: /home/agrobot/ros2_ws/install/tutorial_interfaces/share/tutorial_interfaces/msg/Num.msg
[10.653s] -- Installing: /home/agrobot/ros2_ws/install/tutorial_interfaces/share/ament_index/resource_index/package_run_dependencies/tutorial_interfaces
[10.653s] -- Installing: /home/agrobot/ros2_ws/install/tutorial_interfaces/share/ament_index/resource_index/parent_prefix_path/tutorial_interfaces
[10.653s] -- Installing: /home/agrobot/ros2_ws/install/tutorial_interfaces/share/tutorial_interfaces/environment/ament_prefix_path.sh
[10.653s] -- Installing: /home/agrobot/ros2_ws/install/tutorial_interfaces/share/tutorial_interfaces/environment/ament_prefix_path.dsv
[10.654s] -- Installing: /home/agrobot/ros2_ws/install/tutorial_interfaces/share/tutorial_interfaces/environment/path.sh
[10.654s] -- Installing: /home/agrobot/ros2_ws/install/tutorial_interfaces/share/tutorial_interfaces/environment/path.dsv
[10.654s] -- Installing: /home/agrobot/ros2_ws/install/tutorial_interfaces/share/tutorial_interfaces/local_setup.bash
[10.654s] -- Installing: /home/agrobot/ros2_ws/install/tutorial_interfaces/share/tutorial_interfaces/local_setup.sh
[10.654s] -- Installing: /home/agrobot/ros2_ws/install/tutorial_interfaces/share/tutorial_interfaces/local_setup.zsh
[10.655s] -- Installing: /home/agrobot/ros2_ws/install/tutorial_interfaces/share/tutorial_interfaces/local_setup.dsv
[10.655s] -- Installing: /home/agrobot/ros2_ws/install/tutorial_interfaces/share/tutorial_interfaces/package.dsv
[10.655s] -- Installing: /home/agrobot/ros2_ws/install/tutorial_interfaces/share/ament_index/resource_index/packages/tutorial_interfaces
[10.655s] -- Installing: /home/agrobot/ros2_ws/install/tutorial_interfaces/share/tutorial_interfaces/cmake/export_tutorial_interfaces__rosidl_generator_cExport.cmake
[10.655s] -- Installing: /home/agrobot/ros2_ws/install/tutorial_interfaces/share/tutorial_interfaces/cmake/export_tutorial_interfaces__rosidl_generator_cExport-noconfig.cmake
[10.656s] -- Installing: /home/agrobot/ros2_ws/install/tutorial_interfaces/share/tutorial_interfaces/cmake/export_tutorial_interfaces__rosidl_typesupport_fastrtps_cExport.cmake
[10.656s] -- Installing: /home/agrobot/ros2_ws/install/tutorial_interfaces/share/tutorial_interfaces/cmake/export_tutorial_interfaces__rosidl_typesupport_fastrtps_cExport-noconfig.cmake
[10.656s] -- Installing: /home/agrobot/ros2_ws/install/tutorial_interfaces/share/tutorial_interfaces/cmake/tutorial_interfaces__rosidl_typesupport_introspection_cExport.cmake
[10.656s] -- Installing: /home/agrobot/ros2_ws/install/tutorial_interfaces/share/tutorial_interfaces/cmake/tutorial_interfaces__rosidl_typesupport_introspection_cExport-noconfig.cmake
[10.656s] -- Installing: /home/agrobot/ros2_ws/install/tutorial_interfaces/share/tutorial_interfaces/cmake/tutorial_interfaces__rosidl_typesupport_cExport.cmake
[10.657s] -- Installing: /home/agrobot/ros2_ws/install/tutorial_interfaces/share/tutorial_interfaces/cmake/tutorial_interfaces__rosidl_typesupport_cExport-noconfig.cmake
[10.657s] -- Installing: /home/agrobot/ros2_ws/install/tutorial_interfaces/share/tutorial_interfaces/cmake/export_tutorial_interfaces__rosidl_generator_cppExport.cmake
[10.657s] -- Installing: /home/agrobot/ros2_ws/install/tutorial_interfaces/share/tutorial_interfaces/cmake/export_tutorial_interfaces__rosidl_typesupport_fastrtps_cppExport.cmake
[10.657s] -- Installing: /home/agrobot/ros2_ws/install/tutorial_interfaces/share/tutorial_interfaces/cmake/export_tutorial_interfaces__rosidl_typesupport_fastrtps_cppExport-noconfig.cmake
[10.657s] -- Installing: /home/agrobot/ros2_ws/install/tutorial_interfaces/share/tutorial_interfaces/cmake/tutorial_interfaces__rosidl_typesupport_introspection_cppExport.cmake
[10.658s] -- Installing: /home/agrobot/ros2_ws/install/tutorial_interfaces/share/tutorial_interfaces/cmake/tutorial_interfaces__rosidl_typesupport_introspection_cppExport-noconfig.cmake
[10.658s] -- Installing: /home/agrobot/ros2_ws/install/tutorial_interfaces/share/tutorial_interfaces/cmake/tutorial_interfaces__rosidl_typesupport_cppExport.cmake
[10.658s] -- Installing: /home/agrobot/ros2_ws/install/tutorial_interfaces/share/tutorial_interfaces/cmake/tutorial_interfaces__rosidl_typesupport_cppExport-noconfig.cmake
[10.658s] -- Installing: /home/agrobot/ros2_ws/install/tutorial_interfaces/share/tutorial_interfaces/cmake/export_tutorial_interfaces__rosidl_generator_pyExport.cmake
[10.658s] -- Installing: /home/agrobot/ros2_ws/install/tutorial_interfaces/share/tutorial_interfaces/cmake/export_tutorial_interfaces__rosidl_generator_pyExport-noconfig.cmake
[10.659s] -- Installing: /home/agrobot/ros2_ws/install/tutorial_interfaces/share/tutorial_interfaces/cmake/rosidl_cmake-extras.cmake
[10.659s] -- Installing: /home/agrobot/ros2_ws/install/tutorial_interfaces/share/tutorial_interfaces/cmake/ament_cmake_export_include_directories-extras.cmake
[10.659s] -- Installing: /home/agrobot/ros2_ws/install/tutorial_interfaces/share/tutorial_interfaces/cmake/ament_cmake_export_libraries-extras.cmake
[10.659s] -- Installing: /home/agrobot/ros2_ws/install/tutorial_interfaces/share/tutorial_interfaces/cmake/ament_cmake_export_targets-extras.cmake
[10.659s] -- Installing: /home/agrobot/ros2_ws/install/tutorial_interfaces/share/tutorial_interfaces/cmake/rosidl_cmake_export_typesupport_targets-extras.cmake
[10.659s] -- Installing: /home/agrobot/ros2_ws/install/tutorial_interfaces/share/tutorial_interfaces/cmake/ament_cmake_export_dependencies-extras.cmake
[10.660s] -- Installing: /home/agrobot/ros2_ws/install/tutorial_interfaces/share/tutorial_interfaces/cmake/rosidl_cmake_export_typesupport_libraries-extras.cmake
[10.660s] -- Installing: /home/agrobot/ros2_ws/install/tutorial_interfaces/share/tutorial_interfaces/cmake/tutorial_interfacesConfig.cmake
[10.660s] -- Installing: /home/agrobot/ros2_ws/install/tutorial_interfaces/share/tutorial_interfaces/cmake/tutorial_interfacesConfig-version.cmake
[10.660s] -- Installing: /home/agrobot/ros2_ws/install/tutorial_interfaces/share/tutorial_interfaces/package.xml
[10.664s] Invoked command in '/home/agrobot/ros2_ws/build/tutorial_interfaces' returned '0': CMAKE_PREFIX_PATH=/home/agrobot/ros2_ws/install/py_pubsub:/opt/ros/kilted /usr/bin/cmake --install /home/agrobot/ros2_ws/build/tutorial_interfaces
