[  2%] Built target agrobot_interfaces__rosidl_generator_type_description
[  2%] Built target ament_cmake_python_copy_agrobot_interfaces
[  5%] Built target agrobot_interfaces__cpp
[ 20%] Built target agrobot_interfaces__rosidl_generator_c
[ 29%] Built target agrobot_interfaces__rosidl_typesupport_introspection_c
[ 32%] [32mBuilding CXX object CMakeFiles/agrobot_interfaces__rosidl_typesupport_fastrtps_c.dir/rosidl_typesupport_fastrtps_c/agrobot_interfaces/srv/detail/move_servo__type_support_c.cpp.o[0m
[ 35%] [32mBuilding CXX object CMakeFiles/agrobot_interfaces__rosidl_typesupport_cpp.dir/rosidl_typesupport_cpp/agrobot_interfaces/srv/move_servo__type_support.cpp.o[0m
[ 44%] Built target agrobot_interfaces__rosidl_typesupport_c
[ 47%] [32mBuilding CXX object CMakeFiles/agrobot_interfaces__rosidl_typesupport_fastrtps_cpp.dir/rosidl_typesupport_fastrtps_cpp/agrobot_interfaces/srv/detail/dds_fastrtps/move_servo__type_support.cpp.o[0m
running egg_info
writing agrobot_interfaces.egg-info/PKG-INFO
writing dependency_links to agrobot_interfaces.egg-info/dependency_links.txt
writing top-level names to agrobot_interfaces.egg-info/top_level.txt
reading manifest file 'agrobot_interfaces.egg-info/SOURCES.txt'
writing manifest file 'agrobot_interfaces.egg-info/SOURCES.txt'
[ 47%] Built target ament_cmake_python_build_agrobot_interfaces_egg
[ 50%] [32mBuilding CXX object CMakeFiles/agrobot_interfaces__rosidl_typesupport_introspection_cpp.dir/rosidl_typesupport_introspection_cpp/agrobot_interfaces/srv/detail/move_servo__type_support.cpp.o[0m
[ 52%] [32m[1mLinking CXX shared library libagrobot_interfaces__rosidl_typesupport_cpp.so[0m
[ 55%] [32m[1mLinking CXX shared library libagrobot_interfaces__rosidl_typesupport_fastrtps_c.so[0m
[ 58%] [32m[1mLinking CXX shared library libagrobot_interfaces__rosidl_typesupport_introspection_cpp.so[0m
[ 61%] Built target agrobot_interfaces__rosidl_typesupport_fastrtps_c
[ 64%] Built target agrobot_interfaces__rosidl_typesupport_cpp
[ 67%] Built target agrobot_interfaces__rosidl_typesupport_introspection_cpp
[ 70%] [32m[1mLinking CXX shared library libagrobot_interfaces__rosidl_typesupport_fastrtps_cpp.so[0m
[ 73%] Built target agrobot_interfaces__rosidl_typesupport_fastrtps_cpp
[ 73%] Built target agrobot_interfaces
[ 76%] Built target agrobot_interfaces__py
[ 79%] [32mBuilding C object CMakeFiles/agrobot_interfaces__rosidl_generator_py.dir/rosidl_generator_py/agrobot_interfaces/srv/_move_servo_s.c.o[0m
[ 82%] [32m[1mLinking C shared library libagrobot_interfaces__rosidl_generator_py.so[0m
[ 82%] Built target agrobot_interfaces__rosidl_generator_py
[ 88%] [32mBuilding C object CMakeFiles/agrobot_interfaces_s__rosidl_typesupport_fastrtps_c.dir/rosidl_generator_py/agrobot_interfaces/_agrobot_interfaces_s.ep.rosidl_typesupport_fastrtps_c.c.o[0m
[ 91%] [32mBuilding C object CMakeFiles/agrobot_interfaces_s__rosidl_typesupport_introspection_c.dir/rosidl_generator_py/agrobot_interfaces/_agrobot_interfaces_s.ep.rosidl_typesupport_introspection_c.c.o[0m
[ 88%] [32mBuilding C object CMakeFiles/agrobot_interfaces_s__rosidl_typesupport_c.dir/rosidl_generator_py/agrobot_interfaces/_agrobot_interfaces_s.ep.rosidl_typesupport_c.c.o[0m
[ 94%] [32m[1mLinking C shared module rosidl_generator_py/agrobot_interfaces/agrobot_interfaces_s__rosidl_typesupport_c.so[0m
[100%] [32m[1mLinking C shared module rosidl_generator_py/agrobot_interfaces/agrobot_interfaces_s__rosidl_typesupport_fastrtps_c.so[0m
[100%] [32m[1mLinking C shared module rosidl_generator_py/agrobot_interfaces/agrobot_interfaces_s__rosidl_typesupport_introspection_c.so[0m
[100%] Built target agrobot_interfaces_s__rosidl_typesupport_c
[100%] Built target agrobot_interfaces_s__rosidl_typesupport_fastrtps_c
[100%] Built target agrobot_interfaces_s__rosidl_typesupport_introspection_c
-- Install configuration: ""
-- Up-to-date: /home/agrobot/ros2_ws/install/agrobot_interfaces/share/ament_index/resource_index/rosidl_interfaces/agrobot_interfaces
-- Up-to-date: /home/agrobot/ros2_ws/install/agrobot_interfaces/share/agrobot_interfaces/srv/MoveServo.json
-- Up-to-date: /home/agrobot/ros2_ws/install/agrobot_interfaces/include/agrobot_interfaces/agrobot_interfaces
-- Up-to-date: /home/agrobot/ros2_ws/install/agrobot_interfaces/include/agrobot_interfaces/agrobot_interfaces/msg
-- Up-to-date: /home/agrobot/ros2_ws/install/agrobot_interfaces/include/agrobot_interfaces/agrobot_interfaces/msg/rosidl_generator_c__visibility_control.h
-- Up-to-date: /home/agrobot/ros2_ws/install/agrobot_interfaces/include/agrobot_interfaces/agrobot_interfaces/srv
-- Up-to-date: /home/agrobot/ros2_ws/install/agrobot_interfaces/include/agrobot_interfaces/agrobot_interfaces/srv/detail
-- Up-to-date: /home/agrobot/ros2_ws/install/agrobot_interfaces/include/agrobot_interfaces/agrobot_interfaces/srv/detail/move_servo__struct.h
-- Up-to-date: /home/agrobot/ros2_ws/install/agrobot_interfaces/include/agrobot_interfaces/agrobot_interfaces/srv/detail/move_servo__functions.h
-- Up-to-date: /home/agrobot/ros2_ws/install/agrobot_interfaces/include/agrobot_interfaces/agrobot_interfaces/srv/detail/move_servo__type_support.h
-- Up-to-date: /home/agrobot/ros2_ws/install/agrobot_interfaces/include/agrobot_interfaces/agrobot_interfaces/srv/detail/move_servo__description.c
-- Up-to-date: /home/agrobot/ros2_ws/install/agrobot_interfaces/include/agrobot_interfaces/agrobot_interfaces/srv/detail/move_servo__functions.c
-- Up-to-date: /home/agrobot/ros2_ws/install/agrobot_interfaces/include/agrobot_interfaces/agrobot_interfaces/srv/detail/move_servo__type_support.c
-- Up-to-date: /home/agrobot/ros2_ws/install/agrobot_interfaces/include/agrobot_interfaces/agrobot_interfaces/srv/move_servo.h
-- Up-to-date: /home/agrobot/ros2_ws/install/agrobot_interfaces/share/agrobot_interfaces/environment/library_path.sh
-- Up-to-date: /home/agrobot/ros2_ws/install/agrobot_interfaces/share/agrobot_interfaces/environment/library_path.dsv
-- Up-to-date: /home/agrobot/ros2_ws/install/agrobot_interfaces/lib/libagrobot_interfaces__rosidl_generator_c.so
-- Up-to-date: /home/agrobot/ros2_ws/install/agrobot_interfaces/include/agrobot_interfaces/agrobot_interfaces
-- Up-to-date: /home/agrobot/ros2_ws/install/agrobot_interfaces/include/agrobot_interfaces/agrobot_interfaces/msg
-- Up-to-date: /home/agrobot/ros2_ws/install/agrobot_interfaces/include/agrobot_interfaces/agrobot_interfaces/msg/rosidl_typesupport_fastrtps_c__visibility_control.h
-- Up-to-date: /home/agrobot/ros2_ws/install/agrobot_interfaces/include/agrobot_interfaces/agrobot_interfaces/srv
-- Up-to-date: /home/agrobot/ros2_ws/install/agrobot_interfaces/include/agrobot_interfaces/agrobot_interfaces/srv/detail
-- Up-to-date: /home/agrobot/ros2_ws/install/agrobot_interfaces/include/agrobot_interfaces/agrobot_interfaces/srv/detail/move_servo__rosidl_typesupport_fastrtps_c.h
-- Installing: /home/agrobot/ros2_ws/install/agrobot_interfaces/lib/libagrobot_interfaces__rosidl_typesupport_fastrtps_c.so
-- Set non-toolchain portion of runtime path of "/home/agrobot/ros2_ws/install/agrobot_interfaces/lib/libagrobot_interfaces__rosidl_typesupport_fastrtps_c.so" to ""
-- Up-to-date: /home/agrobot/ros2_ws/install/agrobot_interfaces/include/agrobot_interfaces/agrobot_interfaces
-- Up-to-date: /home/agrobot/ros2_ws/install/agrobot_interfaces/include/agrobot_interfaces/agrobot_interfaces/msg
-- Up-to-date: /home/agrobot/ros2_ws/install/agrobot_interfaces/include/agrobot_interfaces/agrobot_interfaces/msg/rosidl_typesupport_introspection_c__visibility_control.h
-- Up-to-date: /home/agrobot/ros2_ws/install/agrobot_interfaces/include/agrobot_interfaces/agrobot_interfaces/srv
-- Up-to-date: /home/agrobot/ros2_ws/install/agrobot_interfaces/include/agrobot_interfaces/agrobot_interfaces/srv/detail
-- Up-to-date: /home/agrobot/ros2_ws/install/agrobot_interfaces/include/agrobot_interfaces/agrobot_interfaces/srv/detail/move_servo__rosidl_typesupport_introspection_c.h
-- Up-to-date: /home/agrobot/ros2_ws/install/agrobot_interfaces/include/agrobot_interfaces/agrobot_interfaces/srv/detail/move_servo__type_support.c
-- Up-to-date: /home/agrobot/ros2_ws/install/agrobot_interfaces/lib/libagrobot_interfaces__rosidl_typesupport_introspection_c.so
-- Up-to-date: /home/agrobot/ros2_ws/install/agrobot_interfaces/lib/libagrobot_interfaces__rosidl_typesupport_c.so
-- Up-to-date: /home/agrobot/ros2_ws/install/agrobot_interfaces/include/agrobot_interfaces/agrobot_interfaces
-- Up-to-date: /home/agrobot/ros2_ws/install/agrobot_interfaces/include/agrobot_interfaces/agrobot_interfaces/msg
-- Up-to-date: /home/agrobot/ros2_ws/install/agrobot_interfaces/include/agrobot_interfaces/agrobot_interfaces/msg/rosidl_generator_cpp__visibility_control.hpp
-- Up-to-date: /home/agrobot/ros2_ws/install/agrobot_interfaces/include/agrobot_interfaces/agrobot_interfaces/srv
-- Up-to-date: /home/agrobot/ros2_ws/install/agrobot_interfaces/include/agrobot_interfaces/agrobot_interfaces/srv/detail
-- Up-to-date: /home/agrobot/ros2_ws/install/agrobot_interfaces/include/agrobot_interfaces/agrobot_interfaces/srv/detail/move_servo__builder.hpp
-- Up-to-date: /home/agrobot/ros2_ws/install/agrobot_interfaces/include/agrobot_interfaces/agrobot_interfaces/srv/detail/move_servo__struct.hpp
-- Up-to-date: /home/agrobot/ros2_ws/install/agrobot_interfaces/include/agrobot_interfaces/agrobot_interfaces/srv/detail/move_servo__traits.hpp
-- Up-to-date: /home/agrobot/ros2_ws/install/agrobot_interfaces/include/agrobot_interfaces/agrobot_interfaces/srv/detail/move_servo__type_support.hpp
-- Up-to-date: /home/agrobot/ros2_ws/install/agrobot_interfaces/include/agrobot_interfaces/agrobot_interfaces/srv/move_servo.hpp
-- Up-to-date: /home/agrobot/ros2_ws/install/agrobot_interfaces/include/agrobot_interfaces/agrobot_interfaces
-- Up-to-date: /home/agrobot/ros2_ws/install/agrobot_interfaces/include/agrobot_interfaces/agrobot_interfaces/msg
-- Up-to-date: /home/agrobot/ros2_ws/install/agrobot_interfaces/include/agrobot_interfaces/agrobot_interfaces/msg/rosidl_typesupport_fastrtps_cpp__visibility_control.h
-- Up-to-date: /home/agrobot/ros2_ws/install/agrobot_interfaces/include/agrobot_interfaces/agrobot_interfaces/srv
-- Up-to-date: /home/agrobot/ros2_ws/install/agrobot_interfaces/include/agrobot_interfaces/agrobot_interfaces/srv/detail
-- Up-to-date: /home/agrobot/ros2_ws/install/agrobot_interfaces/include/agrobot_interfaces/agrobot_interfaces/srv/detail/dds_fastrtps
-- Up-to-date: /home/agrobot/ros2_ws/install/agrobot_interfaces/include/agrobot_interfaces/agrobot_interfaces/srv/detail/move_servo__rosidl_typesupport_fastrtps_cpp.hpp
-- Installing: /home/agrobot/ros2_ws/install/agrobot_interfaces/lib/libagrobot_interfaces__rosidl_typesupport_fastrtps_cpp.so
-- Set non-toolchain portion of runtime path of "/home/agrobot/ros2_ws/install/agrobot_interfaces/lib/libagrobot_interfaces__rosidl_typesupport_fastrtps_cpp.so" to ""
-- Up-to-date: /home/agrobot/ros2_ws/install/agrobot_interfaces/include/agrobot_interfaces/agrobot_interfaces
-- Up-to-date: /home/agrobot/ros2_ws/install/agrobot_interfaces/include/agrobot_interfaces/agrobot_interfaces/srv
-- Up-to-date: /home/agrobot/ros2_ws/install/agrobot_interfaces/include/agrobot_interfaces/agrobot_interfaces/srv/detail
-- Up-to-date: /home/agrobot/ros2_ws/install/agrobot_interfaces/include/agrobot_interfaces/agrobot_interfaces/srv/detail/move_servo__type_support.cpp
-- Up-to-date: /home/agrobot/ros2_ws/install/agrobot_interfaces/include/agrobot_interfaces/agrobot_interfaces/srv/detail/move_servo__rosidl_typesupport_introspection_cpp.hpp
-- Installing: /home/agrobot/ros2_ws/install/agrobot_interfaces/lib/libagrobot_interfaces__rosidl_typesupport_introspection_cpp.so
-- Set non-toolchain portion of runtime path of "/home/agrobot/ros2_ws/install/agrobot_interfaces/lib/libagrobot_interfaces__rosidl_typesupport_introspection_cpp.so" to ""
-- Installing: /home/agrobot/ros2_ws/install/agrobot_interfaces/lib/libagrobot_interfaces__rosidl_typesupport_cpp.so
-- Set non-toolchain portion of runtime path of "/home/agrobot/ros2_ws/install/agrobot_interfaces/lib/libagrobot_interfaces__rosidl_typesupport_cpp.so" to ""
-- Up-to-date: /home/agrobot/ros2_ws/install/agrobot_interfaces/share/agrobot_interfaces/environment/pythonpath.sh
-- Up-to-date: /home/agrobot/ros2_ws/install/agrobot_interfaces/share/agrobot_interfaces/environment/pythonpath.dsv
-- Up-to-date: /home/agrobot/ros2_ws/install/agrobot_interfaces/lib/python3.12/site-packages/agrobot_interfaces-0.0.0-py3.12.egg-info
-- Installing: /home/agrobot/ros2_ws/install/agrobot_interfaces/lib/python3.12/site-packages/agrobot_interfaces-0.0.0-py3.12.egg-info/dependency_links.txt
-- Installing: /home/agrobot/ros2_ws/install/agrobot_interfaces/lib/python3.12/site-packages/agrobot_interfaces-0.0.0-py3.12.egg-info/SOURCES.txt
-- Installing: /home/agrobot/ros2_ws/install/agrobot_interfaces/lib/python3.12/site-packages/agrobot_interfaces-0.0.0-py3.12.egg-info/top_level.txt
-- Installing: /home/agrobot/ros2_ws/install/agrobot_interfaces/lib/python3.12/site-packages/agrobot_interfaces-0.0.0-py3.12.egg-info/PKG-INFO
-- Up-to-date: /home/agrobot/ros2_ws/install/agrobot_interfaces/lib/python3.12/site-packages/agrobot_interfaces
-- Installing: /home/agrobot/ros2_ws/install/agrobot_interfaces/lib/python3.12/site-packages/agrobot_interfaces/agrobot_interfaces_s__rosidl_typesupport_c.so
-- Up-to-date: /home/agrobot/ros2_ws/install/agrobot_interfaces/lib/python3.12/site-packages/agrobot_interfaces/srv
-- Up-to-date: /home/agrobot/ros2_ws/install/agrobot_interfaces/lib/python3.12/site-packages/agrobot_interfaces/srv/_move_servo.py
-- Up-to-date: /home/agrobot/ros2_ws/install/agrobot_interfaces/lib/python3.12/site-packages/agrobot_interfaces/srv/__init__.py
-- Up-to-date: /home/agrobot/ros2_ws/install/agrobot_interfaces/lib/python3.12/site-packages/agrobot_interfaces/srv/_move_servo_s.c
-- Up-to-date: /home/agrobot/ros2_ws/install/agrobot_interfaces/lib/python3.12/site-packages/agrobot_interfaces/_agrobot_interfaces_s.ep.rosidl_typesupport_introspection_c.c
-- Up-to-date: /home/agrobot/ros2_ws/install/agrobot_interfaces/lib/python3.12/site-packages/agrobot_interfaces/__init__.py
-- Installing: /home/agrobot/ros2_ws/install/agrobot_interfaces/lib/python3.12/site-packages/agrobot_interfaces/agrobot_interfaces_s__rosidl_typesupport_fastrtps_c.so
-- Up-to-date: /home/agrobot/ros2_ws/install/agrobot_interfaces/lib/python3.12/site-packages/agrobot_interfaces/_agrobot_interfaces_s.ep.rosidl_typesupport_fastrtps_c.c
-- Installing: /home/agrobot/ros2_ws/install/agrobot_interfaces/lib/python3.12/site-packages/agrobot_interfaces/agrobot_interfaces_s__rosidl_typesupport_introspection_c.so
-- Up-to-date: /home/agrobot/ros2_ws/install/agrobot_interfaces/lib/python3.12/site-packages/agrobot_interfaces/_agrobot_interfaces_s.ep.rosidl_typesupport_c.c
Listing '/home/agrobot/ros2_ws/install/agrobot_interfaces/lib/python3.12/site-packages/agrobot_interfaces'...
Listing '/home/agrobot/ros2_ws/install/agrobot_interfaces/lib/python3.12/site-packages/agrobot_interfaces/srv'...
-- Installing: /home/agrobot/ros2_ws/install/agrobot_interfaces/lib/python3.12/site-packages/agrobot_interfaces/agrobot_interfaces_s__rosidl_typesupport_fastrtps_c.so
-- Set non-toolchain portion of runtime path of "/home/agrobot/ros2_ws/install/agrobot_interfaces/lib/python3.12/site-packages/agrobot_interfaces/agrobot_interfaces_s__rosidl_typesupport_fastrtps_c.so" to ""
-- Installing: /home/agrobot/ros2_ws/install/agrobot_interfaces/lib/python3.12/site-packages/agrobot_interfaces/agrobot_interfaces_s__rosidl_typesupport_introspection_c.so
-- Set non-toolchain portion of runtime path of "/home/agrobot/ros2_ws/install/agrobot_interfaces/lib/python3.12/site-packages/agrobot_interfaces/agrobot_interfaces_s__rosidl_typesupport_introspection_c.so" to ""
-- Installing: /home/agrobot/ros2_ws/install/agrobot_interfaces/lib/python3.12/site-packages/agrobot_interfaces/agrobot_interfaces_s__rosidl_typesupport_c.so
-- Set non-toolchain portion of runtime path of "/home/agrobot/ros2_ws/install/agrobot_interfaces/lib/python3.12/site-packages/agrobot_interfaces/agrobot_interfaces_s__rosidl_typesupport_c.so" to ""
-- Installing: /home/agrobot/ros2_ws/install/agrobot_interfaces/lib/libagrobot_interfaces__rosidl_generator_py.so
-- Set non-toolchain portion of runtime path of "/home/agrobot/ros2_ws/install/agrobot_interfaces/lib/libagrobot_interfaces__rosidl_generator_py.so" to ""
-- Up-to-date: /home/agrobot/ros2_ws/install/agrobot_interfaces/share/agrobot_interfaces/srv/MoveServo.idl
-- Up-to-date: /home/agrobot/ros2_ws/install/agrobot_interfaces/share/agrobot_interfaces/srv/MoveServo.srv
-- Up-to-date: /home/agrobot/ros2_ws/install/agrobot_interfaces/share/ament_index/resource_index/package_run_dependencies/agrobot_interfaces
-- Up-to-date: /home/agrobot/ros2_ws/install/agrobot_interfaces/share/ament_index/resource_index/parent_prefix_path/agrobot_interfaces
-- Up-to-date: /home/agrobot/ros2_ws/install/agrobot_interfaces/share/agrobot_interfaces/environment/ament_prefix_path.sh
-- Up-to-date: /home/agrobot/ros2_ws/install/agrobot_interfaces/share/agrobot_interfaces/environment/ament_prefix_path.dsv
-- Up-to-date: /home/agrobot/ros2_ws/install/agrobot_interfaces/share/agrobot_interfaces/environment/path.sh
-- Up-to-date: /home/agrobot/ros2_ws/install/agrobot_interfaces/share/agrobot_interfaces/environment/path.dsv
-- Up-to-date: /home/agrobot/ros2_ws/install/agrobot_interfaces/share/agrobot_interfaces/local_setup.bash
-- Up-to-date: /home/agrobot/ros2_ws/install/agrobot_interfaces/share/agrobot_interfaces/local_setup.sh
-- Up-to-date: /home/agrobot/ros2_ws/install/agrobot_interfaces/share/agrobot_interfaces/local_setup.zsh
-- Up-to-date: /home/agrobot/ros2_ws/install/agrobot_interfaces/share/agrobot_interfaces/local_setup.dsv
-- Installing: /home/agrobot/ros2_ws/install/agrobot_interfaces/share/agrobot_interfaces/package.dsv
-- Up-to-date: /home/agrobot/ros2_ws/install/agrobot_interfaces/share/ament_index/resource_index/packages/agrobot_interfaces
-- Up-to-date: /home/agrobot/ros2_ws/install/agrobot_interfaces/share/agrobot_interfaces/cmake/export_agrobot_interfaces__rosidl_generator_cExport.cmake
-- Up-to-date: /home/agrobot/ros2_ws/install/agrobot_interfaces/share/agrobot_interfaces/cmake/export_agrobot_interfaces__rosidl_generator_cExport-noconfig.cmake
-- Up-to-date: /home/agrobot/ros2_ws/install/agrobot_interfaces/share/agrobot_interfaces/cmake/export_agrobot_interfaces__rosidl_typesupport_fastrtps_cExport.cmake
-- Up-to-date: /home/agrobot/ros2_ws/install/agrobot_interfaces/share/agrobot_interfaces/cmake/export_agrobot_interfaces__rosidl_typesupport_fastrtps_cExport-noconfig.cmake
-- Up-to-date: /home/agrobot/ros2_ws/install/agrobot_interfaces/share/agrobot_interfaces/cmake/agrobot_interfaces__rosidl_typesupport_introspection_cExport.cmake
-- Up-to-date: /home/agrobot/ros2_ws/install/agrobot_interfaces/share/agrobot_interfaces/cmake/agrobot_interfaces__rosidl_typesupport_introspection_cExport-noconfig.cmake
-- Up-to-date: /home/agrobot/ros2_ws/install/agrobot_interfaces/share/agrobot_interfaces/cmake/agrobot_interfaces__rosidl_typesupport_cExport.cmake
-- Up-to-date: /home/agrobot/ros2_ws/install/agrobot_interfaces/share/agrobot_interfaces/cmake/agrobot_interfaces__rosidl_typesupport_cExport-noconfig.cmake
-- Up-to-date: /home/agrobot/ros2_ws/install/agrobot_interfaces/share/agrobot_interfaces/cmake/export_agrobot_interfaces__rosidl_generator_cppExport.cmake
-- Up-to-date: /home/agrobot/ros2_ws/install/agrobot_interfaces/share/agrobot_interfaces/cmake/export_agrobot_interfaces__rosidl_typesupport_fastrtps_cppExport.cmake
-- Up-to-date: /home/agrobot/ros2_ws/install/agrobot_interfaces/share/agrobot_interfaces/cmake/export_agrobot_interfaces__rosidl_typesupport_fastrtps_cppExport-noconfig.cmake
-- Up-to-date: /home/agrobot/ros2_ws/install/agrobot_interfaces/share/agrobot_interfaces/cmake/agrobot_interfaces__rosidl_typesupport_introspection_cppExport.cmake
-- Up-to-date: /home/agrobot/ros2_ws/install/agrobot_interfaces/share/agrobot_interfaces/cmake/agrobot_interfaces__rosidl_typesupport_introspection_cppExport-noconfig.cmake
-- Up-to-date: /home/agrobot/ros2_ws/install/agrobot_interfaces/share/agrobot_interfaces/cmake/agrobot_interfaces__rosidl_typesupport_cppExport.cmake
-- Up-to-date: /home/agrobot/ros2_ws/install/agrobot_interfaces/share/agrobot_interfaces/cmake/agrobot_interfaces__rosidl_typesupport_cppExport-noconfig.cmake
-- Up-to-date: /home/agrobot/ros2_ws/install/agrobot_interfaces/share/agrobot_interfaces/cmake/export_agrobot_interfaces__rosidl_generator_pyExport.cmake
-- Up-to-date: /home/agrobot/ros2_ws/install/agrobot_interfaces/share/agrobot_interfaces/cmake/export_agrobot_interfaces__rosidl_generator_pyExport-noconfig.cmake
-- Up-to-date: /home/agrobot/ros2_ws/install/agrobot_interfaces/share/agrobot_interfaces/cmake/rosidl_cmake-extras.cmake
-- Up-to-date: /home/agrobot/ros2_ws/install/agrobot_interfaces/share/agrobot_interfaces/cmake/ament_cmake_export_dependencies-extras.cmake
-- Up-to-date: /home/agrobot/ros2_ws/install/agrobot_interfaces/share/agrobot_interfaces/cmake/ament_cmake_export_include_directories-extras.cmake
-- Up-to-date: /home/agrobot/ros2_ws/install/agrobot_interfaces/share/agrobot_interfaces/cmake/ament_cmake_export_libraries-extras.cmake
-- Up-to-date: /home/agrobot/ros2_ws/install/agrobot_interfaces/share/agrobot_interfaces/cmake/ament_cmake_export_targets-extras.cmake
-- Up-to-date: /home/agrobot/ros2_ws/install/agrobot_interfaces/share/agrobot_interfaces/cmake/rosidl_cmake_export_typesupport_targets-extras.cmake
-- Up-to-date: /home/agrobot/ros2_ws/install/agrobot_interfaces/share/agrobot_interfaces/cmake/rosidl_cmake_export_typesupport_libraries-extras.cmake
-- Up-to-date: /home/agrobot/ros2_ws/install/agrobot_interfaces/share/agrobot_interfaces/cmake/agrobot_interfacesConfig.cmake
-- Up-to-date: /home/agrobot/ros2_ws/install/agrobot_interfaces/share/agrobot_interfaces/cmake/agrobot_interfacesConfig-version.cmake
-- Up-to-date: /home/agrobot/ros2_ws/install/agrobot_interfaces/share/agrobot_interfaces/package.xml
