[0.027s] Invoking command in '/home/agrobot/ros2_ws/build/agrobot_interfaces': CMAKE_PREFIX_PATH=${CMAKE_PREFIX_PATH}:/opt/ros/kilted /usr/bin/cmake --build /home/agrobot/ros2_ws/build/agrobot_interfaces -- -j4 -l4
[0.294s] [  2%] Built target agrobot_interfaces__rosidl_generator_type_description
[0.324s] [  2%] Built target ament_cmake_python_copy_agrobot_interfaces
[0.344s] [  5%] Built target agrobot_interfaces__cpp
[0.372s] [ 20%] Built target agrobot_interfaces__rosidl_generator_c
[0.433s] [ 29%] Built target agrobot_interfaces__rosidl_typesupport_introspection_c
[0.457s] [ 32%] [32mBuilding CXX object CMakeFiles/agrobot_interfaces__rosidl_typesupport_fastrtps_c.dir/rosidl_typesupport_fastrtps_c/agrobot_interfaces/srv/detail/move_servo__type_support_c.cpp.o[0m
[0.458s] [ 35%] [32mBuilding CXX object CMakeFiles/agrobot_interfaces__rosidl_typesupport_cpp.dir/rosidl_typesupport_cpp/agrobot_interfaces/srv/move_servo__type_support.cpp.o[0m
[0.497s] [ 44%] Built target agrobot_interfaces__rosidl_typesupport_c
[0.579s] [ 47%] [32mBuilding CXX object CMakeFiles/agrobot_interfaces__rosidl_typesupport_fastrtps_cpp.dir/rosidl_typesupport_fastrtps_cpp/agrobot_interfaces/srv/detail/dds_fastrtps/move_servo__type_support.cpp.o[0m
[0.691s] running egg_info
[0.723s] writing agrobot_interfaces.egg-info/PKG-INFO
[0.723s] writing dependency_links to agrobot_interfaces.egg-info/dependency_links.txt
[0.723s] writing top-level names to agrobot_interfaces.egg-info/top_level.txt
[0.804s] reading manifest file 'agrobot_interfaces.egg-info/SOURCES.txt'
[0.805s] writing manifest file 'agrobot_interfaces.egg-info/SOURCES.txt'
[0.915s] [ 47%] Built target ament_cmake_python_build_agrobot_interfaces_egg
[1.006s] [ 50%] [32mBuilding CXX object CMakeFiles/agrobot_interfaces__rosidl_typesupport_introspection_cpp.dir/rosidl_typesupport_introspection_cpp/agrobot_interfaces/srv/detail/move_servo__type_support.cpp.o[0m
[2.121s] [ 52%] [32m[1mLinking CXX shared library libagrobot_interfaces__rosidl_typesupport_cpp.so[0m
[2.177s] [ 55%] [32m[1mLinking CXX shared library libagrobot_interfaces__rosidl_typesupport_fastrtps_c.so[0m
[2.207s] [ 58%] [32m[1mLinking CXX shared library libagrobot_interfaces__rosidl_typesupport_introspection_cpp.so[0m
[2.609s] [ 61%] Built target agrobot_interfaces__rosidl_typesupport_fastrtps_c
[2.613s] [ 64%] Built target agrobot_interfaces__rosidl_typesupport_cpp
[2.627s] [ 67%] Built target agrobot_interfaces__rosidl_typesupport_introspection_cpp
[2.710s] [ 70%] [32m[1mLinking CXX shared library libagrobot_interfaces__rosidl_typesupport_fastrtps_cpp.so[0m
[2.879s] [ 73%] Built target agrobot_interfaces__rosidl_typesupport_fastrtps_cpp
[2.917s] [ 73%] Built target agrobot_interfaces
[2.955s] [ 76%] Built target agrobot_interfaces__py
[3.010s] [ 79%] [32mBuilding C object CMakeFiles/agrobot_interfaces__rosidl_generator_py.dir/rosidl_generator_py/agrobot_interfaces/srv/_move_servo_s.c.o[0m
[3.587s] [ 82%] [32m[1mLinking C shared library libagrobot_interfaces__rosidl_generator_py.so[0m
[3.686s] [ 82%] Built target agrobot_interfaces__rosidl_generator_py
[3.741s] [ 88%] [32mBuilding C object CMakeFiles/agrobot_interfaces_s__rosidl_typesupport_fastrtps_c.dir/rosidl_generator_py/agrobot_interfaces/_agrobot_interfaces_s.ep.rosidl_typesupport_fastrtps_c.c.o[0m
[3.741s] [ 91%] [32mBuilding C object CMakeFiles/agrobot_interfaces_s__rosidl_typesupport_introspection_c.dir/rosidl_generator_py/agrobot_interfaces/_agrobot_interfaces_s.ep.rosidl_typesupport_introspection_c.c.o[0m
[3.741s] [ 88%] [32mBuilding C object CMakeFiles/agrobot_interfaces_s__rosidl_typesupport_c.dir/rosidl_generator_py/agrobot_interfaces/_agrobot_interfaces_s.ep.rosidl_typesupport_c.c.o[0m
[3.960s] [ 94%] [32m[1mLinking C shared module rosidl_generator_py/agrobot_interfaces/agrobot_interfaces_s__rosidl_typesupport_c.so[0m
[3.968s] [100%] [32m[1mLinking C shared module rosidl_generator_py/agrobot_interfaces/agrobot_interfaces_s__rosidl_typesupport_fastrtps_c.so[0m
[3.968s] [100%] [32m[1mLinking C shared module rosidl_generator_py/agrobot_interfaces/agrobot_interfaces_s__rosidl_typesupport_introspection_c.so[0m
[4.030s] [100%] Built target agrobot_interfaces_s__rosidl_typesupport_c
[4.034s] [100%] Built target agrobot_interfaces_s__rosidl_typesupport_fastrtps_c
[4.034s] [100%] Built target agrobot_interfaces_s__rosidl_typesupport_introspection_c
[4.057s] Invoked command in '/home/agrobot/ros2_ws/build/agrobot_interfaces' returned '0': CMAKE_PREFIX_PATH=${CMAKE_PREFIX_PATH}:/opt/ros/kilted /usr/bin/cmake --build /home/agrobot/ros2_ws/build/agrobot_interfaces -- -j4 -l4
[4.079s] Invoking command in '/home/agrobot/ros2_ws/build/agrobot_interfaces': CMAKE_PREFIX_PATH=${CMAKE_PREFIX_PATH}:/opt/ros/kilted /usr/bin/cmake --install /home/agrobot/ros2_ws/build/agrobot_interfaces
[4.096s] -- Install configuration: ""
[4.097s] -- Up-to-date: /home/agrobot/ros2_ws/install/agrobot_interfaces/share/ament_index/resource_index/rosidl_interfaces/agrobot_interfaces
[4.097s] -- Up-to-date: /home/agrobot/ros2_ws/install/agrobot_interfaces/share/agrobot_interfaces/srv/MoveServo.json
[4.098s] -- Up-to-date: /home/agrobot/ros2_ws/install/agrobot_interfaces/include/agrobot_interfaces/agrobot_interfaces
[4.098s] -- Up-to-date: /home/agrobot/ros2_ws/install/agrobot_interfaces/include/agrobot_interfaces/agrobot_interfaces/msg
[4.098s] -- Up-to-date: /home/agrobot/ros2_ws/install/agrobot_interfaces/include/agrobot_interfaces/agrobot_interfaces/msg/rosidl_generator_c__visibility_control.h
[4.098s] -- Up-to-date: /home/agrobot/ros2_ws/install/agrobot_interfaces/include/agrobot_interfaces/agrobot_interfaces/srv
[4.098s] -- Up-to-date: /home/agrobot/ros2_ws/install/agrobot_interfaces/include/agrobot_interfaces/agrobot_interfaces/srv/detail
[4.099s] -- Up-to-date: /home/agrobot/ros2_ws/install/agrobot_interfaces/include/agrobot_interfaces/agrobot_interfaces/srv/detail/move_servo__struct.h
[4.099s] -- Up-to-date: /home/agrobot/ros2_ws/install/agrobot_interfaces/include/agrobot_interfaces/agrobot_interfaces/srv/detail/move_servo__functions.h
[4.099s] -- Up-to-date: /home/agrobot/ros2_ws/install/agrobot_interfaces/include/agrobot_interfaces/agrobot_interfaces/srv/detail/move_servo__type_support.h
[4.099s] -- Up-to-date: /home/agrobot/ros2_ws/install/agrobot_interfaces/include/agrobot_interfaces/agrobot_interfaces/srv/detail/move_servo__description.c
[4.099s] -- Up-to-date: /home/agrobot/ros2_ws/install/agrobot_interfaces/include/agrobot_interfaces/agrobot_interfaces/srv/detail/move_servo__functions.c
[4.099s] -- Up-to-date: /home/agrobot/ros2_ws/install/agrobot_interfaces/include/agrobot_interfaces/agrobot_interfaces/srv/detail/move_servo__type_support.c
[4.099s] -- Up-to-date: /home/agrobot/ros2_ws/install/agrobot_interfaces/include/agrobot_interfaces/agrobot_interfaces/srv/move_servo.h
[4.099s] -- Up-to-date: /home/agrobot/ros2_ws/install/agrobot_interfaces/share/agrobot_interfaces/environment/library_path.sh
[4.099s] -- Up-to-date: /home/agrobot/ros2_ws/install/agrobot_interfaces/share/agrobot_interfaces/environment/library_path.dsv
[4.102s] -- Up-to-date: /home/agrobot/ros2_ws/install/agrobot_interfaces/lib/libagrobot_interfaces__rosidl_generator_c.so
[4.102s] -- Up-to-date: /home/agrobot/ros2_ws/install/agrobot_interfaces/include/agrobot_interfaces/agrobot_interfaces
[4.102s] -- Up-to-date: /home/agrobot/ros2_ws/install/agrobot_interfaces/include/agrobot_interfaces/agrobot_interfaces/msg
[4.102s] -- Up-to-date: /home/agrobot/ros2_ws/install/agrobot_interfaces/include/agrobot_interfaces/agrobot_interfaces/msg/rosidl_typesupport_fastrtps_c__visibility_control.h
[4.102s] -- Up-to-date: /home/agrobot/ros2_ws/install/agrobot_interfaces/include/agrobot_interfaces/agrobot_interfaces/srv
[4.102s] -- Up-to-date: /home/agrobot/ros2_ws/install/agrobot_interfaces/include/agrobot_interfaces/agrobot_interfaces/srv/detail
[4.103s] -- Up-to-date: /home/agrobot/ros2_ws/install/agrobot_interfaces/include/agrobot_interfaces/agrobot_interfaces/srv/detail/move_servo__rosidl_typesupport_fastrtps_c.h
[4.104s] -- Installing: /home/agrobot/ros2_ws/install/agrobot_interfaces/lib/libagrobot_interfaces__rosidl_typesupport_fastrtps_c.so
[4.105s] -- Set non-toolchain portion of runtime path of "/home/agrobot/ros2_ws/install/agrobot_interfaces/lib/libagrobot_interfaces__rosidl_typesupport_fastrtps_c.so" to ""
[4.105s] -- Up-to-date: /home/agrobot/ros2_ws/install/agrobot_interfaces/include/agrobot_interfaces/agrobot_interfaces
[4.105s] -- Up-to-date: /home/agrobot/ros2_ws/install/agrobot_interfaces/include/agrobot_interfaces/agrobot_interfaces/msg
[4.105s] -- Up-to-date: /home/agrobot/ros2_ws/install/agrobot_interfaces/include/agrobot_interfaces/agrobot_interfaces/msg/rosidl_typesupport_introspection_c__visibility_control.h
[4.105s] -- Up-to-date: /home/agrobot/ros2_ws/install/agrobot_interfaces/include/agrobot_interfaces/agrobot_interfaces/srv
[4.105s] -- Up-to-date: /home/agrobot/ros2_ws/install/agrobot_interfaces/include/agrobot_interfaces/agrobot_interfaces/srv/detail
[4.105s] -- Up-to-date: /home/agrobot/ros2_ws/install/agrobot_interfaces/include/agrobot_interfaces/agrobot_interfaces/srv/detail/move_servo__rosidl_typesupport_introspection_c.h
[4.105s] -- Up-to-date: /home/agrobot/ros2_ws/install/agrobot_interfaces/include/agrobot_interfaces/agrobot_interfaces/srv/detail/move_servo__type_support.c
[4.106s] -- Up-to-date: /home/agrobot/ros2_ws/install/agrobot_interfaces/lib/libagrobot_interfaces__rosidl_typesupport_introspection_c.so
[4.108s] -- Up-to-date: /home/agrobot/ros2_ws/install/agrobot_interfaces/lib/libagrobot_interfaces__rosidl_typesupport_c.so
[4.108s] -- Up-to-date: /home/agrobot/ros2_ws/install/agrobot_interfaces/include/agrobot_interfaces/agrobot_interfaces
[4.108s] -- Up-to-date: /home/agrobot/ros2_ws/install/agrobot_interfaces/include/agrobot_interfaces/agrobot_interfaces/msg
[4.108s] -- Up-to-date: /home/agrobot/ros2_ws/install/agrobot_interfaces/include/agrobot_interfaces/agrobot_interfaces/msg/rosidl_generator_cpp__visibility_control.hpp
[4.108s] -- Up-to-date: /home/agrobot/ros2_ws/install/agrobot_interfaces/include/agrobot_interfaces/agrobot_interfaces/srv
[4.108s] -- Up-to-date: /home/agrobot/ros2_ws/install/agrobot_interfaces/include/agrobot_interfaces/agrobot_interfaces/srv/detail
[4.109s] -- Up-to-date: /home/agrobot/ros2_ws/install/agrobot_interfaces/include/agrobot_interfaces/agrobot_interfaces/srv/detail/move_servo__builder.hpp
[4.109s] -- Up-to-date: /home/agrobot/ros2_ws/install/agrobot_interfaces/include/agrobot_interfaces/agrobot_interfaces/srv/detail/move_servo__struct.hpp
[4.109s] -- Up-to-date: /home/agrobot/ros2_ws/install/agrobot_interfaces/include/agrobot_interfaces/agrobot_interfaces/srv/detail/move_servo__traits.hpp
[4.109s] -- Up-to-date: /home/agrobot/ros2_ws/install/agrobot_interfaces/include/agrobot_interfaces/agrobot_interfaces/srv/detail/move_servo__type_support.hpp
[4.109s] -- Up-to-date: /home/agrobot/ros2_ws/install/agrobot_interfaces/include/agrobot_interfaces/agrobot_interfaces/srv/move_servo.hpp
[4.109s] -- Up-to-date: /home/agrobot/ros2_ws/install/agrobot_interfaces/include/agrobot_interfaces/agrobot_interfaces
[4.109s] -- Up-to-date: /home/agrobot/ros2_ws/install/agrobot_interfaces/include/agrobot_interfaces/agrobot_interfaces/msg
[4.109s] -- Up-to-date: /home/agrobot/ros2_ws/install/agrobot_interfaces/include/agrobot_interfaces/agrobot_interfaces/msg/rosidl_typesupport_fastrtps_cpp__visibility_control.h
[4.109s] -- Up-to-date: /home/agrobot/ros2_ws/install/agrobot_interfaces/include/agrobot_interfaces/agrobot_interfaces/srv
[4.109s] -- Up-to-date: /home/agrobot/ros2_ws/install/agrobot_interfaces/include/agrobot_interfaces/agrobot_interfaces/srv/detail
[4.110s] -- Up-to-date: /home/agrobot/ros2_ws/install/agrobot_interfaces/include/agrobot_interfaces/agrobot_interfaces/srv/detail/dds_fastrtps
[4.110s] -- Up-to-date: /home/agrobot/ros2_ws/install/agrobot_interfaces/include/agrobot_interfaces/agrobot_interfaces/srv/detail/move_servo__rosidl_typesupport_fastrtps_cpp.hpp
[4.110s] -- Installing: /home/agrobot/ros2_ws/install/agrobot_interfaces/lib/libagrobot_interfaces__rosidl_typesupport_fastrtps_cpp.so
[4.111s] -- Set non-toolchain portion of runtime path of "/home/agrobot/ros2_ws/install/agrobot_interfaces/lib/libagrobot_interfaces__rosidl_typesupport_fastrtps_cpp.so" to ""
[4.111s] -- Up-to-date: /home/agrobot/ros2_ws/install/agrobot_interfaces/include/agrobot_interfaces/agrobot_interfaces
[4.111s] -- Up-to-date: /home/agrobot/ros2_ws/install/agrobot_interfaces/include/agrobot_interfaces/agrobot_interfaces/srv
[4.111s] -- Up-to-date: /home/agrobot/ros2_ws/install/agrobot_interfaces/include/agrobot_interfaces/agrobot_interfaces/srv/detail
[4.111s] -- Up-to-date: /home/agrobot/ros2_ws/install/agrobot_interfaces/include/agrobot_interfaces/agrobot_interfaces/srv/detail/move_servo__type_support.cpp
[4.112s] -- Up-to-date: /home/agrobot/ros2_ws/install/agrobot_interfaces/include/agrobot_interfaces/agrobot_interfaces/srv/detail/move_servo__rosidl_typesupport_introspection_cpp.hpp
[4.112s] -- Installing: /home/agrobot/ros2_ws/install/agrobot_interfaces/lib/libagrobot_interfaces__rosidl_typesupport_introspection_cpp.so
[4.113s] -- Set non-toolchain portion of runtime path of "/home/agrobot/ros2_ws/install/agrobot_interfaces/lib/libagrobot_interfaces__rosidl_typesupport_introspection_cpp.so" to ""
[4.115s] -- Installing: /home/agrobot/ros2_ws/install/agrobot_interfaces/lib/libagrobot_interfaces__rosidl_typesupport_cpp.so
[4.115s] -- Set non-toolchain portion of runtime path of "/home/agrobot/ros2_ws/install/agrobot_interfaces/lib/libagrobot_interfaces__rosidl_typesupport_cpp.so" to ""
[4.115s] -- Up-to-date: /home/agrobot/ros2_ws/install/agrobot_interfaces/share/agrobot_interfaces/environment/pythonpath.sh
[4.116s] -- Up-to-date: /home/agrobot/ros2_ws/install/agrobot_interfaces/share/agrobot_interfaces/environment/pythonpath.dsv
[4.116s] -- Up-to-date: /home/agrobot/ros2_ws/install/agrobot_interfaces/lib/python3.12/site-packages/agrobot_interfaces-0.0.0-py3.12.egg-info
[4.116s] -- Installing: /home/agrobot/ros2_ws/install/agrobot_interfaces/lib/python3.12/site-packages/agrobot_interfaces-0.0.0-py3.12.egg-info/dependency_links.txt
[4.117s] -- Installing: /home/agrobot/ros2_ws/install/agrobot_interfaces/lib/python3.12/site-packages/agrobot_interfaces-0.0.0-py3.12.egg-info/SOURCES.txt
[4.117s] -- Installing: /home/agrobot/ros2_ws/install/agrobot_interfaces/lib/python3.12/site-packages/agrobot_interfaces-0.0.0-py3.12.egg-info/top_level.txt
[4.117s] -- Installing: /home/agrobot/ros2_ws/install/agrobot_interfaces/lib/python3.12/site-packages/agrobot_interfaces-0.0.0-py3.12.egg-info/PKG-INFO
[4.117s] -- Up-to-date: /home/agrobot/ros2_ws/install/agrobot_interfaces/lib/python3.12/site-packages/agrobot_interfaces
[4.117s] -- Installing: /home/agrobot/ros2_ws/install/agrobot_interfaces/lib/python3.12/site-packages/agrobot_interfaces/agrobot_interfaces_s__rosidl_typesupport_c.so
[4.118s] -- Up-to-date: /home/agrobot/ros2_ws/install/agrobot_interfaces/lib/python3.12/site-packages/agrobot_interfaces/srv
[4.118s] -- Up-to-date: /home/agrobot/ros2_ws/install/agrobot_interfaces/lib/python3.12/site-packages/agrobot_interfaces/srv/_move_servo.py
[4.118s] -- Up-to-date: /home/agrobot/ros2_ws/install/agrobot_interfaces/lib/python3.12/site-packages/agrobot_interfaces/srv/__init__.py
[4.118s] -- Up-to-date: /home/agrobot/ros2_ws/install/agrobot_interfaces/lib/python3.12/site-packages/agrobot_interfaces/srv/_move_servo_s.c
[4.118s] -- Up-to-date: /home/agrobot/ros2_ws/install/agrobot_interfaces/lib/python3.12/site-packages/agrobot_interfaces/_agrobot_interfaces_s.ep.rosidl_typesupport_introspection_c.c
[4.119s] -- Up-to-date: /home/agrobot/ros2_ws/install/agrobot_interfaces/lib/python3.12/site-packages/agrobot_interfaces/__init__.py
[4.119s] -- Installing: /home/agrobot/ros2_ws/install/agrobot_interfaces/lib/python3.12/site-packages/agrobot_interfaces/agrobot_interfaces_s__rosidl_typesupport_fastrtps_c.so
[4.119s] -- Up-to-date: /home/agrobot/ros2_ws/install/agrobot_interfaces/lib/python3.12/site-packages/agrobot_interfaces/_agrobot_interfaces_s.ep.rosidl_typesupport_fastrtps_c.c
[4.119s] -- Installing: /home/agrobot/ros2_ws/install/agrobot_interfaces/lib/python3.12/site-packages/agrobot_interfaces/agrobot_interfaces_s__rosidl_typesupport_introspection_c.so
[4.119s] -- Up-to-date: /home/agrobot/ros2_ws/install/agrobot_interfaces/lib/python3.12/site-packages/agrobot_interfaces/_agrobot_interfaces_s.ep.rosidl_typesupport_c.c
[4.173s] Listing '/home/agrobot/ros2_ws/install/agrobot_interfaces/lib/python3.12/site-packages/agrobot_interfaces'...
[4.173s] Listing '/home/agrobot/ros2_ws/install/agrobot_interfaces/lib/python3.12/site-packages/agrobot_interfaces/srv'...
[4.188s] -- Installing: /home/agrobot/ros2_ws/install/agrobot_interfaces/lib/python3.12/site-packages/agrobot_interfaces/agrobot_interfaces_s__rosidl_typesupport_fastrtps_c.so
[4.188s] -- Set non-toolchain portion of runtime path of "/home/agrobot/ros2_ws/install/agrobot_interfaces/lib/python3.12/site-packages/agrobot_interfaces/agrobot_interfaces_s__rosidl_typesupport_fastrtps_c.so" to ""
[4.189s] -- Installing: /home/agrobot/ros2_ws/install/agrobot_interfaces/lib/python3.12/site-packages/agrobot_interfaces/agrobot_interfaces_s__rosidl_typesupport_introspection_c.so
[4.189s] -- Set non-toolchain portion of runtime path of "/home/agrobot/ros2_ws/install/agrobot_interfaces/lib/python3.12/site-packages/agrobot_interfaces/agrobot_interfaces_s__rosidl_typesupport_introspection_c.so" to ""
[4.189s] -- Installing: /home/agrobot/ros2_ws/install/agrobot_interfaces/lib/python3.12/site-packages/agrobot_interfaces/agrobot_interfaces_s__rosidl_typesupport_c.so
[4.190s] -- Set non-toolchain portion of runtime path of "/home/agrobot/ros2_ws/install/agrobot_interfaces/lib/python3.12/site-packages/agrobot_interfaces/agrobot_interfaces_s__rosidl_typesupport_c.so" to ""
[4.191s] -- Installing: /home/agrobot/ros2_ws/install/agrobot_interfaces/lib/libagrobot_interfaces__rosidl_generator_py.so
[4.192s] -- Set non-toolchain portion of runtime path of "/home/agrobot/ros2_ws/install/agrobot_interfaces/lib/libagrobot_interfaces__rosidl_generator_py.so" to ""
[4.192s] -- Up-to-date: /home/agrobot/ros2_ws/install/agrobot_interfaces/share/agrobot_interfaces/srv/MoveServo.idl
[4.192s] -- Up-to-date: /home/agrobot/ros2_ws/install/agrobot_interfaces/share/agrobot_interfaces/srv/MoveServo.srv
[4.193s] -- Up-to-date: /home/agrobot/ros2_ws/install/agrobot_interfaces/share/ament_index/resource_index/package_run_dependencies/agrobot_interfaces
[4.193s] -- Up-to-date: /home/agrobot/ros2_ws/install/agrobot_interfaces/share/ament_index/resource_index/parent_prefix_path/agrobot_interfaces
[4.193s] -- Up-to-date: /home/agrobot/ros2_ws/install/agrobot_interfaces/share/agrobot_interfaces/environment/ament_prefix_path.sh
[4.193s] -- Up-to-date: /home/agrobot/ros2_ws/install/agrobot_interfaces/share/agrobot_interfaces/environment/ament_prefix_path.dsv
[4.193s] -- Up-to-date: /home/agrobot/ros2_ws/install/agrobot_interfaces/share/agrobot_interfaces/environment/path.sh
[4.193s] -- Up-to-date: /home/agrobot/ros2_ws/install/agrobot_interfaces/share/agrobot_interfaces/environment/path.dsv
[4.193s] -- Up-to-date: /home/agrobot/ros2_ws/install/agrobot_interfaces/share/agrobot_interfaces/local_setup.bash
[4.193s] -- Up-to-date: /home/agrobot/ros2_ws/install/agrobot_interfaces/share/agrobot_interfaces/local_setup.sh
[4.193s] -- Up-to-date: /home/agrobot/ros2_ws/install/agrobot_interfaces/share/agrobot_interfaces/local_setup.zsh
[4.194s] -- Up-to-date: /home/agrobot/ros2_ws/install/agrobot_interfaces/share/agrobot_interfaces/local_setup.dsv
[4.194s] -- Installing: /home/agrobot/ros2_ws/install/agrobot_interfaces/share/agrobot_interfaces/package.dsv
[4.194s] -- Up-to-date: /home/agrobot/ros2_ws/install/agrobot_interfaces/share/ament_index/resource_index/packages/agrobot_interfaces
[4.196s] -- Up-to-date: /home/agrobot/ros2_ws/install/agrobot_interfaces/share/agrobot_interfaces/cmake/export_agrobot_interfaces__rosidl_generator_cExport.cmake
[4.196s] -- Up-to-date: /home/agrobot/ros2_ws/install/agrobot_interfaces/share/agrobot_interfaces/cmake/export_agrobot_interfaces__rosidl_generator_cExport-noconfig.cmake
[4.197s] -- Up-to-date: /home/agrobot/ros2_ws/install/agrobot_interfaces/share/agrobot_interfaces/cmake/export_agrobot_interfaces__rosidl_typesupport_fastrtps_cExport.cmake
[4.197s] -- Up-to-date: /home/agrobot/ros2_ws/install/agrobot_interfaces/share/agrobot_interfaces/cmake/export_agrobot_interfaces__rosidl_typesupport_fastrtps_cExport-noconfig.cmake
[4.198s] -- Up-to-date: /home/agrobot/ros2_ws/install/agrobot_interfaces/share/agrobot_interfaces/cmake/agrobot_interfaces__rosidl_typesupport_introspection_cExport.cmake
[4.198s] -- Up-to-date: /home/agrobot/ros2_ws/install/agrobot_interfaces/share/agrobot_interfaces/cmake/agrobot_interfaces__rosidl_typesupport_introspection_cExport-noconfig.cmake
[4.199s] -- Up-to-date: /home/agrobot/ros2_ws/install/agrobot_interfaces/share/agrobot_interfaces/cmake/agrobot_interfaces__rosidl_typesupport_cExport.cmake
[4.199s] -- Up-to-date: /home/agrobot/ros2_ws/install/agrobot_interfaces/share/agrobot_interfaces/cmake/agrobot_interfaces__rosidl_typesupport_cExport-noconfig.cmake
[4.200s] -- Up-to-date: /home/agrobot/ros2_ws/install/agrobot_interfaces/share/agrobot_interfaces/cmake/export_agrobot_interfaces__rosidl_generator_cppExport.cmake
[4.201s] -- Up-to-date: /home/agrobot/ros2_ws/install/agrobot_interfaces/share/agrobot_interfaces/cmake/export_agrobot_interfaces__rosidl_typesupport_fastrtps_cppExport.cmake
[4.201s] -- Up-to-date: /home/agrobot/ros2_ws/install/agrobot_interfaces/share/agrobot_interfaces/cmake/export_agrobot_interfaces__rosidl_typesupport_fastrtps_cppExport-noconfig.cmake
[4.202s] -- Up-to-date: /home/agrobot/ros2_ws/install/agrobot_interfaces/share/agrobot_interfaces/cmake/agrobot_interfaces__rosidl_typesupport_introspection_cppExport.cmake
[4.202s] -- Up-to-date: /home/agrobot/ros2_ws/install/agrobot_interfaces/share/agrobot_interfaces/cmake/agrobot_interfaces__rosidl_typesupport_introspection_cppExport-noconfig.cmake
[4.203s] -- Up-to-date: /home/agrobot/ros2_ws/install/agrobot_interfaces/share/agrobot_interfaces/cmake/agrobot_interfaces__rosidl_typesupport_cppExport.cmake
[4.203s] -- Up-to-date: /home/agrobot/ros2_ws/install/agrobot_interfaces/share/agrobot_interfaces/cmake/agrobot_interfaces__rosidl_typesupport_cppExport-noconfig.cmake
[4.204s] -- Up-to-date: /home/agrobot/ros2_ws/install/agrobot_interfaces/share/agrobot_interfaces/cmake/export_agrobot_interfaces__rosidl_generator_pyExport.cmake
[4.204s] -- Up-to-date: /home/agrobot/ros2_ws/install/agrobot_interfaces/share/agrobot_interfaces/cmake/export_agrobot_interfaces__rosidl_generator_pyExport-noconfig.cmake
[4.204s] -- Up-to-date: /home/agrobot/ros2_ws/install/agrobot_interfaces/share/agrobot_interfaces/cmake/rosidl_cmake-extras.cmake
[4.204s] -- Up-to-date: /home/agrobot/ros2_ws/install/agrobot_interfaces/share/agrobot_interfaces/cmake/ament_cmake_export_dependencies-extras.cmake
[4.204s] -- Up-to-date: /home/agrobot/ros2_ws/install/agrobot_interfaces/share/agrobot_interfaces/cmake/ament_cmake_export_include_directories-extras.cmake
[4.204s] -- Up-to-date: /home/agrobot/ros2_ws/install/agrobot_interfaces/share/agrobot_interfaces/cmake/ament_cmake_export_libraries-extras.cmake
[4.204s] -- Up-to-date: /home/agrobot/ros2_ws/install/agrobot_interfaces/share/agrobot_interfaces/cmake/ament_cmake_export_targets-extras.cmake
[4.204s] -- Up-to-date: /home/agrobot/ros2_ws/install/agrobot_interfaces/share/agrobot_interfaces/cmake/rosidl_cmake_export_typesupport_targets-extras.cmake
[4.205s] -- Up-to-date: /home/agrobot/ros2_ws/install/agrobot_interfaces/share/agrobot_interfaces/cmake/rosidl_cmake_export_typesupport_libraries-extras.cmake
[4.205s] -- Up-to-date: /home/agrobot/ros2_ws/install/agrobot_interfaces/share/agrobot_interfaces/cmake/agrobot_interfacesConfig.cmake
[4.205s] -- Up-to-date: /home/agrobot/ros2_ws/install/agrobot_interfaces/share/agrobot_interfaces/cmake/agrobot_interfacesConfig-version.cmake
[4.205s] -- Up-to-date: /home/agrobot/ros2_ws/install/agrobot_interfaces/share/agrobot_interfaces/package.xml
[4.208s] Invoked command in '/home/agrobot/ros2_ws/build/agrobot_interfaces' returned '0': CMAKE_PREFIX_PATH=${CMAKE_PREFIX_PATH}:/opt/ros/kilted /usr/bin/cmake --install /home/agrobot/ros2_ws/build/agrobot_interfaces
