[1.125s] Invoking command in '/home/agrobot/ros2_ws/src/agrobot_nav': AMENT_PREFIX_PATH=/home/agrobot/ros2_ws/install/tutorial_interfaces:${AMENT_PREFIX_PATH} CMAKE_PREFIX_PATH=/home/agrobot/ros2_ws/install/tutorial_interfaces:${CMAKE_PREFIX_PATH} LD_LIBRARY_PATH=/home/agrobot/ros2_ws/install/tutorial_interfaces/lib:${LD_LIBRARY_PATH} PYTHONPATH=/home/agrobot/ros2_ws/build/agrobot_nav/prefix_override:/usr/lib/python3/dist-packages/colcon_core/task/python/colcon_distutils_commands:/home/agrobot/ros2_ws/install/agrobot_nav/lib/python3.12/site-packages:/home/agrobot/ros2_ws/install/tutorial_interfaces/lib/python3.12/site-packages:${PYTHONPATH} /usr/bin/python3 -W ignore:setup.py install is deprecated -W ignore:easy_install command is deprecated setup.py egg_info --egg-base ../../build/agrobot_nav build --build-base /home/agrobot/ros2_ws/build/agrobot_nav/build install --record /home/agrobot/ros2_ws/build/agrobot_nav/install.log --single-version-externally-managed install_data
[1.451s] running egg_info
[1.451s] creating ../../build/agrobot_nav/agrobot_nav.egg-info
[1.471s] writing ../../build/agrobot_nav/agrobot_nav.egg-info/PKG-INFO
[1.471s] writing dependency_links to ../../build/agrobot_nav/agrobot_nav.egg-info/dependency_links.txt
[1.472s] writing entry points to ../../build/agrobot_nav/agrobot_nav.egg-info/entry_points.txt
[1.472s] writing requirements to ../../build/agrobot_nav/agrobot_nav.egg-info/requires.txt
[1.472s] writing top-level names to ../../build/agrobot_nav/agrobot_nav.egg-info/top_level.txt
[1.472s] writing manifest file '../../build/agrobot_nav/agrobot_nav.egg-info/SOURCES.txt'
[1.515s] reading manifest file '../../build/agrobot_nav/agrobot_nav.egg-info/SOURCES.txt'
[1.515s] adding license file 'LICENSE'
[1.516s] writing manifest file '../../build/agrobot_nav/agrobot_nav.egg-info/SOURCES.txt'
[1.516s] running build
[1.516s] running build_py
[1.516s] creating /home/agrobot/ros2_ws/build/agrobot_nav/build
[1.516s] creating /home/agrobot/ros2_ws/build/agrobot_nav/build/lib
[1.516s] creating /home/agrobot/ros2_ws/build/agrobot_nav/build/lib/agrobot_nav
[1.517s] copying agrobot_nav/tof_sensor_node.py -> /home/agrobot/ros2_ws/build/agrobot_nav/build/lib/agrobot_nav
[1.517s] copying agrobot_nav/camera_node.py -> /home/agrobot/ros2_ws/build/agrobot_nav/build/lib/agrobot_nav
[1.517s] copying agrobot_nav/nav_state_machine.py -> /home/agrobot/ros2_ws/build/agrobot_nav/build/lib/agrobot_nav
[1.517s] copying agrobot_nav/__init__.py -> /home/agrobot/ros2_ws/build/agrobot_nav/build/lib/agrobot_nav
[1.517s] copying agrobot_nav/subscriber_member_function.py -> /home/agrobot/ros2_ws/build/agrobot_nav/build/lib/agrobot_nav
[1.517s] copying agrobot_nav/publisher_member_function.py -> /home/agrobot/ros2_ws/build/agrobot_nav/build/lib/agrobot_nav
[1.518s] copying agrobot_nav/py.typed -> /home/agrobot/ros2_ws/build/agrobot_nav/build/lib/agrobot_nav
[1.518s] running install
[1.527s] running install_lib
[1.548s] creating /home/agrobot/ros2_ws/install/agrobot_nav/lib/python3.12/site-packages/agrobot_nav
[1.548s] copying /home/agrobot/ros2_ws/build/agrobot_nav/build/lib/agrobot_nav/py.typed -> /home/agrobot/ros2_ws/install/agrobot_nav/lib/python3.12/site-packages/agrobot_nav
[1.548s] copying /home/agrobot/ros2_ws/build/agrobot_nav/build/lib/agrobot_nav/tof_sensor_node.py -> /home/agrobot/ros2_ws/install/agrobot_nav/lib/python3.12/site-packages/agrobot_nav
[1.548s] copying /home/agrobot/ros2_ws/build/agrobot_nav/build/lib/agrobot_nav/camera_node.py -> /home/agrobot/ros2_ws/install/agrobot_nav/lib/python3.12/site-packages/agrobot_nav
[1.548s] copying /home/agrobot/ros2_ws/build/agrobot_nav/build/lib/agrobot_nav/nav_state_machine.py -> /home/agrobot/ros2_ws/install/agrobot_nav/lib/python3.12/site-packages/agrobot_nav
[1.549s] copying /home/agrobot/ros2_ws/build/agrobot_nav/build/lib/agrobot_nav/__init__.py -> /home/agrobot/ros2_ws/install/agrobot_nav/lib/python3.12/site-packages/agrobot_nav
[1.549s] copying /home/agrobot/ros2_ws/build/agrobot_nav/build/lib/agrobot_nav/subscriber_member_function.py -> /home/agrobot/ros2_ws/install/agrobot_nav/lib/python3.12/site-packages/agrobot_nav
[1.549s] copying /home/agrobot/ros2_ws/build/agrobot_nav/build/lib/agrobot_nav/publisher_member_function.py -> /home/agrobot/ros2_ws/install/agrobot_nav/lib/python3.12/site-packages/agrobot_nav
[1.550s] byte-compiling /home/agrobot/ros2_ws/install/agrobot_nav/lib/python3.12/site-packages/agrobot_nav/tof_sensor_node.py to tof_sensor_node.cpython-312.pyc
[1.553s] byte-compiling /home/agrobot/ros2_ws/install/agrobot_nav/lib/python3.12/site-packages/agrobot_nav/camera_node.py to camera_node.cpython-312.pyc
[1.555s] byte-compiling /home/agrobot/ros2_ws/install/agrobot_nav/lib/python3.12/site-packages/agrobot_nav/nav_state_machine.py to nav_state_machine.cpython-312.pyc
[1.559s] byte-compiling /home/agrobot/ros2_ws/install/agrobot_nav/lib/python3.12/site-packages/agrobot_nav/__init__.py to __init__.cpython-312.pyc
[1.559s] byte-compiling /home/agrobot/ros2_ws/install/agrobot_nav/lib/python3.12/site-packages/agrobot_nav/subscriber_member_function.py to subscriber_member_function.cpython-312.pyc
[1.561s] byte-compiling /home/agrobot/ros2_ws/install/agrobot_nav/lib/python3.12/site-packages/agrobot_nav/publisher_member_function.py to publisher_member_function.cpython-312.pyc
[1.562s] running install_data
[1.562s] creating /home/agrobot/ros2_ws/install/agrobot_nav/share/ament_index
[1.562s] creating /home/agrobot/ros2_ws/install/agrobot_nav/share/ament_index/resource_index
[1.562s] creating /home/agrobot/ros2_ws/install/agrobot_nav/share/ament_index/resource_index/packages
[1.562s] copying resource/agrobot_nav -> /home/agrobot/ros2_ws/install/agrobot_nav/share/ament_index/resource_index/packages
[1.562s] copying package.xml -> /home/agrobot/ros2_ws/install/agrobot_nav/share/agrobot_nav
[1.562s] creating /home/agrobot/ros2_ws/install/agrobot_nav/share/agrobot_nav/launch
[1.563s] copying launch/agrobot_launch.py -> /home/agrobot/ros2_ws/install/agrobot_nav/share/agrobot_nav/launch
[1.563s] running install_egg_info
[1.586s] Copying ../../build/agrobot_nav/agrobot_nav.egg-info to /home/agrobot/ros2_ws/install/agrobot_nav/lib/python3.12/site-packages/agrobot_nav-0.0.0-py3.12.egg-info
[1.587s] running install_scripts
[1.737s] Installing camera script to /home/agrobot/ros2_ws/install/agrobot_nav/lib/agrobot_nav
[1.738s] Installing drive_control script to /home/agrobot/ros2_ws/install/agrobot_nav/lib/agrobot_nav
[1.738s] Installing input script to /home/agrobot/ros2_ws/install/agrobot_nav/lib/agrobot_nav
[1.738s] Installing nav script to /home/agrobot/ros2_ws/install/agrobot_nav/lib/agrobot_nav
[1.738s] Installing tof_sensor script to /home/agrobot/ros2_ws/install/agrobot_nav/lib/agrobot_nav
[1.739s] writing list of installed files to '/home/agrobot/ros2_ws/build/agrobot_nav/install.log'
[1.829s] Invoked command in '/home/agrobot/ros2_ws/src/agrobot_nav' returned '0': AMENT_PREFIX_PATH=/home/agrobot/ros2_ws/install/tutorial_interfaces:${AMENT_PREFIX_PATH} CMAKE_PREFIX_PATH=/home/agrobot/ros2_ws/install/tutorial_interfaces:${CMAKE_PREFIX_PATH} LD_LIBRARY_PATH=/home/agrobot/ros2_ws/install/tutorial_interfaces/lib:${LD_LIBRARY_PATH} PYTHONPATH=/home/agrobot/ros2_ws/build/agrobot_nav/prefix_override:/usr/lib/python3/dist-packages/colcon_core/task/python/colcon_distutils_commands:/home/agrobot/ros2_ws/install/agrobot_nav/lib/python3.12/site-packages:/home/agrobot/ros2_ws/install/tutorial_interfaces/lib/python3.12/site-packages:${PYTHONPATH} /usr/bin/python3 -W ignore:setup.py install is deprecated -W ignore:easy_install command is deprecated setup.py egg_info --egg-base ../../build/agrobot_nav build --build-base /home/agrobot/ros2_ws/build/agrobot_nav/build install --record /home/agrobot/ros2_ws/build/agrobot_nav/install.log --single-version-externally-managed install_data
