[1.307s] Invoking command in '/home/agrobot/ros2_ws/build/agrobot_nav': PYTHONPATH=/home/agrobot/ros2_ws/build/agrobot_nav/prefix_override:/usr/lib/python3/dist-packages/colcon_core/task/python/colcon_distutils_commands:/home/agrobot/ros2_ws/install/agrobot_nav/lib/python3.12/site-packages:/home/agrobot/ros2_ws/install/tutorial_interfaces/lib/python3.12/site-packages:/home/agrobot/ros2_ws/build/agrobot_nav:/home/agrobot/ros2_ws/install/agrobot_nav/lib/python3.12/site-packages:/home/agrobot/ros2_ws/install/basicmicro_ros2/lib/python3.12/site-packages:/home/agrobot/ros2_ws/build/agrobot_fsm:/home/agrobot/ros2_ws/install/agrobot_fsm/lib/python3.12/site-packages:/home/agrobot/ros2_ws/build/agrobot_actuation:/home/agrobot/ros2_ws/install/agrobot_actuation/lib/python3.12/site-packages:/home/agrobot/ros2_ws/install/agrobot_interfaces/lib/python3.12/site-packages:/home/agrobot/ros2_ws/build/agrobot_detect:/home/agrobot/ros2_ws/install/agrobot_detect/lib/python3.12/site-packages:/opt/ros/kilted/lib/python3.12/site-packages /usr/bin/python3 -W ignore:setup.py install is deprecated -W ignore:easy_install command is deprecated setup.py develop --uninstall --editable --build-directory /home/agrobot/ros2_ws/build/agrobot_nav/build
[1.747s] running develop
[2.020s] Removing /home/agrobot/ros2_ws/install/agrobot_nav/lib/python3.12/site-packages/agrobot-nav.egg-link (link to .)
[2.135s] Invoked command in '/home/agrobot/ros2_ws/build/agrobot_nav' returned '0': PYTHONPATH=/home/agrobot/ros2_ws/build/agrobot_nav/prefix_override:/usr/lib/python3/dist-packages/colcon_core/task/python/colcon_distutils_commands:/home/agrobot/ros2_ws/install/agrobot_nav/lib/python3.12/site-packages:/home/agrobot/ros2_ws/install/tutorial_interfaces/lib/python3.12/site-packages:/home/agrobot/ros2_ws/build/agrobot_nav:/home/agrobot/ros2_ws/install/agrobot_nav/lib/python3.12/site-packages:/home/agrobot/ros2_ws/install/basicmicro_ros2/lib/python3.12/site-packages:/home/agrobot/ros2_ws/build/agrobot_fsm:/home/agrobot/ros2_ws/install/agrobot_fsm/lib/python3.12/site-packages:/home/agrobot/ros2_ws/build/agrobot_actuation:/home/agrobot/ros2_ws/install/agrobot_actuation/lib/python3.12/site-packages:/home/agrobot/ros2_ws/install/agrobot_interfaces/lib/python3.12/site-packages:/home/agrobot/ros2_ws/build/agrobot_detect:/home/agrobot/ros2_ws/install/agrobot_detect/lib/python3.12/site-packages:/opt/ros/kilted/lib/python3.12/site-packages /usr/bin/python3 -W ignore:setup.py install is deprecated -W ignore:easy_install command is deprecated setup.py develop --uninstall --editable --build-directory /home/agrobot/ros2_ws/build/agrobot_nav/build
[2.136s] Invoking command in '/home/agrobot/ros2_ws/src/agrobot_nav': PYTHONPATH=/home/agrobot/ros2_ws/build/agrobot_nav/prefix_override:/usr/lib/python3/dist-packages/colcon_core/task/python/colcon_distutils_commands:/home/agrobot/ros2_ws/install/agrobot_nav/lib/python3.12/site-packages:/home/agrobot/ros2_ws/install/tutorial_interfaces/lib/python3.12/site-packages:/home/agrobot/ros2_ws/build/agrobot_nav:/home/agrobot/ros2_ws/install/agrobot_nav/lib/python3.12/site-packages:/home/agrobot/ros2_ws/install/basicmicro_ros2/lib/python3.12/site-packages:/home/agrobot/ros2_ws/build/agrobot_fsm:/home/agrobot/ros2_ws/install/agrobot_fsm/lib/python3.12/site-packages:/home/agrobot/ros2_ws/build/agrobot_actuation:/home/agrobot/ros2_ws/install/agrobot_actuation/lib/python3.12/site-packages:/home/agrobot/ros2_ws/install/agrobot_interfaces/lib/python3.12/site-packages:/home/agrobot/ros2_ws/build/agrobot_detect:/home/agrobot/ros2_ws/install/agrobot_detect/lib/python3.12/site-packages:/opt/ros/kilted/lib/python3.12/site-packages /usr/bin/python3 -W ignore:setup.py install is deprecated -W ignore:easy_install command is deprecated setup.py egg_info --egg-base ../../build/agrobot_nav build --build-base /home/agrobot/ros2_ws/build/agrobot_nav/build install --record /home/agrobot/ros2_ws/build/agrobot_nav/install.log --single-version-externally-managed install_data --force
[2.545s] running egg_info
[2.566s] writing ../../build/agrobot_nav/agrobot_nav.egg-info/PKG-INFO
[2.567s] writing dependency_links to ../../build/agrobot_nav/agrobot_nav.egg-info/dependency_links.txt
[2.568s] writing entry points to ../../build/agrobot_nav/agrobot_nav.egg-info/entry_points.txt
[2.568s] writing requirements to ../../build/agrobot_nav/agrobot_nav.egg-info/requires.txt
[2.569s] writing top-level names to ../../build/agrobot_nav/agrobot_nav.egg-info/top_level.txt
[2.616s] reading manifest file '../../build/agrobot_nav/agrobot_nav.egg-info/SOURCES.txt'
[2.617s] adding license file 'LICENSE'
[2.618s] writing manifest file '../../build/agrobot_nav/agrobot_nav.egg-info/SOURCES.txt'
[2.618s] running build
[2.618s] running build_py
[2.619s] copying agrobot_nav/mini_nav_state_machine.py -> /home/agrobot/ros2_ws/build/agrobot_nav/build/lib/agrobot_nav
[2.619s] running install
[2.630s] running install_lib
[2.652s] creating /home/agrobot/ros2_ws/install/agrobot_nav/lib/python3.12/site-packages/agrobot_nav
[2.652s] copying /home/agrobot/ros2_ws/build/agrobot_nav/build/lib/agrobot_nav/py.typed -> /home/agrobot/ros2_ws/install/agrobot_nav/lib/python3.12/site-packages/agrobot_nav
[2.653s] copying /home/agrobot/ros2_ws/build/agrobot_nav/build/lib/agrobot_nav/tof_sensor_node.py -> /home/agrobot/ros2_ws/install/agrobot_nav/lib/python3.12/site-packages/agrobot_nav
[2.653s] copying /home/agrobot/ros2_ws/build/agrobot_nav/build/lib/agrobot_nav/camera_node.py -> /home/agrobot/ros2_ws/install/agrobot_nav/lib/python3.12/site-packages/agrobot_nav
[2.653s] copying /home/agrobot/ros2_ws/build/agrobot_nav/build/lib/agrobot_nav/nav_state_machine.py -> /home/agrobot/ros2_ws/install/agrobot_nav/lib/python3.12/site-packages/agrobot_nav
[2.655s] copying /home/agrobot/ros2_ws/build/agrobot_nav/build/lib/agrobot_nav/__init__.py -> /home/agrobot/ros2_ws/install/agrobot_nav/lib/python3.12/site-packages/agrobot_nav
[2.656s] copying /home/agrobot/ros2_ws/build/agrobot_nav/build/lib/agrobot_nav/subscriber_member_function.py -> /home/agrobot/ros2_ws/install/agrobot_nav/lib/python3.12/site-packages/agrobot_nav
[2.656s] copying /home/agrobot/ros2_ws/build/agrobot_nav/build/lib/agrobot_nav/mini_nav_state_machine_new.py -> /home/agrobot/ros2_ws/install/agrobot_nav/lib/python3.12/site-packages/agrobot_nav
[2.656s] copying /home/agrobot/ros2_ws/build/agrobot_nav/build/lib/agrobot_nav/mini_nav_state_machine.py -> /home/agrobot/ros2_ws/install/agrobot_nav/lib/python3.12/site-packages/agrobot_nav
[2.656s] copying /home/agrobot/ros2_ws/build/agrobot_nav/build/lib/agrobot_nav/publisher_member_function.py -> /home/agrobot/ros2_ws/install/agrobot_nav/lib/python3.12/site-packages/agrobot_nav
[2.656s] byte-compiling /home/agrobot/ros2_ws/install/agrobot_nav/lib/python3.12/site-packages/agrobot_nav/tof_sensor_node.py to tof_sensor_node.cpython-312.pyc
[2.659s] byte-compiling /home/agrobot/ros2_ws/install/agrobot_nav/lib/python3.12/site-packages/agrobot_nav/camera_node.py to camera_node.cpython-312.pyc
[2.661s] byte-compiling /home/agrobot/ros2_ws/install/agrobot_nav/lib/python3.12/site-packages/agrobot_nav/nav_state_machine.py to nav_state_machine.cpython-312.pyc
[2.669s] byte-compiling /home/agrobot/ros2_ws/install/agrobot_nav/lib/python3.12/site-packages/agrobot_nav/__init__.py to __init__.cpython-312.pyc
[2.669s] byte-compiling /home/agrobot/ros2_ws/install/agrobot_nav/lib/python3.12/site-packages/agrobot_nav/subscriber_member_function.py to subscriber_member_function.cpython-312.pyc
[2.671s] byte-compiling /home/agrobot/ros2_ws/install/agrobot_nav/lib/python3.12/site-packages/agrobot_nav/mini_nav_state_machine_new.py to mini_nav_state_machine_new.cpython-312.pyc
[2.675s] byte-compiling /home/agrobot/ros2_ws/install/agrobot_nav/lib/python3.12/site-packages/agrobot_nav/mini_nav_state_machine.py to mini_nav_state_machine.cpython-312.pyc
[2.682s] byte-compiling /home/agrobot/ros2_ws/install/agrobot_nav/lib/python3.12/site-packages/agrobot_nav/publisher_member_function.py to publisher_member_function.cpython-312.pyc
[2.684s] running install_data
[2.684s] copying resource/agrobot_nav -> /home/agrobot/ros2_ws/install/agrobot_nav/share/ament_index/resource_index/packages
[2.685s] copying package.xml -> /home/agrobot/ros2_ws/install/agrobot_nav/share/agrobot_nav
[2.685s] copying launch/agrobot_launch.py -> /home/agrobot/ros2_ws/install/agrobot_nav/share/agrobot_nav/launch
[2.686s] copying launch/mini_agrobot_launch.py -> /home/agrobot/ros2_ws/install/agrobot_nav/share/agrobot_nav/launch
[2.686s] running install_egg_info
[2.709s] Copying ../../build/agrobot_nav/agrobot_nav.egg-info to /home/agrobot/ros2_ws/install/agrobot_nav/lib/python3.12/site-packages/agrobot_nav-0.0.0-py3.12.egg-info
[2.711s] running install_scripts
[2.877s] Installing camera script to /home/agrobot/ros2_ws/install/agrobot_nav/lib/agrobot_nav
[2.877s] Installing drive_control script to /home/agrobot/ros2_ws/install/agrobot_nav/lib/agrobot_nav
[2.879s] Installing input script to /home/agrobot/ros2_ws/install/agrobot_nav/lib/agrobot_nav
[2.880s] Installing mini_nav script to /home/agrobot/ros2_ws/install/agrobot_nav/lib/agrobot_nav
[2.881s] Installing nav script to /home/agrobot/ros2_ws/install/agrobot_nav/lib/agrobot_nav
[2.882s] Installing tof_sensor script to /home/agrobot/ros2_ws/install/agrobot_nav/lib/agrobot_nav
[2.883s] writing list of installed files to '/home/agrobot/ros2_ws/build/agrobot_nav/install.log'
[2.976s] Invoked command in '/home/agrobot/ros2_ws/src/agrobot_nav' returned '0': PYTHONPATH=/home/agrobot/ros2_ws/build/agrobot_nav/prefix_override:/usr/lib/python3/dist-packages/colcon_core/task/python/colcon_distutils_commands:/home/agrobot/ros2_ws/install/agrobot_nav/lib/python3.12/site-packages:/home/agrobot/ros2_ws/install/tutorial_interfaces/lib/python3.12/site-packages:/home/agrobot/ros2_ws/build/agrobot_nav:/home/agrobot/ros2_ws/install/agrobot_nav/lib/python3.12/site-packages:/home/agrobot/ros2_ws/install/basicmicro_ros2/lib/python3.12/site-packages:/home/agrobot/ros2_ws/build/agrobot_fsm:/home/agrobot/ros2_ws/install/agrobot_fsm/lib/python3.12/site-packages:/home/agrobot/ros2_ws/build/agrobot_actuation:/home/agrobot/ros2_ws/install/agrobot_actuation/lib/python3.12/site-packages:/home/agrobot/ros2_ws/install/agrobot_interfaces/lib/python3.12/site-packages:/home/agrobot/ros2_ws/build/agrobot_detect:/home/agrobot/ros2_ws/install/agrobot_detect/lib/python3.12/site-packages:/opt/ros/kilted/lib/python3.12/site-packages /usr/bin/python3 -W ignore:setup.py install is deprecated -W ignore:easy_install command is deprecated setup.py egg_info --egg-base ../../build/agrobot_nav build --build-base /home/agrobot/ros2_ws/build/agrobot_nav/build install --record /home/agrobot/ros2_ws/build/agrobot_nav/install.log --single-version-externally-managed install_data --force
