[1.122s] Invoking command in '/home/agrobot/ros2_ws/src/agrobot_nav': AMENT_PREFIX_PATH=/home/agrobot/ros2_ws/install/tutorial_interfaces:${AMENT_PREFIX_PATH} CMAKE_PREFIX_PATH=/home/agrobot/ros2_ws/install/tutorial_interfaces:${CMAKE_PREFIX_PATH} LD_LIBRARY_PATH=/home/agrobot/ros2_ws/install/tutorial_interfaces/lib:${LD_LIBRARY_PATH} PYTHONPATH=/home/agrobot/ros2_ws/build/agrobot_nav/prefix_override:/usr/lib/python3/dist-packages/colcon_core/task/python/colcon_distutils_commands:/home/agrobot/ros2_ws/install/agrobot_nav/lib/python3.12/site-packages:/home/agrobot/ros2_ws/install/tutorial_interfaces/lib/python3.12/site-packages:${PYTHONPATH} VIRTUAL_ENV_PROMPT=(venv) /usr/bin/python3 -W ignore:setup.py install is deprecated -W ignore:easy_install command is deprecated setup.py egg_info --egg-base ../../build/agrobot_nav build --build-base /home/agrobot/ros2_ws/build/agrobot_nav/build install --record /home/agrobot/ros2_ws/build/agrobot_nav/install.log --single-version-externally-managed install_data
[1.449s] running egg_info
[1.469s] writing ../../build/agrobot_nav/agrobot_nav.egg-info/PKG-INFO
[1.470s] writing dependency_links to ../../build/agrobot_nav/agrobot_nav.egg-info/dependency_links.txt
[1.471s] writing entry points to ../../build/agrobot_nav/agrobot_nav.egg-info/entry_points.txt
[1.471s] writing requirements to ../../build/agrobot_nav/agrobot_nav.egg-info/requires.txt
[1.472s] writing top-level names to ../../build/agrobot_nav/agrobot_nav.egg-info/top_level.txt
[1.519s] reading manifest file '../../build/agrobot_nav/agrobot_nav.egg-info/SOURCES.txt'
[1.520s] adding license file 'LICENSE'
[1.520s] writing manifest file '../../build/agrobot_nav/agrobot_nav.egg-info/SOURCES.txt'
[1.521s] running build
[1.521s] running build_py
[1.521s] copying agrobot_nav/nav_state_machine.py -> /home/agrobot/ros2_ws/build/agrobot_nav/build/lib/agrobot_nav
[1.522s] running install
[1.531s] running install_lib
[1.552s] copying /home/agrobot/ros2_ws/build/agrobot_nav/build/lib/agrobot_nav/nav_state_machine.py -> /home/agrobot/ros2_ws/install/agrobot_nav/lib/python3.12/site-packages/agrobot_nav
[1.553s] byte-compiling /home/agrobot/ros2_ws/install/agrobot_nav/lib/python3.12/site-packages/agrobot_nav/nav_state_machine.py to nav_state_machine.cpython-312.pyc
[1.558s] running install_data
[1.558s] running install_egg_info
[1.582s] removing '/home/agrobot/ros2_ws/install/agrobot_nav/lib/python3.12/site-packages/agrobot_nav-0.0.0-py3.12.egg-info' (and everything under it)
[1.583s] Copying ../../build/agrobot_nav/agrobot_nav.egg-info to /home/agrobot/ros2_ws/install/agrobot_nav/lib/python3.12/site-packages/agrobot_nav-0.0.0-py3.12.egg-info
[1.584s] running install_scripts
[1.742s] Installing camera script to /home/agrobot/ros2_ws/install/agrobot_nav/lib/agrobot_nav
[1.742s] Installing drive_control script to /home/agrobot/ros2_ws/install/agrobot_nav/lib/agrobot_nav
[1.743s] Installing input script to /home/agrobot/ros2_ws/install/agrobot_nav/lib/agrobot_nav
[1.744s] Installing nav script to /home/agrobot/ros2_ws/install/agrobot_nav/lib/agrobot_nav
[1.745s] Installing tof_sensor script to /home/agrobot/ros2_ws/install/agrobot_nav/lib/agrobot_nav
[1.746s] writing list of installed files to '/home/agrobot/ros2_ws/build/agrobot_nav/install.log'
[1.834s] Invoked command in '/home/agrobot/ros2_ws/src/agrobot_nav' returned '0': AMENT_PREFIX_PATH=/home/agrobot/ros2_ws/install/tutorial_interfaces:${AMENT_PREFIX_PATH} CMAKE_PREFIX_PATH=/home/agrobot/ros2_ws/install/tutorial_interfaces:${CMAKE_PREFIX_PATH} LD_LIBRARY_PATH=/home/agrobot/ros2_ws/install/tutorial_interfaces/lib:${LD_LIBRARY_PATH} PYTHONPATH=/home/agrobot/ros2_ws/build/agrobot_nav/prefix_override:/usr/lib/python3/dist-packages/colcon_core/task/python/colcon_distutils_commands:/home/agrobot/ros2_ws/install/agrobot_nav/lib/python3.12/site-packages:/home/agrobot/ros2_ws/install/tutorial_interfaces/lib/python3.12/site-packages:${PYTHONPATH} VIRTUAL_ENV_PROMPT=(venv) /usr/bin/python3 -W ignore:setup.py install is deprecated -W ignore:easy_install command is deprecated setup.py egg_info --egg-base ../../build/agrobot_nav build --build-base /home/agrobot/ros2_ws/build/agrobot_nav/build install --record /home/agrobot/ros2_ws/build/agrobot_nav/install.log --single-version-externally-managed install_data
