-- The C compiler identification is GNU 13.3.0
-- The CXX compiler identification is GNU 13.3.0
-- Detecting C compiler ABI info
-- Detecting C compiler ABI info - done
-- Check for working C compiler: /usr/bin/cc - skipped
-- Detecting C compile features
-- Detecting C compile features - done
-- Detecting CXX compiler ABI info
-- Detecting CXX compiler ABI info - done
-- Check for working CXX compiler: /usr/bin/c++ - skipped
-- Detecting CXX compile features
-- Detecting CXX compile features - done
-- Found ament_cmake: 2.7.4 (/opt/ros/kilted/share/ament_cmake/cmake)
-- Found Python3: /usr/bin/python3 (found version "3.12.3") found components: Interpreter 
-- Found rosidl_default_generators: 1.7.1 (/opt/ros/kilted/share/rosidl_default_generators/cmake)
-- Using all available rosidl_typesupport_c: rosidl_typesupport_fastrtps_c;rosidl_typesupport_introspection_c
-- Using all available rosidl_typesupport_cpp: rosidl_typesupport_fastrtps_cpp;rosidl_typesupport_introspection_cpp
-- Found rosidl_adapter: 4.9.6 (/opt/ros/kilted/share/rosidl_adapter/cmake)
-- Found ament_cmake_ros_core: 0.14.7 (/opt/ros/kilted/share/ament_cmake_ros_core/cmake)
-- Using all available rosidl_typesupport_c: rosidl_typesupport_fastrtps_c;rosidl_typesupport_introspection_c
-- Using all available rosidl_typesupport_cpp: rosidl_typesupport_fastrtps_cpp;rosidl_typesupport_introspection_cpp
-- Found Python3: /usr/bin/python3 (found version "3.12.3") found components: Interpreter Development NumPy Development.Module Development.Embed 
-- Found ament_lint_auto: 0.19.2 (/opt/ros/kilted/share/ament_lint_auto/cmake)
-- Added test 'lint_cmake' to check CMake code style
-- Added test 'xmllint' to check XML markup files
-- Configuring done (4.3s)
-- Generating done (0.0s)
-- Build files have been written to: /home/agrobot/ros2_ws/build/agrobot_interfaces
[  2%] [34m[1mGenerating type hashes for ROS interfaces[0m
[  2%] Built target ament_cmake_python_copy_agrobot_interfaces
running egg_info
creating agrobot_interfaces.egg-info
[  2%] Built target agrobot_interfaces__rosidl_generator_type_description
writing agrobot_interfaces.egg-info/PKG-INFO
writing dependency_links to agrobot_interfaces.egg-info/dependency_links.txt
writing top-level names to agrobot_interfaces.egg-info/top_level.txt
writing manifest file 'agrobot_interfaces.egg-info/SOURCES.txt'
[  5%] [34m[1mGenerating C code for ROS interfaces[0m
[  8%] [34m[1mGenerating C++ code for ROS interfaces[0m
reading manifest file 'agrobot_interfaces.egg-info/SOURCES.txt'
writing manifest file 'agrobot_interfaces.egg-info/SOURCES.txt'
[  8%] Built target ament_cmake_python_build_agrobot_interfaces_egg
[  8%] Built target agrobot_interfaces__cpp
[ 17%] [32mBuilding C object CMakeFiles/agrobot_interfaces__rosidl_generator_c.dir/rosidl_generator_c/agrobot_interfaces/srv/detail/move_servo__description.c.o[0m
[ 17%] [32mBuilding C object CMakeFiles/agrobot_interfaces__rosidl_generator_c.dir/rosidl_generator_c/agrobot_interfaces/srv/detail/move_servo__type_support.c.o[0m
[ 17%] [32mBuilding C object CMakeFiles/agrobot_interfaces__rosidl_generator_c.dir/rosidl_generator_c/agrobot_interfaces/srv/detail/move_servo__functions.c.o[0m
[ 20%] [32m[1mLinking C shared library libagrobot_interfaces__rosidl_generator_c.so[0m
[ 20%] Built target agrobot_interfaces__rosidl_generator_c
[ 32%] [34m[1mGenerating C type support for eProsima Fast-RTPS[0m
[ 32%] [34m[1mGenerating C introspection for ROS interfaces[0m
[ 32%] [34m[1mGenerating C type support dispatch for ROS interfaces[0m
[ 32%] [34m[1mGenerating C++ type support dispatch for ROS interfaces[0m
[ 35%] [32mBuilding CXX object CMakeFiles/agrobot_interfaces__rosidl_typesupport_c.dir/rosidl_typesupport_c/agrobot_interfaces/srv/move_servo__type_support.cpp.o[0m
[ 38%] [32mBuilding CXX object CMakeFiles/agrobot_interfaces__rosidl_typesupport_cpp.dir/rosidl_typesupport_cpp/agrobot_interfaces/srv/move_servo__type_support.cpp.o[0m
[ 41%] [32mBuilding C object CMakeFiles/agrobot_interfaces__rosidl_typesupport_introspection_c.dir/rosidl_typesupport_introspection_c/agrobot_interfaces/srv/detail/move_servo__type_support.c.o[0m
[ 44%] [32m[1mLinking CXX shared library libagrobot_interfaces__rosidl_typesupport_c.so[0m
[ 47%] [32mBuilding CXX object CMakeFiles/agrobot_interfaces__rosidl_typesupport_fastrtps_c.dir/rosidl_typesupport_fastrtps_c/agrobot_interfaces/srv/detail/move_servo__type_support_c.cpp.o[0m
[ 50%] [32m[1mLinking C shared library libagrobot_interfaces__rosidl_typesupport_introspection_c.so[0m
[ 50%] Built target agrobot_interfaces__rosidl_typesupport_c
[ 52%] [34m[1mGenerating C++ type support for eProsima Fast-RTPS[0m
[ 52%] Built target agrobot_interfaces__rosidl_typesupport_introspection_c
[ 55%] [34m[1mGenerating C++ introspection for ROS interfaces[0m
[ 58%] [32mBuilding CXX object CMakeFiles/agrobot_interfaces__rosidl_typesupport_introspection_cpp.dir/rosidl_typesupport_introspection_cpp/agrobot_interfaces/srv/detail/move_servo__type_support.cpp.o[0m
[ 61%] [32mBuilding CXX object CMakeFiles/agrobot_interfaces__rosidl_typesupport_fastrtps_cpp.dir/rosidl_typesupport_fastrtps_cpp/agrobot_interfaces/srv/detail/dds_fastrtps/move_servo__type_support.cpp.o[0m
[ 64%] [32m[1mLinking CXX shared library libagrobot_interfaces__rosidl_typesupport_cpp.so[0m
[ 64%] Built target agrobot_interfaces__rosidl_typesupport_cpp
[ 67%] [32m[1mLinking CXX shared library libagrobot_interfaces__rosidl_typesupport_fastrtps_c.so[0m
[ 67%] Built target agrobot_interfaces__rosidl_typesupport_fastrtps_c
[ 70%] [32m[1mLinking CXX shared library libagrobot_interfaces__rosidl_typesupport_introspection_cpp.so[0m
[ 70%] Built target agrobot_interfaces__rosidl_typesupport_introspection_cpp
[ 73%] [32m[1mLinking CXX shared library libagrobot_interfaces__rosidl_typesupport_fastrtps_cpp.so[0m
[ 73%] Built target agrobot_interfaces__rosidl_typesupport_fastrtps_cpp
[ 73%] Built target agrobot_interfaces
[ 76%] [34m[1mGenerating Python code for ROS interfaces[0m
[ 76%] Built target agrobot_interfaces__py
[ 79%] [32mBuilding C object CMakeFiles/agrobot_interfaces__rosidl_generator_py.dir/rosidl_generator_py/agrobot_interfaces/srv/_move_servo_s.c.o[0m
[ 82%] [32m[1mLinking C shared library libagrobot_interfaces__rosidl_generator_py.so[0m
[ 82%] Built target agrobot_interfaces__rosidl_generator_py
[ 91%] [32mBuilding C object CMakeFiles/agrobot_interfaces_s__rosidl_typesupport_introspection_c.dir/rosidl_generator_py/agrobot_interfaces/_agrobot_interfaces_s.ep.rosidl_typesupport_introspection_c.c.o[0m
[ 91%] [32mBuilding C object CMakeFiles/agrobot_interfaces_s__rosidl_typesupport_fastrtps_c.dir/rosidl_generator_py/agrobot_interfaces/_agrobot_interfaces_s.ep.rosidl_typesupport_fastrtps_c.c.o[0m
[ 91%] [32mBuilding C object CMakeFiles/agrobot_interfaces_s__rosidl_typesupport_c.dir/rosidl_generator_py/agrobot_interfaces/_agrobot_interfaces_s.ep.rosidl_typesupport_c.c.o[0m
[ 94%] [32m[1mLinking C shared module rosidl_generator_py/agrobot_interfaces/agrobot_interfaces_s__rosidl_typesupport_c.so[0m
[ 97%] [32m[1mLinking C shared module rosidl_generator_py/agrobot_interfaces/agrobot_interfaces_s__rosidl_typesupport_introspection_c.so[0m
[100%] [32m[1mLinking C shared module rosidl_generator_py/agrobot_interfaces/agrobot_interfaces_s__rosidl_typesupport_fastrtps_c.so[0m
[100%] Built target agrobot_interfaces_s__rosidl_typesupport_c
[100%] Built target agrobot_interfaces_s__rosidl_typesupport_introspection_c
[100%] Built target agrobot_interfaces_s__rosidl_typesupport_fastrtps_c
-- Install configuration: ""
-- Installing: /home/agrobot/ros2_ws/install/agrobot_interfaces/share/ament_index/resource_index/rosidl_interfaces/agrobot_interfaces
-- Installing: /home/agrobot/ros2_ws/install/agrobot_interfaces/share/agrobot_interfaces/srv/MoveServo.json
-- Installing: /home/agrobot/ros2_ws/install/agrobot_interfaces/include/agrobot_interfaces/agrobot_interfaces
-- Installing: /home/agrobot/ros2_ws/install/agrobot_interfaces/include/agrobot_interfaces/agrobot_interfaces/msg
-- Installing: /home/agrobot/ros2_ws/install/agrobot_interfaces/include/agrobot_interfaces/agrobot_interfaces/msg/rosidl_generator_c__visibility_control.h
-- Installing: /home/agrobot/ros2_ws/install/agrobot_interfaces/include/agrobot_interfaces/agrobot_interfaces/srv
-- Installing: /home/agrobot/ros2_ws/install/agrobot_interfaces/include/agrobot_interfaces/agrobot_interfaces/srv/detail
-- Installing: /home/agrobot/ros2_ws/install/agrobot_interfaces/include/agrobot_interfaces/agrobot_interfaces/srv/detail/move_servo__struct.h
-- Installing: /home/agrobot/ros2_ws/install/agrobot_interfaces/include/agrobot_interfaces/agrobot_interfaces/srv/detail/move_servo__functions.h
-- Installing: /home/agrobot/ros2_ws/install/agrobot_interfaces/include/agrobot_interfaces/agrobot_interfaces/srv/detail/move_servo__type_support.h
-- Installing: /home/agrobot/ros2_ws/install/agrobot_interfaces/include/agrobot_interfaces/agrobot_interfaces/srv/detail/move_servo__description.c
-- Installing: /home/agrobot/ros2_ws/install/agrobot_interfaces/include/agrobot_interfaces/agrobot_interfaces/srv/detail/move_servo__functions.c
-- Installing: /home/agrobot/ros2_ws/install/agrobot_interfaces/include/agrobot_interfaces/agrobot_interfaces/srv/detail/move_servo__type_support.c
-- Installing: /home/agrobot/ros2_ws/install/agrobot_interfaces/include/agrobot_interfaces/agrobot_interfaces/srv/move_servo.h
-- Installing: /home/agrobot/ros2_ws/install/agrobot_interfaces/share/agrobot_interfaces/environment/library_path.sh
-- Installing: /home/agrobot/ros2_ws/install/agrobot_interfaces/share/agrobot_interfaces/environment/library_path.dsv
-- Installing: /home/agrobot/ros2_ws/install/agrobot_interfaces/lib/libagrobot_interfaces__rosidl_generator_c.so
-- Set non-toolchain portion of runtime path of "/home/agrobot/ros2_ws/install/agrobot_interfaces/lib/libagrobot_interfaces__rosidl_generator_c.so" to ""
-- Up-to-date: /home/agrobot/ros2_ws/install/agrobot_interfaces/include/agrobot_interfaces/agrobot_interfaces
-- Up-to-date: /home/agrobot/ros2_ws/install/agrobot_interfaces/include/agrobot_interfaces/agrobot_interfaces/msg
-- Installing: /home/agrobot/ros2_ws/install/agrobot_interfaces/include/agrobot_interfaces/agrobot_interfaces/msg/rosidl_typesupport_fastrtps_c__visibility_control.h
-- Up-to-date: /home/agrobot/ros2_ws/install/agrobot_interfaces/include/agrobot_interfaces/agrobot_interfaces/srv
-- Up-to-date: /home/agrobot/ros2_ws/install/agrobot_interfaces/include/agrobot_interfaces/agrobot_interfaces/srv/detail
-- Installing: /home/agrobot/ros2_ws/install/agrobot_interfaces/include/agrobot_interfaces/agrobot_interfaces/srv/detail/move_servo__rosidl_typesupport_fastrtps_c.h
-- Installing: /home/agrobot/ros2_ws/install/agrobot_interfaces/lib/libagrobot_interfaces__rosidl_typesupport_fastrtps_c.so
-- Set non-toolchain portion of runtime path of "/home/agrobot/ros2_ws/install/agrobot_interfaces/lib/libagrobot_interfaces__rosidl_typesupport_fastrtps_c.so" to ""
-- Up-to-date: /home/agrobot/ros2_ws/install/agrobot_interfaces/include/agrobot_interfaces/agrobot_interfaces
-- Up-to-date: /home/agrobot/ros2_ws/install/agrobot_interfaces/include/agrobot_interfaces/agrobot_interfaces/msg
-- Installing: /home/agrobot/ros2_ws/install/agrobot_interfaces/include/agrobot_interfaces/agrobot_interfaces/msg/rosidl_typesupport_introspection_c__visibility_control.h
-- Up-to-date: /home/agrobot/ros2_ws/install/agrobot_interfaces/include/agrobot_interfaces/agrobot_interfaces/srv
-- Up-to-date: /home/agrobot/ros2_ws/install/agrobot_interfaces/include/agrobot_interfaces/agrobot_interfaces/srv/detail
-- Installing: /home/agrobot/ros2_ws/install/agrobot_interfaces/include/agrobot_interfaces/agrobot_interfaces/srv/detail/move_servo__rosidl_typesupport_introspection_c.h
-- Installing: /home/agrobot/ros2_ws/install/agrobot_interfaces/include/agrobot_interfaces/agrobot_interfaces/srv/detail/move_servo__type_support.c
-- Installing: /home/agrobot/ros2_ws/install/agrobot_interfaces/lib/libagrobot_interfaces__rosidl_typesupport_introspection_c.so
-- Set non-toolchain portion of runtime path of "/home/agrobot/ros2_ws/install/agrobot_interfaces/lib/libagrobot_interfaces__rosidl_typesupport_introspection_c.so" to ""
-- Installing: /home/agrobot/ros2_ws/install/agrobot_interfaces/lib/libagrobot_interfaces__rosidl_typesupport_c.so
-- Set non-toolchain portion of runtime path of "/home/agrobot/ros2_ws/install/agrobot_interfaces/lib/libagrobot_interfaces__rosidl_typesupport_c.so" to ""
-- Up-to-date: /home/agrobot/ros2_ws/install/agrobot_interfaces/include/agrobot_interfaces/agrobot_interfaces
-- Up-to-date: /home/agrobot/ros2_ws/install/agrobot_interfaces/include/agrobot_interfaces/agrobot_interfaces/msg
-- Installing: /home/agrobot/ros2_ws/install/agrobot_interfaces/include/agrobot_interfaces/agrobot_interfaces/msg/rosidl_generator_cpp__visibility_control.hpp
-- Up-to-date: /home/agrobot/ros2_ws/install/agrobot_interfaces/include/agrobot_interfaces/agrobot_interfaces/srv
-- Up-to-date: /home/agrobot/ros2_ws/install/agrobot_interfaces/include/agrobot_interfaces/agrobot_interfaces/srv/detail
-- Installing: /home/agrobot/ros2_ws/install/agrobot_interfaces/include/agrobot_interfaces/agrobot_interfaces/srv/detail/move_servo__builder.hpp
-- Installing: /home/agrobot/ros2_ws/install/agrobot_interfaces/include/agrobot_interfaces/agrobot_interfaces/srv/detail/move_servo__struct.hpp
-- Installing: /home/agrobot/ros2_ws/install/agrobot_interfaces/include/agrobot_interfaces/agrobot_interfaces/srv/detail/move_servo__traits.hpp
-- Installing: /home/agrobot/ros2_ws/install/agrobot_interfaces/include/agrobot_interfaces/agrobot_interfaces/srv/detail/move_servo__type_support.hpp
-- Installing: /home/agrobot/ros2_ws/install/agrobot_interfaces/include/agrobot_interfaces/agrobot_interfaces/srv/move_servo.hpp
-- Up-to-date: /home/agrobot/ros2_ws/install/agrobot_interfaces/include/agrobot_interfaces/agrobot_interfaces
-- Up-to-date: /home/agrobot/ros2_ws/install/agrobot_interfaces/include/agrobot_interfaces/agrobot_interfaces/msg
-- Installing: /home/agrobot/ros2_ws/install/agrobot_interfaces/include/agrobot_interfaces/agrobot_interfaces/msg/rosidl_typesupport_fastrtps_cpp__visibility_control.h
-- Up-to-date: /home/agrobot/ros2_ws/install/agrobot_interfaces/include/agrobot_interfaces/agrobot_interfaces/srv
-- Up-to-date: /home/agrobot/ros2_ws/install/agrobot_interfaces/include/agrobot_interfaces/agrobot_interfaces/srv/detail
-- Installing: /home/agrobot/ros2_ws/install/agrobot_interfaces/include/agrobot_interfaces/agrobot_interfaces/srv/detail/dds_fastrtps
-- Installing: /home/agrobot/ros2_ws/install/agrobot_interfaces/include/agrobot_interfaces/agrobot_interfaces/srv/detail/move_servo__rosidl_typesupport_fastrtps_cpp.hpp
-- Installing: /home/agrobot/ros2_ws/install/agrobot_interfaces/lib/libagrobot_interfaces__rosidl_typesupport_fastrtps_cpp.so
-- Set non-toolchain portion of runtime path of "/home/agrobot/ros2_ws/install/agrobot_interfaces/lib/libagrobot_interfaces__rosidl_typesupport_fastrtps_cpp.so" to ""
-- Up-to-date: /home/agrobot/ros2_ws/install/agrobot_interfaces/include/agrobot_interfaces/agrobot_interfaces
-- Up-to-date: /home/agrobot/ros2_ws/install/agrobot_interfaces/include/agrobot_interfaces/agrobot_interfaces/srv
-- Up-to-date: /home/agrobot/ros2_ws/install/agrobot_interfaces/include/agrobot_interfaces/agrobot_interfaces/srv/detail
-- Installing: /home/agrobot/ros2_ws/install/agrobot_interfaces/include/agrobot_interfaces/agrobot_interfaces/srv/detail/move_servo__type_support.cpp
-- Installing: /home/agrobot/ros2_ws/install/agrobot_interfaces/include/agrobot_interfaces/agrobot_interfaces/srv/detail/move_servo__rosidl_typesupport_introspection_cpp.hpp
-- Installing: /home/agrobot/ros2_ws/install/agrobot_interfaces/lib/libagrobot_interfaces__rosidl_typesupport_introspection_cpp.so
-- Set non-toolchain portion of runtime path of "/home/agrobot/ros2_ws/install/agrobot_interfaces/lib/libagrobot_interfaces__rosidl_typesupport_introspection_cpp.so" to ""
-- Installing: /home/agrobot/ros2_ws/install/agrobot_interfaces/lib/libagrobot_interfaces__rosidl_typesupport_cpp.so
-- Set non-toolchain portion of runtime path of "/home/agrobot/ros2_ws/install/agrobot_interfaces/lib/libagrobot_interfaces__rosidl_typesupport_cpp.so" to ""
-- Installing: /home/agrobot/ros2_ws/install/agrobot_interfaces/share/agrobot_interfaces/environment/pythonpath.sh
-- Installing: /home/agrobot/ros2_ws/install/agrobot_interfaces/share/agrobot_interfaces/environment/pythonpath.dsv
-- Installing: /home/agrobot/ros2_ws/install/agrobot_interfaces/lib/python3.12/site-packages/agrobot_interfaces-0.0.0-py3.12.egg-info
-- Installing: /home/agrobot/ros2_ws/install/agrobot_interfaces/lib/python3.12/site-packages/agrobot_interfaces-0.0.0-py3.12.egg-info/dependency_links.txt
-- Installing: /home/agrobot/ros2_ws/install/agrobot_interfaces/lib/python3.12/site-packages/agrobot_interfaces-0.0.0-py3.12.egg-info/SOURCES.txt
-- Installing: /home/agrobot/ros2_ws/install/agrobot_interfaces/lib/python3.12/site-packages/agrobot_interfaces-0.0.0-py3.12.egg-info/top_level.txt
-- Installing: /home/agrobot/ros2_ws/install/agrobot_interfaces/lib/python3.12/site-packages/agrobot_interfaces-0.0.0-py3.12.egg-info/PKG-INFO
-- Installing: /home/agrobot/ros2_ws/install/agrobot_interfaces/lib/python3.12/site-packages/agrobot_interfaces
-- Installing: /home/agrobot/ros2_ws/install/agrobot_interfaces/lib/python3.12/site-packages/agrobot_interfaces/agrobot_interfaces_s__rosidl_typesupport_c.so
-- Installing: /home/agrobot/ros2_ws/install/agrobot_interfaces/lib/python3.12/site-packages/agrobot_interfaces/srv
-- Installing: /home/agrobot/ros2_ws/install/agrobot_interfaces/lib/python3.12/site-packages/agrobot_interfaces/srv/_move_servo.py
-- Installing: /home/agrobot/ros2_ws/install/agrobot_interfaces/lib/python3.12/site-packages/agrobot_interfaces/srv/__init__.py
-- Installing: /home/agrobot/ros2_ws/install/agrobot_interfaces/lib/python3.12/site-packages/agrobot_interfaces/srv/_move_servo_s.c
-- Installing: /home/agrobot/ros2_ws/install/agrobot_interfaces/lib/python3.12/site-packages/agrobot_interfaces/_agrobot_interfaces_s.ep.rosidl_typesupport_introspection_c.c
-- Installing: /home/agrobot/ros2_ws/install/agrobot_interfaces/lib/python3.12/site-packages/agrobot_interfaces/__init__.py
-- Installing: /home/agrobot/ros2_ws/install/agrobot_interfaces/lib/python3.12/site-packages/agrobot_interfaces/agrobot_interfaces_s__rosidl_typesupport_fastrtps_c.so
-- Installing: /home/agrobot/ros2_ws/install/agrobot_interfaces/lib/python3.12/site-packages/agrobot_interfaces/_agrobot_interfaces_s.ep.rosidl_typesupport_fastrtps_c.c
-- Installing: /home/agrobot/ros2_ws/install/agrobot_interfaces/lib/python3.12/site-packages/agrobot_interfaces/agrobot_interfaces_s__rosidl_typesupport_introspection_c.so
-- Installing: /home/agrobot/ros2_ws/install/agrobot_interfaces/lib/python3.12/site-packages/agrobot_interfaces/_agrobot_interfaces_s.ep.rosidl_typesupport_c.c
Listing '/home/agrobot/ros2_ws/install/agrobot_interfaces/lib/python3.12/site-packages/agrobot_interfaces'...
Compiling '/home/agrobot/ros2_ws/install/agrobot_interfaces/lib/python3.12/site-packages/agrobot_interfaces/__init__.py'...
Listing '/home/agrobot/ros2_ws/install/agrobot_interfaces/lib/python3.12/site-packages/agrobot_interfaces/srv'...
Compiling '/home/agrobot/ros2_ws/install/agrobot_interfaces/lib/python3.12/site-packages/agrobot_interfaces/srv/__init__.py'...
Compiling '/home/agrobot/ros2_ws/install/agrobot_interfaces/lib/python3.12/site-packages/agrobot_interfaces/srv/_move_servo.py'...
-- Installing: /home/agrobot/ros2_ws/install/agrobot_interfaces/lib/python3.12/site-packages/agrobot_interfaces/agrobot_interfaces_s__rosidl_typesupport_fastrtps_c.so
-- Set non-toolchain portion of runtime path of "/home/agrobot/ros2_ws/install/agrobot_interfaces/lib/python3.12/site-packages/agrobot_interfaces/agrobot_interfaces_s__rosidl_typesupport_fastrtps_c.so" to ""
-- Installing: /home/agrobot/ros2_ws/install/agrobot_interfaces/lib/python3.12/site-packages/agrobot_interfaces/agrobot_interfaces_s__rosidl_typesupport_introspection_c.so
-- Set non-toolchain portion of runtime path of "/home/agrobot/ros2_ws/install/agrobot_interfaces/lib/python3.12/site-packages/agrobot_interfaces/agrobot_interfaces_s__rosidl_typesupport_introspection_c.so" to ""
-- Installing: /home/agrobot/ros2_ws/install/agrobot_interfaces/lib/python3.12/site-packages/agrobot_interfaces/agrobot_interfaces_s__rosidl_typesupport_c.so
-- Set non-toolchain portion of runtime path of "/home/agrobot/ros2_ws/install/agrobot_interfaces/lib/python3.12/site-packages/agrobot_interfaces/agrobot_interfaces_s__rosidl_typesupport_c.so" to ""
-- Installing: /home/agrobot/ros2_ws/install/agrobot_interfaces/lib/libagrobot_interfaces__rosidl_generator_py.so
-- Set non-toolchain portion of runtime path of "/home/agrobot/ros2_ws/install/agrobot_interfaces/lib/libagrobot_interfaces__rosidl_generator_py.so" to ""
-- Installing: /home/agrobot/ros2_ws/install/agrobot_interfaces/share/agrobot_interfaces/srv/MoveServo.idl
-- Installing: /home/agrobot/ros2_ws/install/agrobot_interfaces/share/agrobot_interfaces/srv/MoveServo.srv
-- Installing: /home/agrobot/ros2_ws/install/agrobot_interfaces/share/ament_index/resource_index/package_run_dependencies/agrobot_interfaces
-- Installing: /home/agrobot/ros2_ws/install/agrobot_interfaces/share/ament_index/resource_index/parent_prefix_path/agrobot_interfaces
-- Installing: /home/agrobot/ros2_ws/install/agrobot_interfaces/share/agrobot_interfaces/environment/ament_prefix_path.sh
-- Installing: /home/agrobot/ros2_ws/install/agrobot_interfaces/share/agrobot_interfaces/environment/ament_prefix_path.dsv
-- Installing: /home/agrobot/ros2_ws/install/agrobot_interfaces/share/agrobot_interfaces/environment/path.sh
-- Installing: /home/agrobot/ros2_ws/install/agrobot_interfaces/share/agrobot_interfaces/environment/path.dsv
-- Installing: /home/agrobot/ros2_ws/install/agrobot_interfaces/share/agrobot_interfaces/local_setup.bash
-- Installing: /home/agrobot/ros2_ws/install/agrobot_interfaces/share/agrobot_interfaces/local_setup.sh
-- Installing: /home/agrobot/ros2_ws/install/agrobot_interfaces/share/agrobot_interfaces/local_setup.zsh
-- Installing: /home/agrobot/ros2_ws/install/agrobot_interfaces/share/agrobot_interfaces/local_setup.dsv
-- Installing: /home/agrobot/ros2_ws/install/agrobot_interfaces/share/agrobot_interfaces/package.dsv
-- Installing: /home/agrobot/ros2_ws/install/agrobot_interfaces/share/ament_index/resource_index/packages/agrobot_interfaces
-- Installing: /home/agrobot/ros2_ws/install/agrobot_interfaces/share/agrobot_interfaces/cmake/export_agrobot_interfaces__rosidl_generator_cExport.cmake
-- Installing: /home/agrobot/ros2_ws/install/agrobot_interfaces/share/agrobot_interfaces/cmake/export_agrobot_interfaces__rosidl_generator_cExport-noconfig.cmake
-- Installing: /home/agrobot/ros2_ws/install/agrobot_interfaces/share/agrobot_interfaces/cmake/export_agrobot_interfaces__rosidl_typesupport_fastrtps_cExport.cmake
-- Installing: /home/agrobot/ros2_ws/install/agrobot_interfaces/share/agrobot_interfaces/cmake/export_agrobot_interfaces__rosidl_typesupport_fastrtps_cExport-noconfig.cmake
-- Installing: /home/agrobot/ros2_ws/install/agrobot_interfaces/share/agrobot_interfaces/cmake/agrobot_interfaces__rosidl_typesupport_introspection_cExport.cmake
-- Installing: /home/agrobot/ros2_ws/install/agrobot_interfaces/share/agrobot_interfaces/cmake/agrobot_interfaces__rosidl_typesupport_introspection_cExport-noconfig.cmake
-- Installing: /home/agrobot/ros2_ws/install/agrobot_interfaces/share/agrobot_interfaces/cmake/agrobot_interfaces__rosidl_typesupport_cExport.cmake
-- Installing: /home/agrobot/ros2_ws/install/agrobot_interfaces/share/agrobot_interfaces/cmake/agrobot_interfaces__rosidl_typesupport_cExport-noconfig.cmake
-- Installing: /home/agrobot/ros2_ws/install/agrobot_interfaces/share/agrobot_interfaces/cmake/export_agrobot_interfaces__rosidl_generator_cppExport.cmake
-- Installing: /home/agrobot/ros2_ws/install/agrobot_interfaces/share/agrobot_interfaces/cmake/export_agrobot_interfaces__rosidl_typesupport_fastrtps_cppExport.cmake
-- Installing: /home/agrobot/ros2_ws/install/agrobot_interfaces/share/agrobot_interfaces/cmake/export_agrobot_interfaces__rosidl_typesupport_fastrtps_cppExport-noconfig.cmake
-- Installing: /home/agrobot/ros2_ws/install/agrobot_interfaces/share/agrobot_interfaces/cmake/agrobot_interfaces__rosidl_typesupport_introspection_cppExport.cmake
-- Installing: /home/agrobot/ros2_ws/install/agrobot_interfaces/share/agrobot_interfaces/cmake/agrobot_interfaces__rosidl_typesupport_introspection_cppExport-noconfig.cmake
-- Installing: /home/agrobot/ros2_ws/install/agrobot_interfaces/share/agrobot_interfaces/cmake/agrobot_interfaces__rosidl_typesupport_cppExport.cmake
-- Installing: /home/agrobot/ros2_ws/install/agrobot_interfaces/share/agrobot_interfaces/cmake/agrobot_interfaces__rosidl_typesupport_cppExport-noconfig.cmake
-- Installing: /home/agrobot/ros2_ws/install/agrobot_interfaces/share/agrobot_interfaces/cmake/export_agrobot_interfaces__rosidl_generator_pyExport.cmake
-- Installing: /home/agrobot/ros2_ws/install/agrobot_interfaces/share/agrobot_interfaces/cmake/export_agrobot_interfaces__rosidl_generator_pyExport-noconfig.cmake
-- Installing: /home/agrobot/ros2_ws/install/agrobot_interfaces/share/agrobot_interfaces/cmake/rosidl_cmake-extras.cmake
-- Installing: /home/agrobot/ros2_ws/install/agrobot_interfaces/share/agrobot_interfaces/cmake/ament_cmake_export_dependencies-extras.cmake
-- Installing: /home/agrobot/ros2_ws/install/agrobot_interfaces/share/agrobot_interfaces/cmake/ament_cmake_export_include_directories-extras.cmake
-- Installing: /home/agrobot/ros2_ws/install/agrobot_interfaces/share/agrobot_interfaces/cmake/ament_cmake_export_libraries-extras.cmake
-- Installing: /home/agrobot/ros2_ws/install/agrobot_interfaces/share/agrobot_interfaces/cmake/ament_cmake_export_targets-extras.cmake
-- Installing: /home/agrobot/ros2_ws/install/agrobot_interfaces/share/agrobot_interfaces/cmake/rosidl_cmake_export_typesupport_targets-extras.cmake
-- Installing: /home/agrobot/ros2_ws/install/agrobot_interfaces/share/agrobot_interfaces/cmake/rosidl_cmake_export_typesupport_libraries-extras.cmake
-- Installing: /home/agrobot/ros2_ws/install/agrobot_interfaces/share/agrobot_interfaces/cmake/agrobot_interfacesConfig.cmake
-- Installing: /home/agrobot/ros2_ws/install/agrobot_interfaces/share/agrobot_interfaces/cmake/agrobot_interfacesConfig-version.cmake
-- Installing: /home/agrobot/ros2_ws/install/agrobot_interfaces/share/agrobot_interfaces/package.xml
