[0.015s] Invoking command in '/home/agrobot/ros2_ws/build/agrobot_interfaces': CMAKE_PREFIX_PATH=${CMAKE_PREFIX_PATH}:/home/agrobot/ros2_ws/install/py_pubsub:/opt/ros/kilted /usr/bin/cmake /home/agrobot/ros2_ws/src/agrobot_interfaces -DCMAKE_INSTALL_PREFIX=/home/agrobot/ros2_ws/install/agrobot_interfaces
[0.115s] -- The C compiler identification is GNU 13.3.0
[0.217s] -- The CXX compiler identification is GNU 13.3.0
[0.243s] -- Detecting C compiler ABI info
[0.396s] -- Detecting C compiler ABI info - done
[0.412s] -- Check for working C compiler: /usr/bin/cc - skipped
[0.412s] -- Detecting C compile features
[0.413s] -- Detecting C compile features - done
[0.427s] -- Detecting CXX compiler ABI info
[0.594s] -- Detecting CXX compiler ABI info - done
[0.609s] -- Check for working CXX compiler: /usr/bin/c++ - skipped
[0.610s] -- Detecting CXX compile features
[0.611s] -- Detecting CXX compile features - done
[0.613s] -- Found ament_cmake: 2.7.4 (/opt/ros/kilted/share/ament_cmake/cmake)
[0.825s] -- Found Python3: /usr/bin/python3 (found version "3.12.3") found components: Interpreter 
[0.977s] -- Found rosidl_default_generators: 1.7.1 (/opt/ros/kilted/share/rosidl_default_generators/cmake)
[0.984s] -- Using all available rosidl_typesupport_c: rosidl_typesupport_fastrtps_c;rosidl_typesupport_introspection_c
[1.035s] -- Using all available rosidl_typesupport_cpp: rosidl_typesupport_fastrtps_cpp;rosidl_typesupport_introspection_cpp
[1.087s] -- Found rosidl_adapter: 4.9.6 (/opt/ros/kilted/share/rosidl_adapter/cmake)
[2.024s] -- Found ament_cmake_ros_core: 0.14.7 (/opt/ros/kilted/share/ament_cmake_ros_core/cmake)
[2.650s] -- Using all available rosidl_typesupport_c: rosidl_typesupport_fastrtps_c;rosidl_typesupport_introspection_c
[3.492s] -- Using all available rosidl_typesupport_cpp: rosidl_typesupport_fastrtps_cpp;rosidl_typesupport_introspection_cpp
[4.203s] -- Found Python3: /usr/bin/python3 (found version "3.12.3") found components: Interpreter Development NumPy Development.Module Development.Embed 
[4.253s] -- Found ament_lint_auto: 0.19.2 (/opt/ros/kilted/share/ament_lint_auto/cmake)
[4.275s] -- Added test 'lint_cmake' to check CMake code style
[4.276s] -- Added test 'xmllint' to check XML markup files
[4.280s] -- Configuring done (4.3s)
[4.326s] -- Generating done (0.0s)
[4.342s] -- Build files have been written to: /home/agrobot/ros2_ws/build/agrobot_interfaces
[4.356s] Invoked command in '/home/agrobot/ros2_ws/build/agrobot_interfaces' returned '0': CMAKE_PREFIX_PATH=${CMAKE_PREFIX_PATH}:/home/agrobot/ros2_ws/install/py_pubsub:/opt/ros/kilted /usr/bin/cmake /home/agrobot/ros2_ws/src/agrobot_interfaces -DCMAKE_INSTALL_PREFIX=/home/agrobot/ros2_ws/install/agrobot_interfaces
[4.358s] Invoking command in '/home/agrobot/ros2_ws/build/agrobot_interfaces': CMAKE_PREFIX_PATH=${CMAKE_PREFIX_PATH}:/home/agrobot/ros2_ws/install/py_pubsub:/opt/ros/kilted /usr/bin/cmake --build /home/agrobot/ros2_ws/build/agrobot_interfaces -- -j4 -l4
[4.438s] [  2%] [34m[1mGenerating type hashes for ROS interfaces[0m
[4.454s] [  2%] Built target ament_cmake_python_copy_agrobot_interfaces
[4.751s] running egg_info
[4.752s] creating agrobot_interfaces.egg-info
[4.766s] [  2%] Built target agrobot_interfaces__rosidl_generator_type_description
[4.776s] writing agrobot_interfaces.egg-info/PKG-INFO
[4.777s] writing dependency_links to agrobot_interfaces.egg-info/dependency_links.txt
[4.777s] writing top-level names to agrobot_interfaces.egg-info/top_level.txt
[4.778s] writing manifest file 'agrobot_interfaces.egg-info/SOURCES.txt'
[4.802s] [  5%] [34m[1mGenerating C code for ROS interfaces[0m
[4.811s] [  8%] [34m[1mGenerating C++ code for ROS interfaces[0m
[4.854s] reading manifest file 'agrobot_interfaces.egg-info/SOURCES.txt'
[4.857s] writing manifest file 'agrobot_interfaces.egg-info/SOURCES.txt'
[5.003s] [  8%] Built target ament_cmake_python_build_agrobot_interfaces_egg
[5.365s] [  8%] Built target agrobot_interfaces__cpp
[5.385s] [ 17%] [32mBuilding C object CMakeFiles/agrobot_interfaces__rosidl_generator_c.dir/rosidl_generator_c/agrobot_interfaces/srv/detail/move_servo__description.c.o[0m
[5.386s] [ 17%] [32mBuilding C object CMakeFiles/agrobot_interfaces__rosidl_generator_c.dir/rosidl_generator_c/agrobot_interfaces/srv/detail/move_servo__type_support.c.o[0m
[5.386s] [ 17%] [32mBuilding C object CMakeFiles/agrobot_interfaces__rosidl_generator_c.dir/rosidl_generator_c/agrobot_interfaces/srv/detail/move_servo__functions.c.o[0m
[5.521s] [ 20%] [32m[1mLinking C shared library libagrobot_interfaces__rosidl_generator_c.so[0m
[5.587s] [ 20%] Built target agrobot_interfaces__rosidl_generator_c
[5.612s] [ 32%] [34m[1mGenerating C type support for eProsima Fast-RTPS[0m
[5.612s] [ 32%] [34m[1mGenerating C introspection for ROS interfaces[0m
[5.612s] [ 32%] [34m[1mGenerating C type support dispatch for ROS interfaces[0m
[5.612s] [ 32%] [34m[1mGenerating C++ type support dispatch for ROS interfaces[0m
[6.253s] [ 35%] [32mBuilding CXX object CMakeFiles/agrobot_interfaces__rosidl_typesupport_c.dir/rosidl_typesupport_c/agrobot_interfaces/srv/move_servo__type_support.cpp.o[0m
[6.256s] [ 38%] [32mBuilding CXX object CMakeFiles/agrobot_interfaces__rosidl_typesupport_cpp.dir/rosidl_typesupport_cpp/agrobot_interfaces/srv/move_servo__type_support.cpp.o[0m
[6.326s] [ 41%] [32mBuilding C object CMakeFiles/agrobot_interfaces__rosidl_typesupport_introspection_c.dir/rosidl_typesupport_introspection_c/agrobot_interfaces/srv/detail/move_servo__type_support.c.o[0m
[6.396s] [ 44%] [32m[1mLinking CXX shared library libagrobot_interfaces__rosidl_typesupport_c.so[0m
[6.442s] [ 47%] [32mBuilding CXX object CMakeFiles/agrobot_interfaces__rosidl_typesupport_fastrtps_c.dir/rosidl_typesupport_fastrtps_c/agrobot_interfaces/srv/detail/move_servo__type_support_c.cpp.o[0m
[6.465s] [ 50%] [32m[1mLinking C shared library libagrobot_interfaces__rosidl_typesupport_introspection_c.so[0m
[6.509s] [ 50%] Built target agrobot_interfaces__rosidl_typesupport_c
[6.539s] [ 52%] [34m[1mGenerating C++ type support for eProsima Fast-RTPS[0m
[6.550s] [ 52%] Built target agrobot_interfaces__rosidl_typesupport_introspection_c
[6.581s] [ 55%] [34m[1mGenerating C++ introspection for ROS interfaces[0m
[7.345s] [ 58%] [32mBuilding CXX object CMakeFiles/agrobot_interfaces__rosidl_typesupport_introspection_cpp.dir/rosidl_typesupport_introspection_cpp/agrobot_interfaces/srv/detail/move_servo__type_support.cpp.o[0m
[7.394s] [ 61%] [32mBuilding CXX object CMakeFiles/agrobot_interfaces__rosidl_typesupport_fastrtps_cpp.dir/rosidl_typesupport_fastrtps_cpp/agrobot_interfaces/srv/detail/dds_fastrtps/move_servo__type_support.cpp.o[0m
[7.560s] [ 64%] [32m[1mLinking CXX shared library libagrobot_interfaces__rosidl_typesupport_cpp.so[0m
[7.868s] [ 64%] Built target agrobot_interfaces__rosidl_typesupport_cpp
[7.971s] [ 67%] [32m[1mLinking CXX shared library libagrobot_interfaces__rosidl_typesupport_fastrtps_c.so[0m
[8.208s] [ 67%] Built target agrobot_interfaces__rosidl_typesupport_fastrtps_c
[8.421s] [ 70%] [32m[1mLinking CXX shared library libagrobot_interfaces__rosidl_typesupport_introspection_cpp.so[0m
[8.606s] [ 70%] Built target agrobot_interfaces__rosidl_typesupport_introspection_cpp
[8.748s] [ 73%] [32m[1mLinking CXX shared library libagrobot_interfaces__rosidl_typesupport_fastrtps_cpp.so[0m
[8.913s] [ 73%] Built target agrobot_interfaces__rosidl_typesupport_fastrtps_cpp
[8.947s] [ 73%] Built target agrobot_interfaces
[8.980s] [ 76%] [34m[1mGenerating Python code for ROS interfaces[0m
[9.491s] [ 76%] Built target agrobot_interfaces__py
[9.525s] [ 79%] [32mBuilding C object CMakeFiles/agrobot_interfaces__rosidl_generator_py.dir/rosidl_generator_py/agrobot_interfaces/srv/_move_servo_s.c.o[0m
[9.749s] [ 82%] [32m[1mLinking C shared library libagrobot_interfaces__rosidl_generator_py.so[0m
[9.840s] [ 82%] Built target agrobot_interfaces__rosidl_generator_py
[9.882s] [ 91%] [32mBuilding C object CMakeFiles/agrobot_interfaces_s__rosidl_typesupport_introspection_c.dir/rosidl_generator_py/agrobot_interfaces/_agrobot_interfaces_s.ep.rosidl_typesupport_introspection_c.c.o[0m
[9.882s] [ 91%] [32mBuilding C object CMakeFiles/agrobot_interfaces_s__rosidl_typesupport_fastrtps_c.dir/rosidl_generator_py/agrobot_interfaces/_agrobot_interfaces_s.ep.rosidl_typesupport_fastrtps_c.c.o[0m
[9.882s] [ 91%] [32mBuilding C object CMakeFiles/agrobot_interfaces_s__rosidl_typesupport_c.dir/rosidl_generator_py/agrobot_interfaces/_agrobot_interfaces_s.ep.rosidl_typesupport_c.c.o[0m
[10.093s] [ 94%] [32m[1mLinking C shared module rosidl_generator_py/agrobot_interfaces/agrobot_interfaces_s__rosidl_typesupport_c.so[0m
[10.097s] [ 97%] [32m[1mLinking C shared module rosidl_generator_py/agrobot_interfaces/agrobot_interfaces_s__rosidl_typesupport_introspection_c.so[0m
[10.104s] [100%] [32m[1mLinking C shared module rosidl_generator_py/agrobot_interfaces/agrobot_interfaces_s__rosidl_typesupport_fastrtps_c.so[0m
[10.162s] [100%] Built target agrobot_interfaces_s__rosidl_typesupport_c
[10.165s] [100%] Built target agrobot_interfaces_s__rosidl_typesupport_introspection_c
[10.173s] [100%] Built target agrobot_interfaces_s__rosidl_typesupport_fastrtps_c
[10.193s] Invoked command in '/home/agrobot/ros2_ws/build/agrobot_interfaces' returned '0': CMAKE_PREFIX_PATH=${CMAKE_PREFIX_PATH}:/home/agrobot/ros2_ws/install/py_pubsub:/opt/ros/kilted /usr/bin/cmake --build /home/agrobot/ros2_ws/build/agrobot_interfaces -- -j4 -l4
[10.210s] Invoking command in '/home/agrobot/ros2_ws/build/agrobot_interfaces': CMAKE_PREFIX_PATH=${CMAKE_PREFIX_PATH}:/home/agrobot/ros2_ws/install/py_pubsub:/opt/ros/kilted /usr/bin/cmake --install /home/agrobot/ros2_ws/build/agrobot_interfaces
[10.224s] -- Install configuration: ""
[10.224s] -- Installing: /home/agrobot/ros2_ws/install/agrobot_interfaces/share/ament_index/resource_index/rosidl_interfaces/agrobot_interfaces
[10.224s] -- Installing: /home/agrobot/ros2_ws/install/agrobot_interfaces/share/agrobot_interfaces/srv/MoveServo.json
[10.225s] -- Installing: /home/agrobot/ros2_ws/install/agrobot_interfaces/include/agrobot_interfaces/agrobot_interfaces
[10.225s] -- Installing: /home/agrobot/ros2_ws/install/agrobot_interfaces/include/agrobot_interfaces/agrobot_interfaces/msg
[10.225s] -- Installing: /home/agrobot/ros2_ws/install/agrobot_interfaces/include/agrobot_interfaces/agrobot_interfaces/msg/rosidl_generator_c__visibility_control.h
[10.225s] -- Installing: /home/agrobot/ros2_ws/install/agrobot_interfaces/include/agrobot_interfaces/agrobot_interfaces/srv
[10.225s] -- Installing: /home/agrobot/ros2_ws/install/agrobot_interfaces/include/agrobot_interfaces/agrobot_interfaces/srv/detail
[10.225s] -- Installing: /home/agrobot/ros2_ws/install/agrobot_interfaces/include/agrobot_interfaces/agrobot_interfaces/srv/detail/move_servo__struct.h
[10.226s] -- Installing: /home/agrobot/ros2_ws/install/agrobot_interfaces/include/agrobot_interfaces/agrobot_interfaces/srv/detail/move_servo__functions.h
[10.226s] -- Installing: /home/agrobot/ros2_ws/install/agrobot_interfaces/include/agrobot_interfaces/agrobot_interfaces/srv/detail/move_servo__type_support.h
[10.226s] -- Installing: /home/agrobot/ros2_ws/install/agrobot_interfaces/include/agrobot_interfaces/agrobot_interfaces/srv/detail/move_servo__description.c
[10.226s] -- Installing: /home/agrobot/ros2_ws/install/agrobot_interfaces/include/agrobot_interfaces/agrobot_interfaces/srv/detail/move_servo__functions.c
[10.226s] -- Installing: /home/agrobot/ros2_ws/install/agrobot_interfaces/include/agrobot_interfaces/agrobot_interfaces/srv/detail/move_servo__type_support.c
[10.226s] -- Installing: /home/agrobot/ros2_ws/install/agrobot_interfaces/include/agrobot_interfaces/agrobot_interfaces/srv/move_servo.h
[10.227s] -- Installing: /home/agrobot/ros2_ws/install/agrobot_interfaces/share/agrobot_interfaces/environment/library_path.sh
[10.227s] -- Installing: /home/agrobot/ros2_ws/install/agrobot_interfaces/share/agrobot_interfaces/environment/library_path.dsv
[10.227s] -- Installing: /home/agrobot/ros2_ws/install/agrobot_interfaces/lib/libagrobot_interfaces__rosidl_generator_c.so
[10.228s] -- Set non-toolchain portion of runtime path of "/home/agrobot/ros2_ws/install/agrobot_interfaces/lib/libagrobot_interfaces__rosidl_generator_c.so" to ""
[10.228s] -- Up-to-date: /home/agrobot/ros2_ws/install/agrobot_interfaces/include/agrobot_interfaces/agrobot_interfaces
[10.228s] -- Up-to-date: /home/agrobot/ros2_ws/install/agrobot_interfaces/include/agrobot_interfaces/agrobot_interfaces/msg
[10.228s] -- Installing: /home/agrobot/ros2_ws/install/agrobot_interfaces/include/agrobot_interfaces/agrobot_interfaces/msg/rosidl_typesupport_fastrtps_c__visibility_control.h
[10.228s] -- Up-to-date: /home/agrobot/ros2_ws/install/agrobot_interfaces/include/agrobot_interfaces/agrobot_interfaces/srv
[10.228s] -- Up-to-date: /home/agrobot/ros2_ws/install/agrobot_interfaces/include/agrobot_interfaces/agrobot_interfaces/srv/detail
[10.228s] -- Installing: /home/agrobot/ros2_ws/install/agrobot_interfaces/include/agrobot_interfaces/agrobot_interfaces/srv/detail/move_servo__rosidl_typesupport_fastrtps_c.h
[10.228s] -- Installing: /home/agrobot/ros2_ws/install/agrobot_interfaces/lib/libagrobot_interfaces__rosidl_typesupport_fastrtps_c.so
[10.229s] -- Set non-toolchain portion of runtime path of "/home/agrobot/ros2_ws/install/agrobot_interfaces/lib/libagrobot_interfaces__rosidl_typesupport_fastrtps_c.so" to ""
[10.229s] -- Up-to-date: /home/agrobot/ros2_ws/install/agrobot_interfaces/include/agrobot_interfaces/agrobot_interfaces
[10.229s] -- Up-to-date: /home/agrobot/ros2_ws/install/agrobot_interfaces/include/agrobot_interfaces/agrobot_interfaces/msg
[10.229s] -- Installing: /home/agrobot/ros2_ws/install/agrobot_interfaces/include/agrobot_interfaces/agrobot_interfaces/msg/rosidl_typesupport_introspection_c__visibility_control.h
[10.229s] -- Up-to-date: /home/agrobot/ros2_ws/install/agrobot_interfaces/include/agrobot_interfaces/agrobot_interfaces/srv
[10.229s] -- Up-to-date: /home/agrobot/ros2_ws/install/agrobot_interfaces/include/agrobot_interfaces/agrobot_interfaces/srv/detail
[10.229s] -- Installing: /home/agrobot/ros2_ws/install/agrobot_interfaces/include/agrobot_interfaces/agrobot_interfaces/srv/detail/move_servo__rosidl_typesupport_introspection_c.h
[10.230s] -- Installing: /home/agrobot/ros2_ws/install/agrobot_interfaces/include/agrobot_interfaces/agrobot_interfaces/srv/detail/move_servo__type_support.c
[10.230s] -- Installing: /home/agrobot/ros2_ws/install/agrobot_interfaces/lib/libagrobot_interfaces__rosidl_typesupport_introspection_c.so
[10.230s] -- Set non-toolchain portion of runtime path of "/home/agrobot/ros2_ws/install/agrobot_interfaces/lib/libagrobot_interfaces__rosidl_typesupport_introspection_c.so" to ""
[10.230s] -- Installing: /home/agrobot/ros2_ws/install/agrobot_interfaces/lib/libagrobot_interfaces__rosidl_typesupport_c.so
[10.231s] -- Set non-toolchain portion of runtime path of "/home/agrobot/ros2_ws/install/agrobot_interfaces/lib/libagrobot_interfaces__rosidl_typesupport_c.so" to ""
[10.231s] -- Up-to-date: /home/agrobot/ros2_ws/install/agrobot_interfaces/include/agrobot_interfaces/agrobot_interfaces
[10.231s] -- Up-to-date: /home/agrobot/ros2_ws/install/agrobot_interfaces/include/agrobot_interfaces/agrobot_interfaces/msg
[10.231s] -- Installing: /home/agrobot/ros2_ws/install/agrobot_interfaces/include/agrobot_interfaces/agrobot_interfaces/msg/rosidl_generator_cpp__visibility_control.hpp
[10.231s] -- Up-to-date: /home/agrobot/ros2_ws/install/agrobot_interfaces/include/agrobot_interfaces/agrobot_interfaces/srv
[10.231s] -- Up-to-date: /home/agrobot/ros2_ws/install/agrobot_interfaces/include/agrobot_interfaces/agrobot_interfaces/srv/detail
[10.232s] -- Installing: /home/agrobot/ros2_ws/install/agrobot_interfaces/include/agrobot_interfaces/agrobot_interfaces/srv/detail/move_servo__builder.hpp
[10.232s] -- Installing: /home/agrobot/ros2_ws/install/agrobot_interfaces/include/agrobot_interfaces/agrobot_interfaces/srv/detail/move_servo__struct.hpp
[10.232s] -- Installing: /home/agrobot/ros2_ws/install/agrobot_interfaces/include/agrobot_interfaces/agrobot_interfaces/srv/detail/move_servo__traits.hpp
[10.232s] -- Installing: /home/agrobot/ros2_ws/install/agrobot_interfaces/include/agrobot_interfaces/agrobot_interfaces/srv/detail/move_servo__type_support.hpp
[10.232s] -- Installing: /home/agrobot/ros2_ws/install/agrobot_interfaces/include/agrobot_interfaces/agrobot_interfaces/srv/move_servo.hpp
[10.232s] -- Up-to-date: /home/agrobot/ros2_ws/install/agrobot_interfaces/include/agrobot_interfaces/agrobot_interfaces
[10.232s] -- Up-to-date: /home/agrobot/ros2_ws/install/agrobot_interfaces/include/agrobot_interfaces/agrobot_interfaces/msg
[10.232s] -- Installing: /home/agrobot/ros2_ws/install/agrobot_interfaces/include/agrobot_interfaces/agrobot_interfaces/msg/rosidl_typesupport_fastrtps_cpp__visibility_control.h
[10.232s] -- Up-to-date: /home/agrobot/ros2_ws/install/agrobot_interfaces/include/agrobot_interfaces/agrobot_interfaces/srv
[10.232s] -- Up-to-date: /home/agrobot/ros2_ws/install/agrobot_interfaces/include/agrobot_interfaces/agrobot_interfaces/srv/detail
[10.233s] -- Installing: /home/agrobot/ros2_ws/install/agrobot_interfaces/include/agrobot_interfaces/agrobot_interfaces/srv/detail/dds_fastrtps
[10.233s] -- Installing: /home/agrobot/ros2_ws/install/agrobot_interfaces/include/agrobot_interfaces/agrobot_interfaces/srv/detail/move_servo__rosidl_typesupport_fastrtps_cpp.hpp
[10.233s] -- Installing: /home/agrobot/ros2_ws/install/agrobot_interfaces/lib/libagrobot_interfaces__rosidl_typesupport_fastrtps_cpp.so
[10.233s] -- Set non-toolchain portion of runtime path of "/home/agrobot/ros2_ws/install/agrobot_interfaces/lib/libagrobot_interfaces__rosidl_typesupport_fastrtps_cpp.so" to ""
[10.234s] -- Up-to-date: /home/agrobot/ros2_ws/install/agrobot_interfaces/include/agrobot_interfaces/agrobot_interfaces
[10.234s] -- Up-to-date: /home/agrobot/ros2_ws/install/agrobot_interfaces/include/agrobot_interfaces/agrobot_interfaces/srv
[10.234s] -- Up-to-date: /home/agrobot/ros2_ws/install/agrobot_interfaces/include/agrobot_interfaces/agrobot_interfaces/srv/detail
[10.234s] -- Installing: /home/agrobot/ros2_ws/install/agrobot_interfaces/include/agrobot_interfaces/agrobot_interfaces/srv/detail/move_servo__type_support.cpp
[10.234s] -- Installing: /home/agrobot/ros2_ws/install/agrobot_interfaces/include/agrobot_interfaces/agrobot_interfaces/srv/detail/move_servo__rosidl_typesupport_introspection_cpp.hpp
[10.234s] -- Installing: /home/agrobot/ros2_ws/install/agrobot_interfaces/lib/libagrobot_interfaces__rosidl_typesupport_introspection_cpp.so
[10.235s] -- Set non-toolchain portion of runtime path of "/home/agrobot/ros2_ws/install/agrobot_interfaces/lib/libagrobot_interfaces__rosidl_typesupport_introspection_cpp.so" to ""
[10.235s] -- Installing: /home/agrobot/ros2_ws/install/agrobot_interfaces/lib/libagrobot_interfaces__rosidl_typesupport_cpp.so
[10.235s] -- Set non-toolchain portion of runtime path of "/home/agrobot/ros2_ws/install/agrobot_interfaces/lib/libagrobot_interfaces__rosidl_typesupport_cpp.so" to ""
[10.235s] -- Installing: /home/agrobot/ros2_ws/install/agrobot_interfaces/share/agrobot_interfaces/environment/pythonpath.sh
[10.236s] -- Installing: /home/agrobot/ros2_ws/install/agrobot_interfaces/share/agrobot_interfaces/environment/pythonpath.dsv
[10.236s] -- Installing: /home/agrobot/ros2_ws/install/agrobot_interfaces/lib/python3.12/site-packages/agrobot_interfaces-0.0.0-py3.12.egg-info
[10.236s] -- Installing: /home/agrobot/ros2_ws/install/agrobot_interfaces/lib/python3.12/site-packages/agrobot_interfaces-0.0.0-py3.12.egg-info/dependency_links.txt
[10.236s] -- Installing: /home/agrobot/ros2_ws/install/agrobot_interfaces/lib/python3.12/site-packages/agrobot_interfaces-0.0.0-py3.12.egg-info/SOURCES.txt
[10.236s] -- Installing: /home/agrobot/ros2_ws/install/agrobot_interfaces/lib/python3.12/site-packages/agrobot_interfaces-0.0.0-py3.12.egg-info/top_level.txt
[10.236s] -- Installing: /home/agrobot/ros2_ws/install/agrobot_interfaces/lib/python3.12/site-packages/agrobot_interfaces-0.0.0-py3.12.egg-info/PKG-INFO
[10.236s] -- Installing: /home/agrobot/ros2_ws/install/agrobot_interfaces/lib/python3.12/site-packages/agrobot_interfaces
[10.237s] -- Installing: /home/agrobot/ros2_ws/install/agrobot_interfaces/lib/python3.12/site-packages/agrobot_interfaces/agrobot_interfaces_s__rosidl_typesupport_c.so
[10.237s] -- Installing: /home/agrobot/ros2_ws/install/agrobot_interfaces/lib/python3.12/site-packages/agrobot_interfaces/srv
[10.237s] -- Installing: /home/agrobot/ros2_ws/install/agrobot_interfaces/lib/python3.12/site-packages/agrobot_interfaces/srv/_move_servo.py
[10.237s] -- Installing: /home/agrobot/ros2_ws/install/agrobot_interfaces/lib/python3.12/site-packages/agrobot_interfaces/srv/__init__.py
[10.237s] -- Installing: /home/agrobot/ros2_ws/install/agrobot_interfaces/lib/python3.12/site-packages/agrobot_interfaces/srv/_move_servo_s.c
[10.237s] -- Installing: /home/agrobot/ros2_ws/install/agrobot_interfaces/lib/python3.12/site-packages/agrobot_interfaces/_agrobot_interfaces_s.ep.rosidl_typesupport_introspection_c.c
[10.237s] -- Installing: /home/agrobot/ros2_ws/install/agrobot_interfaces/lib/python3.12/site-packages/agrobot_interfaces/__init__.py
[10.238s] -- Installing: /home/agrobot/ros2_ws/install/agrobot_interfaces/lib/python3.12/site-packages/agrobot_interfaces/agrobot_interfaces_s__rosidl_typesupport_fastrtps_c.so
[10.238s] -- Installing: /home/agrobot/ros2_ws/install/agrobot_interfaces/lib/python3.12/site-packages/agrobot_interfaces/_agrobot_interfaces_s.ep.rosidl_typesupport_fastrtps_c.c
[10.238s] -- Installing: /home/agrobot/ros2_ws/install/agrobot_interfaces/lib/python3.12/site-packages/agrobot_interfaces/agrobot_interfaces_s__rosidl_typesupport_introspection_c.so
[10.238s] -- Installing: /home/agrobot/ros2_ws/install/agrobot_interfaces/lib/python3.12/site-packages/agrobot_interfaces/_agrobot_interfaces_s.ep.rosidl_typesupport_c.c
[10.296s] Listing '/home/agrobot/ros2_ws/install/agrobot_interfaces/lib/python3.12/site-packages/agrobot_interfaces'...
[10.296s] Compiling '/home/agrobot/ros2_ws/install/agrobot_interfaces/lib/python3.12/site-packages/agrobot_interfaces/__init__.py'...
[10.297s] Listing '/home/agrobot/ros2_ws/install/agrobot_interfaces/lib/python3.12/site-packages/agrobot_interfaces/srv'...
[10.297s] Compiling '/home/agrobot/ros2_ws/install/agrobot_interfaces/lib/python3.12/site-packages/agrobot_interfaces/srv/__init__.py'...
[10.297s] Compiling '/home/agrobot/ros2_ws/install/agrobot_interfaces/lib/python3.12/site-packages/agrobot_interfaces/srv/_move_servo.py'...
[10.312s] -- Installing: /home/agrobot/ros2_ws/install/agrobot_interfaces/lib/python3.12/site-packages/agrobot_interfaces/agrobot_interfaces_s__rosidl_typesupport_fastrtps_c.so
[10.312s] -- Set non-toolchain portion of runtime path of "/home/agrobot/ros2_ws/install/agrobot_interfaces/lib/python3.12/site-packages/agrobot_interfaces/agrobot_interfaces_s__rosidl_typesupport_fastrtps_c.so" to ""
[10.312s] -- Installing: /home/agrobot/ros2_ws/install/agrobot_interfaces/lib/python3.12/site-packages/agrobot_interfaces/agrobot_interfaces_s__rosidl_typesupport_introspection_c.so
[10.313s] -- Set non-toolchain portion of runtime path of "/home/agrobot/ros2_ws/install/agrobot_interfaces/lib/python3.12/site-packages/agrobot_interfaces/agrobot_interfaces_s__rosidl_typesupport_introspection_c.so" to ""
[10.313s] -- Installing: /home/agrobot/ros2_ws/install/agrobot_interfaces/lib/python3.12/site-packages/agrobot_interfaces/agrobot_interfaces_s__rosidl_typesupport_c.so
[10.314s] -- Set non-toolchain portion of runtime path of "/home/agrobot/ros2_ws/install/agrobot_interfaces/lib/python3.12/site-packages/agrobot_interfaces/agrobot_interfaces_s__rosidl_typesupport_c.so" to ""
[10.314s] -- Installing: /home/agrobot/ros2_ws/install/agrobot_interfaces/lib/libagrobot_interfaces__rosidl_generator_py.so
[10.314s] -- Set non-toolchain portion of runtime path of "/home/agrobot/ros2_ws/install/agrobot_interfaces/lib/libagrobot_interfaces__rosidl_generator_py.so" to ""
[10.314s] -- Installing: /home/agrobot/ros2_ws/install/agrobot_interfaces/share/agrobot_interfaces/srv/MoveServo.idl
[10.314s] -- Installing: /home/agrobot/ros2_ws/install/agrobot_interfaces/share/agrobot_interfaces/srv/MoveServo.srv
[10.315s] -- Installing: /home/agrobot/ros2_ws/install/agrobot_interfaces/share/ament_index/resource_index/package_run_dependencies/agrobot_interfaces
[10.315s] -- Installing: /home/agrobot/ros2_ws/install/agrobot_interfaces/share/ament_index/resource_index/parent_prefix_path/agrobot_interfaces
[10.315s] -- Installing: /home/agrobot/ros2_ws/install/agrobot_interfaces/share/agrobot_interfaces/environment/ament_prefix_path.sh
[10.315s] -- Installing: /home/agrobot/ros2_ws/install/agrobot_interfaces/share/agrobot_interfaces/environment/ament_prefix_path.dsv
[10.315s] -- Installing: /home/agrobot/ros2_ws/install/agrobot_interfaces/share/agrobot_interfaces/environment/path.sh
[10.316s] -- Installing: /home/agrobot/ros2_ws/install/agrobot_interfaces/share/agrobot_interfaces/environment/path.dsv
[10.316s] -- Installing: /home/agrobot/ros2_ws/install/agrobot_interfaces/share/agrobot_interfaces/local_setup.bash
[10.316s] -- Installing: /home/agrobot/ros2_ws/install/agrobot_interfaces/share/agrobot_interfaces/local_setup.sh
[10.316s] -- Installing: /home/agrobot/ros2_ws/install/agrobot_interfaces/share/agrobot_interfaces/local_setup.zsh
[10.316s] -- Installing: /home/agrobot/ros2_ws/install/agrobot_interfaces/share/agrobot_interfaces/local_setup.dsv
[10.316s] -- Installing: /home/agrobot/ros2_ws/install/agrobot_interfaces/share/agrobot_interfaces/package.dsv
[10.317s] -- Installing: /home/agrobot/ros2_ws/install/agrobot_interfaces/share/ament_index/resource_index/packages/agrobot_interfaces
[10.317s] -- Installing: /home/agrobot/ros2_ws/install/agrobot_interfaces/share/agrobot_interfaces/cmake/export_agrobot_interfaces__rosidl_generator_cExport.cmake
[10.317s] -- Installing: /home/agrobot/ros2_ws/install/agrobot_interfaces/share/agrobot_interfaces/cmake/export_agrobot_interfaces__rosidl_generator_cExport-noconfig.cmake
[10.317s] -- Installing: /home/agrobot/ros2_ws/install/agrobot_interfaces/share/agrobot_interfaces/cmake/export_agrobot_interfaces__rosidl_typesupport_fastrtps_cExport.cmake
[10.318s] -- Installing: /home/agrobot/ros2_ws/install/agrobot_interfaces/share/agrobot_interfaces/cmake/export_agrobot_interfaces__rosidl_typesupport_fastrtps_cExport-noconfig.cmake
[10.318s] -- Installing: /home/agrobot/ros2_ws/install/agrobot_interfaces/share/agrobot_interfaces/cmake/agrobot_interfaces__rosidl_typesupport_introspection_cExport.cmake
[10.318s] -- Installing: /home/agrobot/ros2_ws/install/agrobot_interfaces/share/agrobot_interfaces/cmake/agrobot_interfaces__rosidl_typesupport_introspection_cExport-noconfig.cmake
[10.318s] -- Installing: /home/agrobot/ros2_ws/install/agrobot_interfaces/share/agrobot_interfaces/cmake/agrobot_interfaces__rosidl_typesupport_cExport.cmake
[10.318s] -- Installing: /home/agrobot/ros2_ws/install/agrobot_interfaces/share/agrobot_interfaces/cmake/agrobot_interfaces__rosidl_typesupport_cExport-noconfig.cmake
[10.319s] -- Installing: /home/agrobot/ros2_ws/install/agrobot_interfaces/share/agrobot_interfaces/cmake/export_agrobot_interfaces__rosidl_generator_cppExport.cmake
[10.319s] -- Installing: /home/agrobot/ros2_ws/install/agrobot_interfaces/share/agrobot_interfaces/cmake/export_agrobot_interfaces__rosidl_typesupport_fastrtps_cppExport.cmake
[10.319s] -- Installing: /home/agrobot/ros2_ws/install/agrobot_interfaces/share/agrobot_interfaces/cmake/export_agrobot_interfaces__rosidl_typesupport_fastrtps_cppExport-noconfig.cmake
[10.319s] -- Installing: /home/agrobot/ros2_ws/install/agrobot_interfaces/share/agrobot_interfaces/cmake/agrobot_interfaces__rosidl_typesupport_introspection_cppExport.cmake
[10.320s] -- Installing: /home/agrobot/ros2_ws/install/agrobot_interfaces/share/agrobot_interfaces/cmake/agrobot_interfaces__rosidl_typesupport_introspection_cppExport-noconfig.cmake
[10.320s] -- Installing: /home/agrobot/ros2_ws/install/agrobot_interfaces/share/agrobot_interfaces/cmake/agrobot_interfaces__rosidl_typesupport_cppExport.cmake
[10.320s] -- Installing: /home/agrobot/ros2_ws/install/agrobot_interfaces/share/agrobot_interfaces/cmake/agrobot_interfaces__rosidl_typesupport_cppExport-noconfig.cmake
[10.320s] -- Installing: /home/agrobot/ros2_ws/install/agrobot_interfaces/share/agrobot_interfaces/cmake/export_agrobot_interfaces__rosidl_generator_pyExport.cmake
[10.320s] -- Installing: /home/agrobot/ros2_ws/install/agrobot_interfaces/share/agrobot_interfaces/cmake/export_agrobot_interfaces__rosidl_generator_pyExport-noconfig.cmake
[10.321s] -- Installing: /home/agrobot/ros2_ws/install/agrobot_interfaces/share/agrobot_interfaces/cmake/rosidl_cmake-extras.cmake
[10.321s] -- Installing: /home/agrobot/ros2_ws/install/agrobot_interfaces/share/agrobot_interfaces/cmake/ament_cmake_export_dependencies-extras.cmake
[10.321s] -- Installing: /home/agrobot/ros2_ws/install/agrobot_interfaces/share/agrobot_interfaces/cmake/ament_cmake_export_include_directories-extras.cmake
[10.321s] -- Installing: /home/agrobot/ros2_ws/install/agrobot_interfaces/share/agrobot_interfaces/cmake/ament_cmake_export_libraries-extras.cmake
[10.321s] -- Installing: /home/agrobot/ros2_ws/install/agrobot_interfaces/share/agrobot_interfaces/cmake/ament_cmake_export_targets-extras.cmake
[10.321s] -- Installing: /home/agrobot/ros2_ws/install/agrobot_interfaces/share/agrobot_interfaces/cmake/rosidl_cmake_export_typesupport_targets-extras.cmake
[10.322s] -- Installing: /home/agrobot/ros2_ws/install/agrobot_interfaces/share/agrobot_interfaces/cmake/rosidl_cmake_export_typesupport_libraries-extras.cmake
[10.322s] -- Installing: /home/agrobot/ros2_ws/install/agrobot_interfaces/share/agrobot_interfaces/cmake/agrobot_interfacesConfig.cmake
[10.322s] -- Installing: /home/agrobot/ros2_ws/install/agrobot_interfaces/share/agrobot_interfaces/cmake/agrobot_interfacesConfig-version.cmake
[10.322s] -- Installing: /home/agrobot/ros2_ws/install/agrobot_interfaces/share/agrobot_interfaces/package.xml
[10.327s] Invoked command in '/home/agrobot/ros2_ws/build/agrobot_interfaces' returned '0': CMAKE_PREFIX_PATH=${CMAKE_PREFIX_PATH}:/home/agrobot/ros2_ws/install/py_pubsub:/opt/ros/kilted /usr/bin/cmake --install /home/agrobot/ros2_ws/build/agrobot_interfaces
