running egg_info
writing ../../build/agrobot_nav/agrobot_nav.egg-info/PKG-INFO
writing dependency_links to ../../build/agrobot_nav/agrobot_nav.egg-info/dependency_links.txt
writing entry points to ../../build/agrobot_nav/agrobot_nav.egg-info/entry_points.txt
writing requirements to ../../build/agrobot_nav/agrobot_nav.egg-info/requires.txt
writing top-level names to ../../build/agrobot_nav/agrobot_nav.egg-info/top_level.txt
reading manifest file '../../build/agrobot_nav/agrobot_nav.egg-info/SOURCES.txt'
adding license file 'LICENSE'
writing manifest file '../../build/agrobot_nav/agrobot_nav.egg-info/SOURCES.txt'
running build
running build_py
copying agrobot_nav/nav_state_machine.py -> /home/agrobot/ros2_ws/build/agrobot_nav/build/lib/agrobot_nav
copying agrobot_nav/subscriber_member_function.py -> /home/agrobot/ros2_ws/build/agrobot_nav/build/lib/agrobot_nav
running install
running install_lib
copying /home/agrobot/ros2_ws/build/agrobot_nav/build/lib/agrobot_nav/nav_state_machine.py -> /home/agrobot/ros2_ws/install/agrobot_nav/lib/python3.12/site-packages/agrobot_nav
copying /home/agrobot/ros2_ws/build/agrobot_nav/build/lib/agrobot_nav/subscriber_member_function.py -> /home/agrobot/ros2_ws/install/agrobot_nav/lib/python3.12/site-packages/agrobot_nav
byte-compiling /home/agrobot/ros2_ws/install/agrobot_nav/lib/python3.12/site-packages/agrobot_nav/nav_state_machine.py to nav_state_machine.cpython-312.pyc
byte-compiling /home/agrobot/ros2_ws/install/agrobot_nav/lib/python3.12/site-packages/agrobot_nav/subscriber_member_function.py to subscriber_member_function.cpython-312.pyc
running install_data
running install_egg_info
removing '/home/agrobot/ros2_ws/install/agrobot_nav/lib/python3.12/site-packages/agrobot_nav-0.0.0-py3.12.egg-info' (and everything under it)
Copying ../../build/agrobot_nav/agrobot_nav.egg-info to /home/agrobot/ros2_ws/install/agrobot_nav/lib/python3.12/site-packages/agrobot_nav-0.0.0-py3.12.egg-info
running install_scripts
Installing camera script to /home/agrobot/ros2_ws/install/agrobot_nav/lib/agrobot_nav
Installing drive_control script to /home/agrobot/ros2_ws/install/agrobot_nav/lib/agrobot_nav
Installing input script to /home/agrobot/ros2_ws/install/agrobot_nav/lib/agrobot_nav
Installing mini_nav script to /home/agrobot/ros2_ws/install/agrobot_nav/lib/agrobot_nav
Installing nav script to /home/agrobot/ros2_ws/install/agrobot_nav/lib/agrobot_nav
Installing tof_sensor script to /home/agrobot/ros2_ws/install/agrobot_nav/lib/agrobot_nav
writing list of installed files to '/home/agrobot/ros2_ws/build/agrobot_nav/install.log'
