[1.065s] Invoking command in '/home/agrobot/ros2_ws/src/agrobot_actuation': CMAKE_PREFIX_PATH=/home/agrobot/ros2_ws/install/agrobot_interfaces:/home/agrobot/ros2_ws/install/tutorial_interfaces LD_LIBRARY_PATH=/home/agrobot/ros2_ws/install/agrobot_interfaces/lib:/home/agrobot/ros2_ws/install/tutorial_interfaces/lib:/opt/ros/kilted/lib/aarch64-linux-gnu:/opt/ros/kilted/lib PYTHONPATH=/home/agrobot/ros2_ws/build/agrobot_actuation/prefix_override:/usr/lib/python3/dist-packages/colcon_core/task/python/colcon_distutils_commands:/home/agrobot/ros2_ws/install/agrobot_actuation/lib/python3.12/site-packages:/home/agrobot/ros2_ws/install/agrobot_interfaces/lib/python3.12/site-packages:/home/agrobot/ros2_ws/install/py_pubsub/lib/python3.12/site-packages:/home/agrobot/ros2_ws/install/tutorial_interfaces/lib/python3.12/site-packages:/home/agrobot/ros2_ws/install/agrobot_actuation/lib/python3.12/site-packages:/opt/ros/kilted/lib/python3.12/site-packages /usr/bin/python3 -W ignore:setup.py install is deprecated -W ignore:easy_install command is deprecated setup.py egg_info --egg-base ../../build/agrobot_actuation build --build-base /home/agrobot/ros2_ws/build/agrobot_actuation/build install --record /home/agrobot/ros2_ws/build/agrobot_actuation/install.log --single-version-externally-managed install_data
[1.377s] running egg_info
[1.397s] writing ../../build/agrobot_actuation/agrobot_actuation.egg-info/PKG-INFO
[1.397s] writing dependency_links to ../../build/agrobot_actuation/agrobot_actuation.egg-info/dependency_links.txt
[1.398s] writing entry points to ../../build/agrobot_actuation/agrobot_actuation.egg-info/entry_points.txt
[1.399s] writing requirements to ../../build/agrobot_actuation/agrobot_actuation.egg-info/requires.txt
[1.399s] writing top-level names to ../../build/agrobot_actuation/agrobot_actuation.egg-info/top_level.txt
[1.441s] reading manifest file '../../build/agrobot_actuation/agrobot_actuation.egg-info/SOURCES.txt'
[1.441s] adding license file 'LICENSE'
[1.442s] writing manifest file '../../build/agrobot_actuation/agrobot_actuation.egg-info/SOURCES.txt'
[1.442s] running build
[1.442s] running build_py
[1.442s] copying agrobot_actuation/button_client.py -> /home/agrobot/ros2_ws/build/agrobot_actuation/build/lib/agrobot_actuation
[1.443s] running install
[1.452s] running install_lib
[1.472s] copying /home/agrobot/ros2_ws/build/agrobot_actuation/build/lib/agrobot_actuation/button_client.py -> /home/agrobot/ros2_ws/install/agrobot_actuation/lib/python3.12/site-packages/agrobot_actuation
[1.473s] byte-compiling /home/agrobot/ros2_ws/install/agrobot_actuation/lib/python3.12/site-packages/agrobot_actuation/button_client.py to button_client.cpython-312.pyc
[1.475s] running install_data
[1.475s] running install_egg_info
[1.497s] removing '/home/agrobot/ros2_ws/install/agrobot_actuation/lib/python3.12/site-packages/agrobot_actuation-0.0.0-py3.12.egg-info' (and everything under it)
[1.497s] Copying ../../build/agrobot_actuation/agrobot_actuation.egg-info to /home/agrobot/ros2_ws/install/agrobot_actuation/lib/python3.12/site-packages/agrobot_actuation-0.0.0-py3.12.egg-info
[1.498s] running install_scripts
[1.642s] Installing button_client script to /home/agrobot/ros2_ws/install/agrobot_actuation/lib/agrobot_actuation
[1.642s] Installing remove script to /home/agrobot/ros2_ws/install/agrobot_actuation/lib/agrobot_actuation
[1.643s] Installing seed script to /home/agrobot/ros2_ws/install/agrobot_actuation/lib/agrobot_actuation
[1.644s] writing list of installed files to '/home/agrobot/ros2_ws/build/agrobot_actuation/install.log'
[1.734s] Invoked command in '/home/agrobot/ros2_ws/src/agrobot_actuation' returned '0': CMAKE_PREFIX_PATH=/home/agrobot/ros2_ws/install/agrobot_interfaces:/home/agrobot/ros2_ws/install/tutorial_interfaces LD_LIBRARY_PATH=/home/agrobot/ros2_ws/install/agrobot_interfaces/lib:/home/agrobot/ros2_ws/install/tutorial_interfaces/lib:/opt/ros/kilted/lib/aarch64-linux-gnu:/opt/ros/kilted/lib PYTHONPATH=/home/agrobot/ros2_ws/build/agrobot_actuation/prefix_override:/usr/lib/python3/dist-packages/colcon_core/task/python/colcon_distutils_commands:/home/agrobot/ros2_ws/install/agrobot_actuation/lib/python3.12/site-packages:/home/agrobot/ros2_ws/install/agrobot_interfaces/lib/python3.12/site-packages:/home/agrobot/ros2_ws/install/py_pubsub/lib/python3.12/site-packages:/home/agrobot/ros2_ws/install/tutorial_interfaces/lib/python3.12/site-packages:/home/agrobot/ros2_ws/install/agrobot_actuation/lib/python3.12/site-packages:/opt/ros/kilted/lib/python3.12/site-packages /usr/bin/python3 -W ignore:setup.py install is deprecated -W ignore:easy_install command is deprecated setup.py egg_info --egg-base ../../build/agrobot_actuation build --build-base /home/agrobot/ros2_ws/build/agrobot_actuation/build install --record /home/agrobot/ros2_ws/build/agrobot_actuation/install.log --single-version-externally-managed install_data
