running egg_info
writing ../../build/agrobot_detect/agrobot_detect.egg-info/PKG-INFO
writing dependency_links to ../../build/agrobot_detect/agrobot_detect.egg-info/dependency_links.txt
writing entry points to ../../build/agrobot_detect/agrobot_detect.egg-info/entry_points.txt
writing requirements to ../../build/agrobot_detect/agrobot_detect.egg-info/requires.txt
writing top-level names to ../../build/agrobot_detect/agrobot_detect.egg-info/top_level.txt
reading manifest file '../../build/agrobot_detect/agrobot_detect.egg-info/SOURCES.txt'
adding license file 'LICENSE'
writing manifest file '../../build/agrobot_detect/agrobot_detect.egg-info/SOURCES.txt'
running build
running build_py
copying agrobot_detect/vision_module.py -> /home/agrobot/ros2_ws/build/agrobot_detect/build/lib/agrobot_detect
running install
running install_lib
copying /home/agrobot/ros2_ws/build/agrobot_detect/build/lib/agrobot_detect/vision_module.py -> /home/agrobot/ros2_ws/install/agrobot_detect/lib/python3.12/site-packages/agrobot_detect
byte-compiling /home/agrobot/ros2_ws/install/agrobot_detect/lib/python3.12/site-packages/agrobot_detect/vision_module.py to vision_module.cpython-312.pyc
running install_data
copying data/hsv.db -> /home/agrobot/ros2_ws/install/agrobot_detect/share/agrobot_detect/data
running install_egg_info
removing '/home/agrobot/ros2_ws/install/agrobot_detect/lib/python3.12/site-packages/agrobot_detect-0.0.0-py3.12.egg-info' (and everything under it)
Copying ../../build/agrobot_detect/agrobot_detect.egg-info to /home/agrobot/ros2_ws/install/agrobot_detect/lib/python3.12/site-packages/agrobot_detect-0.0.0-py3.12.egg-info
running install_scripts
Installing beam_break_node script to /home/agrobot/ros2_ws/install/agrobot_detect/lib/agrobot_detect
Installing lcd_display_publisher script to /home/agrobot/ros2_ws/install/agrobot_detect/lib/agrobot_detect
Installing lcd_display_subscriber script to /home/agrobot/ros2_ws/install/agrobot_detect/lib/agrobot_detect
Installing object_detect_publisher script to /home/agrobot/ros2_ws/install/agrobot_detect/lib/agrobot_detect
Installing vision_application_publisher script to /home/agrobot/ros2_ws/install/agrobot_detect/lib/agrobot_detect
Installing vision_application_publisher_toggle script to /home/agrobot/ros2_ws/install/agrobot_detect/lib/agrobot_detect
writing list of installed files to '/home/agrobot/ros2_ws/build/agrobot_detect/install.log'
