[1.148s] Invoking command in '/home/agrobot/ros2_ws/build/agrobot_nav': PYTHONPATH=/home/agrobot/ros2_ws/build/agrobot_nav/prefix_override:/usr/lib/python3/dist-packages/colcon_core/task/python/colcon_distutils_commands:/home/agrobot/ros2_ws/install/agrobot_nav/lib/python3.12/site-packages:/home/agrobot/ros2_ws/install/tutorial_interfaces/lib/python3.12/site-packages:/home/agrobot/ros2_ws/build/agrobot_nav:/home/agrobot/ros2_ws/install/agrobot_nav/lib/python3.12/site-packages:/home/agrobot/ros2_ws/install/basicmicro_ros2/lib/python3.12/site-packages:/home/agrobot/ros2_ws/build/agrobot_fsm:/home/agrobot/ros2_ws/install/agrobot_fsm/lib/python3.12/site-packages:/home/agrobot/ros2_ws/build/agrobot_actuation:/home/agrobot/ros2_ws/install/agrobot_actuation/lib/python3.12/site-packages:/home/agrobot/ros2_ws/install/agrobot_interfaces/lib/python3.12/site-packages:/home/agrobot/ros2_ws/build/agrobot_detect:/home/agrobot/ros2_ws/install/agrobot_detect/lib/python3.12/site-packages:/opt/ros/kilted/lib/python3.12/site-packages /usr/bin/python3 -W ignore:setup.py install is deprecated -W ignore:easy_install command is deprecated setup.py develop --editable --build-directory /home/agrobot/ros2_ws/build/agrobot_nav/build --no-deps symlink_data --force
[1.652s] running develop
[1.871s] running egg_info
[1.892s] writing agrobot_nav.egg-info/PKG-INFO
[1.892s] writing dependency_links to agrobot_nav.egg-info/dependency_links.txt
[1.893s] writing entry points to agrobot_nav.egg-info/entry_points.txt
[1.894s] writing requirements to agrobot_nav.egg-info/requires.txt
[1.895s] writing top-level names to agrobot_nav.egg-info/top_level.txt
[1.940s] reading manifest file 'agrobot_nav.egg-info/SOURCES.txt'
[1.942s] writing manifest file 'agrobot_nav.egg-info/SOURCES.txt'
[1.965s] running build_ext
[1.966s] Creating /home/agrobot/ros2_ws/install/agrobot_nav/lib/python3.12/site-packages/agrobot-nav.egg-link (link to .)
[1.967s] Installing camera script to /home/agrobot/ros2_ws/install/agrobot_nav/lib/agrobot_nav
[1.968s] Installing drive_control script to /home/agrobot/ros2_ws/install/agrobot_nav/lib/agrobot_nav
[1.968s] Installing input script to /home/agrobot/ros2_ws/install/agrobot_nav/lib/agrobot_nav
[1.968s] Installing mini_nav script to /home/agrobot/ros2_ws/install/agrobot_nav/lib/agrobot_nav
[1.968s] Installing nav script to /home/agrobot/ros2_ws/install/agrobot_nav/lib/agrobot_nav
[1.968s] Installing tof_sensor script to /home/agrobot/ros2_ws/install/agrobot_nav/lib/agrobot_nav
[1.969s] 
[1.969s] Installed /home/agrobot/ros2_ws/build/agrobot_nav
[1.969s] running symlink_data
[1.969s] symbolically linking /home/agrobot/ros2_ws/build/agrobot_nav/resource/agrobot_nav -> /home/agrobot/ros2_ws/install/agrobot_nav/share/ament_index/resource_index/packages
[1.969s] symbolically linking /home/agrobot/ros2_ws/build/agrobot_nav/package.xml -> /home/agrobot/ros2_ws/install/agrobot_nav/share/agrobot_nav
[1.969s] symbolically linking /home/agrobot/ros2_ws/build/agrobot_nav/launch/agrobot_launch.py -> /home/agrobot/ros2_ws/install/agrobot_nav/share/agrobot_nav/launch
[1.970s] symbolically linking /home/agrobot/ros2_ws/build/agrobot_nav/launch/mini_agrobot_launch.py -> /home/agrobot/ros2_ws/install/agrobot_nav/share/agrobot_nav/launch
[2.056s] Invoked command in '/home/agrobot/ros2_ws/build/agrobot_nav' returned '0': PYTHONPATH=/home/agrobot/ros2_ws/build/agrobot_nav/prefix_override:/usr/lib/python3/dist-packages/colcon_core/task/python/colcon_distutils_commands:/home/agrobot/ros2_ws/install/agrobot_nav/lib/python3.12/site-packages:/home/agrobot/ros2_ws/install/tutorial_interfaces/lib/python3.12/site-packages:/home/agrobot/ros2_ws/build/agrobot_nav:/home/agrobot/ros2_ws/install/agrobot_nav/lib/python3.12/site-packages:/home/agrobot/ros2_ws/install/basicmicro_ros2/lib/python3.12/site-packages:/home/agrobot/ros2_ws/build/agrobot_fsm:/home/agrobot/ros2_ws/install/agrobot_fsm/lib/python3.12/site-packages:/home/agrobot/ros2_ws/build/agrobot_actuation:/home/agrobot/ros2_ws/install/agrobot_actuation/lib/python3.12/site-packages:/home/agrobot/ros2_ws/install/agrobot_interfaces/lib/python3.12/site-packages:/home/agrobot/ros2_ws/build/agrobot_detect:/home/agrobot/ros2_ws/install/agrobot_detect/lib/python3.12/site-packages:/opt/ros/kilted/lib/python3.12/site-packages /usr/bin/python3 -W ignore:setup.py install is deprecated -W ignore:easy_install command is deprecated setup.py develop --editable --build-directory /home/agrobot/ros2_ws/build/agrobot_nav/build --no-deps symlink_data --force
