[0.998s] Invoking command in '/home/agrobot/ros2_ws/src/py_pubsub': PYTHONPATH=/home/agrobot/ros2_ws/build/py_pubsub/prefix_override:/usr/lib/python3/dist-packages/colcon_core/task/python/colcon_distutils_commands:/home/agrobot/ros2_ws/install/py_pubsub/lib/python3.12/site-packages:${PYTHONPATH} /usr/bin/python3 -W ignore:setup.py install is deprecated -W ignore:easy_install command is deprecated setup.py egg_info --egg-base ../../build/py_pubsub build --build-base /home/agrobot/ros2_ws/build/py_pubsub/build install --record /home/agrobot/ros2_ws/build/py_pubsub/install.log --single-version-externally-managed install_data
[1.296s] running egg_info
[1.315s] writing ../../build/py_pubsub/py_pubsub.egg-info/PKG-INFO
[1.315s] writing dependency_links to ../../build/py_pubsub/py_pubsub.egg-info/dependency_links.txt
[1.317s] writing entry points to ../../build/py_pubsub/py_pubsub.egg-info/entry_points.txt
[1.317s] writing requirements to ../../build/py_pubsub/py_pubsub.egg-info/requires.txt
[1.318s] writing top-level names to ../../build/py_pubsub/py_pubsub.egg-info/top_level.txt
[1.358s] reading manifest file '../../build/py_pubsub/py_pubsub.egg-info/SOURCES.txt'
[1.358s] adding license file 'LICENSE'
[1.359s] writing manifest file '../../build/py_pubsub/py_pubsub.egg-info/SOURCES.txt'
[1.359s] running build
[1.359s] running build_py
[1.360s] copying py_pubsub/subscriber_member_function.py -> /home/agrobot/ros2_ws/build/py_pubsub/build/lib/py_pubsub
[1.360s] copying py_pubsub/publisher_member_function.py -> /home/agrobot/ros2_ws/build/py_pubsub/build/lib/py_pubsub
[1.360s] running install
[1.370s] running install_lib
[1.389s] copying /home/agrobot/ros2_ws/build/py_pubsub/build/lib/py_pubsub/subscriber_member_function.py -> /home/agrobot/ros2_ws/install/py_pubsub/lib/python3.12/site-packages/py_pubsub
[1.389s] copying /home/agrobot/ros2_ws/build/py_pubsub/build/lib/py_pubsub/publisher_member_function.py -> /home/agrobot/ros2_ws/install/py_pubsub/lib/python3.12/site-packages/py_pubsub
[1.390s] byte-compiling /home/agrobot/ros2_ws/install/py_pubsub/lib/python3.12/site-packages/py_pubsub/subscriber_member_function.py to subscriber_member_function.cpython-312.pyc
[1.391s] byte-compiling /home/agrobot/ros2_ws/install/py_pubsub/lib/python3.12/site-packages/py_pubsub/publisher_member_function.py to publisher_member_function.cpython-312.pyc
[1.392s] running install_data
[1.392s] running install_egg_info
[1.413s] removing '/home/agrobot/ros2_ws/install/py_pubsub/lib/python3.12/site-packages/py_pubsub-0.0.0-py3.12.egg-info' (and everything under it)
[1.413s] Copying ../../build/py_pubsub/py_pubsub.egg-info to /home/agrobot/ros2_ws/install/py_pubsub/lib/python3.12/site-packages/py_pubsub-0.0.0-py3.12.egg-info
[1.414s] running install_scripts
[1.553s] Installing drive_control script to /home/agrobot/ros2_ws/install/py_pubsub/lib/py_pubsub
[1.553s] Installing input script to /home/agrobot/ros2_ws/install/py_pubsub/lib/py_pubsub
[1.555s] writing list of installed files to '/home/agrobot/ros2_ws/build/py_pubsub/install.log'
[1.631s] Invoked command in '/home/agrobot/ros2_ws/src/py_pubsub' returned '0': PYTHONPATH=/home/agrobot/ros2_ws/build/py_pubsub/prefix_override:/usr/lib/python3/dist-packages/colcon_core/task/python/colcon_distutils_commands:/home/agrobot/ros2_ws/install/py_pubsub/lib/python3.12/site-packages:${PYTHONPATH} /usr/bin/python3 -W ignore:setup.py install is deprecated -W ignore:easy_install command is deprecated setup.py egg_info --egg-base ../../build/py_pubsub build --build-base /home/agrobot/ros2_ws/build/py_pubsub/build install --record /home/agrobot/ros2_ws/build/py_pubsub/install.log --single-version-externally-managed install_data
